******************************************************************************
                  TI ARM Linker PC v5.2.7                      
******************************************************************************
>> Linked Sun Jul 17 23:15:12 2016

OUTPUT FILE NAME:   <triple_display_dual_scale.out>
ENTRY POINT SYMBOL: "_c_int00"  address: 00003add


MEMORY CONFIGURATION

         name            origin    length      used     unused   attr    fill
----------------------  --------  ---------  --------  --------  ----  --------
  FLASH                 00000000   00040000  00004820  0003b7e0  R  X
  SRAM                  20000000   00008000  00000a4d  000075b3  RW X


SEGMENT ALLOCATION MAP

run origin  load origin   length   init length attrs members
----------  ----------- ---------- ----------- ----- -------
00000000    00000000    00004820   00004820    r-x
  00000000    00000000    0000026c   0000026c    r-- .intvecs
  0000026c    0000026c    00003dec   00003dec    r-x .text
  00004058    00004058    0000065c   0000065c    r-- .const
  000046b4    000046b4    00000004   00000004    r-- .init_array
  000046b8    000046b8    00000168   00000168    r-- .cinit
20000000    20000000    00000a50   00000000    rw-
  20000000    20000000    000006b9   00000000    rw- .bss
  200006bc    200006bc    00000200   00000000    rw- .stack
  200008bc    200008bc    0000018c   00000000    rw- .data
  20000a48    20000a48    00000008   00000000    rw- .sysmem


SECTION ALLOCATION MAP

 output                                  attributes/
section   page    origin      length       input sections
--------  ----  ----------  ----------   ----------------
.intvecs   0    00000000    0000026c     
                  00000000    0000026c     tm4c123gh6pm_startup_ccs.obj (.intvecs)

.text      0    0000026c    00003dec     
                  0000026c    00000c84     tiva_utils.lib : ustdlib.obj (.text)
                  00000ef0    00000860                    : uartstdio.obj (.text)
                  00001750    00000564     primary_activity.obj (.text)
                  00001cb4    00000558     aeo1_drivers.lib : ssi_peripheral.obj (.text)
                  0000220c    000003dc     rtsv7M4_T_le_v4SPD16_eabi.lib : memory.obj (.text)
                  000025e8    0000032c     aeo1_drivers.lib : ssi_drv8711.obj (.text)
                  00002914    000002c4                      : qei_sensor.obj (.text)
                  00002bd8    00000238                      : ssi_max7219.obj (.text)
                  00002e10    00000200     main.obj (.text)
                  00003010    000001bc     commands.obj (.text)
                  000031cc    00000132     driverlib.lib : gpio.obj (.text:GPIOPadConfigSet)
                  000032fe    00000002     rtsv7M4_T_le_v4SPD16_eabi.lib : i_div0.obj (.text)
                  00003300    00000110     driverlib.lib : sysctl.obj (.text:SysCtlClockGet)
                  00003410    000000f4                   : sysctl.obj (.text:SysCtlClockSet)
                  00003504    000000f4     rtsv7M4_T_le_v4SPD16_eabi.lib : dtor_list.obj (.text)
                  000035f8    000000bc                                   : typeinfo_.obj (.text)
                  000036b4    000000ac     tiva_utils.lib : cmdline.obj (.text)
                  00003760    0000009c     rtsv7M4_T_le_v4SPD16_eabi.lib : memcpy_t2.obj (.text)
                  000037fc    0000007a                                   : memset_t2.obj (.text)
                  00003876    00000002     --HOLE-- [fill = 0]
                  00003878    0000006c                                   : autoinit.obj (.text)
                  000038e4    0000006a                                   : copy_decompress_rle.obj (.text)
                  0000394e    00000002     --HOLE-- [fill = 0]
                  00003950    00000068     driverlib.lib : interrupt.obj (.text:IntDisable)
                  000039b8    00000068                   : interrupt.obj (.text:IntEnable)
                  00003a20    00000064     aeo1_drivers.lib : alpha7segment.obj (.text)
                  00003a84    00000056     driverlib.lib : gpio.obj (.text:GPIOIntTypeSet)
                  00003ada    00000002     --HOLE-- [fill = 0]
                  00003adc    00000050     rtsv7M4_T_le_v4SPD16_eabi.lib : boot.obj (.text)
                  00003b2c    0000004c                                   : cpy_tbl.obj (.text)
                  00003b78    00000048     driverlib.lib : gpio.obj (.text:GPIOPinConfigure)
                  00003bc0    00000046                   : uart.obj (.text:UARTConfigSetExpClk)
                  00003c06    00000002     --HOLE-- [fill = 0]
                  00003c08    00000044     rtsv7M4_T_le_v4SPD16_eabi.lib : exit.obj (.text)
                  00003c4c    00000040                                   : u_divt2.obj (.text)
                  00003c8c    0000003c     driverlib.lib : ssi.obj (.text:SSIConfigSetExpClk)
                  00003cc8    00000038                   : sysctl.obj (.text:SysCtlPeripheralPresent)
                  00003d00    00000034                   : sysctl.obj (.text:SysCtlPeripheralEnable)
                  00003d34    0000002a                   : gpio.obj (.text:GPIODirModeSet)
                  00003d5e    00000002     --HOLE-- [fill = 0]
                  00003d60    00000020                   : uart.obj (.text:UARTDisable)
                  00003d80    0000001e     commands.obj (.text:_ZN16primary_activity5TraceEv)
                  00003d9e    00000018     driverlib.lib : gpio.obj (.text:GPIOPinTypeGPIOOutput)
                  00003db6    00000002     --HOLE-- [fill = 0]
                  00003db8    00000018     rtsv7M4_T_le_v4SPD16_eabi.lib : args_main.obj (.text)
                  00003dd0    00000018                                   : strcmp.obj (.text)
                  00003de8    00000014     driverlib.lib : fpu.obj (.text:FPUStackingEnable)
                  00003dfc    00000014                   : systick.obj (.text:SysTickEnable)
                  00003e10    00000014                   : systick.obj (.text:SysTickIntEnable)
                  00003e24    00000014                   : uart.obj (.text:UARTEnable)
                  00003e38    00000014     rtsv7M4_T_le_v4SPD16_eabi.lib : _lock.obj (.text)
                  00003e4c    00000012     driverlib.lib : gpio.obj (.text:GPIOPinTypeGPIOInput)
                  00003e5e    00000012                   : gpio.obj (.text:GPIOPinTypeQEI)
                  00003e70    00000012                   : gpio.obj (.text:GPIOPinTypeSSI)
                  00003e82    00000012                   : gpio.obj (.text:GPIOPinTypeUART)
                  00003e94    00000012                   : ssi.obj (.text:SSIDataGetNonBlocking)
                  00003ea6    00000002     --HOLE-- [fill = 0]
                  00003ea8    00000010                   : fpu.obj (.text:FPUEnable)
                  00003eb8    00000010                   : interrupt.obj (.text:IntMasterDisable)
                  00003ec8    00000010                   : interrupt.obj (.text:IntMasterEnable)
                  00003ed8    00000010                   : systick.obj (.text:SysTickPeriodSet)
                  00003ee8    0000000e                   : qei.obj (.text:QEIConfigure)
                  00003ef6    0000000e                   : ssi.obj (.text:SSIDataPutNonBlocking)
                  00003f04    0000000e                   : uart.obj (.text:UARTCharGetNonBlocking)
                  00003f12    0000000e                   : uart.obj (.text:UARTCharPutNonBlocking)
                  00003f20    0000000e                   : uart.obj (.text:UARTCharsAvail)
                  00003f2e    0000000e                   : uart.obj (.text:UARTSpaceAvail)
                  00003f3c    0000000e     rtsv7M4_T_le_v4SPD16_eabi.lib : copy_decompress_none.obj (.text:decompress:none)
                  00003f4a    0000000c     driverlib.lib : cpu.obj (.text:CPUcpsid)
                  00003f56    0000000c                   : cpu.obj (.text:CPUcpsie)
                  00003f62    0000000c                   : gpio.obj (.text:GPIOIntEnable)
                  00003f6e    0000000c                   : ssi.obj (.text:SSIDataGet)
                  00003f7a    0000000c     aeo1_drivers.lib : ssi_max7219.obj (.text:_ZN4aeo111ssi_max72194OnTxEv)
                  00003f86    0000000c     rtsv7M4_T_le_v4SPD16_eabi.lib : copy_zero_init.obj (.text:decompress:ZI)
                  00003f92    0000000c     tm4c123gh6pm_startup_ccs.obj (.text)
                  00003f9e    0000000a     driverlib.lib : qei.obj (.text:QEIEnable)
                  00003fa8    0000000a                   : ssi.obj (.text:SSIDataPut)
                  00003fb2    0000000a                   : ssi.obj (.text:SSIDisable)
                  00003fbc    0000000a                   : ssi.obj (.text:SSIEnable)
                  00003fc6    0000000a                   : ssi.obj (.text:SSIIntDisable)
                  00003fd0    0000000a                   : ssi.obj (.text:SSIIntStatus)
                  00003fda    0000000a                   : uart.obj (.text:UARTIntDisable)
                  00003fe4    0000000a                   : uart.obj (.text:UARTIntStatus)
                  00003fee    0000000a     aeo1_drivers.lib : ssi_drv8711.obj (.text:_ZN4aeo114ssi_peripheral4OnRxEv)
                  00003ff8    0000000a                      : ssi_drv8711.obj (.text:_ZN4aeo114ssi_peripheral4OnTxEv)
                  00004002    00000008     driverlib.lib : ssi.obj (.text:SSIIntEnable)
                  0000400a    00000008                   : uart.obj (.text:UARTIntEnable)
                  00004012    00000008     rtsv7M4_T_le_v4SPD16_eabi.lib : delete.obj (.text)
                  0000401a    00000006     driverlib.lib : gpio.obj (.text:GPIOIntClear)
                  00004020    00000006                   : gpio.obj (.text:GPIOPinRead)
                  00004026    00000006                   : gpio.obj (.text:GPIOPinWrite)
                  0000402c    00000006                   : sysctl.obj (.text:SysCtlDelay)
                  00004032    00000006                   : uart.obj (.text:UARTClockSourceSet)
                  00004038    00000006                   : uart.obj (.text:UARTFIFOLevelSet)
                  0000403e    00000006     rtsv7M4_T_le_v4SPD16_eabi.lib : copy_decompress_rle.obj (.text:decompress:rle24)
                  00004044    00000004     driverlib.lib : qei.obj (.text:QEIPositionGet)
                  00004048    00000004                   : qei.obj (.text:QEIPositionSet)
                  0000404c    00000004                   : ssi.obj (.text:SSIIntClear)
                  00004050    00000004                   : uart.obj (.text:UARTIntClear)
                  00004054    00000004     rtsv7M4_T_le_v4SPD16_eabi.lib : pre_init.obj (.text)

.const     0    00004058    0000065c     
                  00004058    000000e6     commands.obj (.const:.string)
                  0000413e    00000002     rtsv7M4_T_le_v4SPD16_eabi.lib : typeinfo_.obj (.const:.typeinfo:_ZTSe)
                  00004140    00000090     driverlib.lib : gpio.obj (.const:g_pui32GPIOBaseAddrs)
                  000041d0    0000008e     aeo1_drivers.lib : alpha7segment.obj (.const:_ZN4aeo119alpha7segment_tableE)
                  0000425e    00000002     --HOLE-- [fill = 0]
                  00004260    00000070     driverlib.lib : interrupt.obj (.const)
                  000042d0    0000006c                   : sysctl.obj (.const:g_pui32Xtals)
                  0000433c    00000040     aeo1_drivers.lib : ssi_max7219.obj (.const:_ZN4aeo119RegisterSet_DefaultE)
                  0000437c    00000030     tiva_utils.lib : ustdlib.obj (.const:g_psDaysToMonth)
                  000043ac    00000028     rtsv7M4_T_le_v4SPD16_eabi.lib : typeinfo_.obj (.const:.typeinfo:_ZTSN10__cxxabiv123__fundamental_type_infoE)
                  000043d4    00000028     aeo1_drivers.lib : ssi_drv8711.obj (.const:_ZTVN4aeo111ssi_drv8711E)
                  000043fc    00000028                      : ssi_max7219.obj (.const:_ZTVN4aeo111ssi_max7219E)
                  00004424    00000028                      : ssi_peripheral.obj (.const:_ZTVN4aeo114ssi_peripheralE)
                  0000444c    00000028     tiva_utils.lib : uartstdio.obj (.const)
                  00004474    00000025     rtsv7M4_T_le_v4SPD16_eabi.lib : typeinfo_.obj (.const:.typeinfo:_ZTSN10__cxxabiv120__si_class_type_infoE)
                  00004499    00000024                                   : typeinfo_.obj (.const:.typeinfo:_ZTSN10__cxxabiv119__pointer_type_infoE)
                  000044bd    00000022                                   : typeinfo_.obj (.const:.typeinfo:_ZTSN10__cxxabiv117__class_type_infoE)
                  000044df    00000022                                   : typeinfo_.obj (.const:.typeinfo:_ZTSN10__cxxabiv117__pbase_type_infoE)
                  00004501    00000003     --HOLE-- [fill = 0]
                  00004504    0000001c     tiva_utils.lib : ustdlib.obj (.const)
                  00004520    00000018     aeo1_drivers.lib : ssi_peripheral.obj (.const:.typeinfo:_ZTSN4aeo114ssi_peripheralE)
                  00004538    00000015                      : ssi_drv8711.obj (.const:.typeinfo:_ZTSN4aeo111ssi_drv8711E)
                  0000454d    00000015                      : ssi_max7219.obj (.const:.typeinfo:_ZTSN4aeo111ssi_max7219E)
                  00004562    00000014                      : qei_sensor.obj (.const:.typeinfo:_ZTSN4aeo110qei_sensorE)
                  00004576    00000013     primary_activity.obj (.const:.typeinfo:_ZTS16primary_activity)
                  00004589    00000003     --HOLE-- [fill = 0]
                  0000458c    00000012     tiva_utils.lib : uartstdio.obj (.const:.string)
                  0000459e    00000002     --HOLE-- [fill = 0]
                  000045a0    00000012                    : ustdlib.obj (.const:.string)
                  000045b2    00000002     --HOLE-- [fill = 0]
                  000045b4    00000010     rtsv7M4_T_le_v4SPD16_eabi.lib : typeinfo_.obj (.const:.typeinfo:_ZTIPKe)
                  000045c4    00000010     primary_activity.obj (.const:_ZTV16primary_activity)
                  000045d4    00000010     rtsv7M4_T_le_v4SPD16_eabi.lib : typeinfo_.obj (.const:_ZTVN10__cxxabiv117__class_type_infoE)
                  000045e4    00000010                                   : typeinfo_.obj (.const:_ZTVN10__cxxabiv119__pointer_type_infoE)
                  000045f4    00000010                                   : typeinfo_.obj (.const:_ZTVN10__cxxabiv120__si_class_type_infoE)
                  00004604    00000010                                   : typeinfo_.obj (.const:_ZTVN10__cxxabiv123__fundamental_type_infoE)
                  00004614    00000010     aeo1_drivers.lib : qei_sensor.obj (.const:_ZTVN4aeo110qei_sensorE)
                  00004624    0000000d     rtsv7M4_T_le_v4SPD16_eabi.lib : typeinfo_.obj (.const:.typeinfo:_ZTSSt9type_info)
                  00004631    00000003     --HOLE-- [fill = 0]
                  00004634    0000000c                                   : typeinfo_.obj (.const:.typeinfo:_ZTIN10__cxxabiv117__class_type_infoE)
                  00004640    0000000c                                   : typeinfo_.obj (.const:.typeinfo:_ZTIN10__cxxabiv117__pbase_type_infoE)
                  0000464c    0000000c                                   : typeinfo_.obj (.const:.typeinfo:_ZTIN10__cxxabiv119__pointer_type_infoE)
                  00004658    0000000c                                   : typeinfo_.obj (.const:.typeinfo:_ZTIN10__cxxabiv120__si_class_type_infoE)
                  00004664    0000000c                                   : typeinfo_.obj (.const:.typeinfo:_ZTIN10__cxxabiv123__fundamental_type_infoE)
                  00004670    0000000c     aeo1_drivers.lib : ssi_drv8711.obj (.const:.typeinfo:_ZTIN4aeo111ssi_drv8711E)
                  0000467c    0000000c                      : ssi_max7219.obj (.const:.typeinfo:_ZTIN4aeo111ssi_max7219E)
                  00004688    00000008     primary_activity.obj (.const:.typeinfo:_ZTI16primary_activity)
                  00004690    00000008     aeo1_drivers.lib : qei_sensor.obj (.const:.typeinfo:_ZTIN4aeo110qei_sensorE)
                  00004698    00000008                      : ssi_peripheral.obj (.const:.typeinfo:_ZTIN4aeo114ssi_peripheralE)
                  000046a0    00000008     rtsv7M4_T_le_v4SPD16_eabi.lib : typeinfo_.obj (.const:.typeinfo:_ZTISt9type_info)
                  000046a8    00000008                                   : typeinfo_.obj (.const:.typeinfo:_ZTIe)
                  000046b0    00000004                                   : typeinfo_.obj (.const:.typeinfo:_ZTSPKe)

.init_array 
*          0    000046b4    00000004     
                  000046b4    00000004     main.obj (.init_array)

.cinit     0    000046b8    00000168     
                  000046b8    00000140     (.cinit..data.load) [load image, compression = rle]
                  000047f8    0000000c     (__TI_handler_table)
                  00004804    00000004     --HOLE-- [fill = 0]
                  00004808    00000008     (.cinit..bss.load) [load image, compression = zero_init]
                  00004810    00000010     (__TI_cinit_table)

.bss       0    20000000    000006b9     UNINITIALIZED
                  20000000    00000400     tiva_utils.lib : uartstdio.obj (.bss:g_pcUARTTxBuffer)
                  20000400    00000188     main.obj (.bss:g_oPrimaryActivity)
                  20000588    00000080     tiva_utils.lib : uartstdio.obj (.bss:g_pcUARTRxBuffer)
                  20000608    00000080     main.obj (.bss:g_zInput)
                  20000688    00000024     tiva_utils.lib : cmdline.obj (.bss:g_ppcArgv)
                  200006ac    00000004     (.common:_ZSt16__dummy_typeinfo)
                  200006b0    00000004     (.common:__dso_handle)
                  200006b4    00000004     (.common:g_ui32PortNum)
                  200006b8    00000001     (.common:g_bDisableEcho)

.TI.noinit 
*          0    20000000    00000000     UNINITIALIZED

.stack     0    200006bc    00000200     UNINITIALIZED
                  200006bc    00000200     --HOLE--

.data      0    200008bc    0000018c     UNINITIALIZED
                  200008bc    00000060     commands.obj (.data:g_psCmdTable)
                  2000091c    00000034     aeo1_drivers.lib : ssi_peripheral.obj (.data:_ZN4aeo118SSI0_SpecificationE)
                  20000950    00000034                      : ssi_peripheral.obj (.data:_ZN4aeo118SSI1_SpecificationE)
                  20000984    00000034                      : ssi_peripheral.obj (.data:_ZN4aeo118SSI2_SpecificationE)
                  200009b8    00000034                      : ssi_peripheral.obj (.data:_ZN4aeo118SSI3_SpecificationE)
                  200009ec    00000015     tiva_utils.lib : uartstdio.obj (.data)
                  20000a01    00000003     --HOLE--
                  20000a04    00000010     aeo1_drivers.lib : ssi_peripheral.obj (.data)
                  20000a14    0000000c     rtsv7M4_T_le_v4SPD16_eabi.lib : memory.obj (.data)
                  20000a20    00000008     primary_activity.obj (.data)
                  20000a28    00000008     rtsv7M4_T_le_v4SPD16_eabi.lib : _lock.obj (.data)
                  20000a30    00000008                                   : exit.obj (.data)
                  20000a38    00000004     aeo1_drivers.lib : ssi_drv8711.obj (.data)
                  20000a3c    00000004     rtsv7M4_T_le_v4SPD16_eabi.lib : dtor_list.obj (.data)
                  20000a40    00000004                                   : stkdepth_vars.obj (.data)
                  20000a44    00000004     tiva_utils.lib : ustdlib.obj (.data)

.TI.persistent 
*          0    200008bc    00000000     UNINITIALIZED

.sysmem    0    20000a48    00000008     UNINITIALIZED
                  20000a48    00000008     rtsv7M4_T_le_v4SPD16_eabi.lib : memory.obj (.sysmem)


LINKER GENERATED COPY TABLES

__TI_cinit_table @ 00004810 records: 2, size/record: 8, table size: 16
	.data: load addr=000046b8, load size=00000140 bytes, run addr=200008bc, run size=0000018c bytes, compression=rle
	.bss: load addr=00004808, load size=00000008 bytes, run addr=20000000, run size=000006b9 bytes, compression=zero_init


LINKER GENERATED HANDLER TABLE

__TI_handler_table @ 000047f8 records: 3, size/record: 4, table size: 12
	index: 0, handler: __TI_decompress_rle24
	index: 1, handler: __TI_decompress_none
	index: 2, handler: __TI_zero_init


GLOBAL SYMBOLS: SORTED ALPHABETICALLY BY Name 

address   name                                                      
-------   ----                                                      
00003c09  C$$EXIT                                                   
00003f4b  CPUcpsid                                                  
00003f57  CPUcpsie                                                  
000036b5  CmdLineProcess                                            
00003ea9  FPUEnable                                                 
00003de9  FPUStackingEnable                                         
00003d35  GPIODirModeSet                                            
0000401b  GPIOIntClear                                              
00003f63  GPIOIntEnable                                             
00003a85  GPIOIntTypeSet                                            
000031cd  GPIOPadConfigSet                                          
00003b79  GPIOPinConfigure                                          
00004021  GPIOPinRead                                               
00003e4d  GPIOPinTypeGPIOInput                                      
00003d9f  GPIOPinTypeGPIOOutput                                     
00003e5f  GPIOPinTypeQEI                                            
00003e71  GPIOPinTypeSSI                                            
00003e83  GPIOPinTypeUART                                           
00004027  GPIOPinWrite                                              
00003951  IntDisable                                                
000039b9  IntEnable                                                 
00003eb9  IntMasterDisable                                          
00003ec9  IntMasterEnable                                           
000025e9  OnGPIOBInterrupt                                          
00002605  OnGPIOEInterrupt                                          
00001cb5  OnSSI0Interrupt                                           
00001ccf  OnSSI1Interrupt                                           
00001ce9  OnSSI2Interrupt                                           
00001d03  OnSSI3Interrupt                                           
00003ee9  QEIConfigure                                              
00003f9f  QEIEnable                                                 
00004045  QEIPositionGet                                            
00004049  QEIPositionSet                                            
00003f93  ResetISR                                                  
000046b4  SHT$$INIT_ARRAY$$Base                                     
000046b8  SHT$$INIT_ARRAY$$Limit                                    
00003c8d  SSIConfigSetExpClk                                        
00003f6f  SSIDataGet                                                
00003e95  SSIDataGetNonBlocking                                     
00003fa9  SSIDataPut                                                
00003ef7  SSIDataPutNonBlocking                                     
00003fb3  SSIDisable                                                
00003fbd  SSIEnable                                                 
0000404d  SSIIntClear                                               
00003fc7  SSIIntDisable                                             
00004003  SSIIntEnable                                              
00003fd1  SSIIntStatus                                              
00003301  SysCtlClockGet                                            
00003411  SysCtlClockSet                                            
0000402d  SysCtlDelay                                               
00003d01  SysCtlPeripheralEnable                                    
00003cc9  SysCtlPeripheralPresent                                   
00003dfd  SysTickEnable                                             
00003e11  SysTickIntEnable                                          
00002e11  SysTickIntHandler                                         
00003ed9  SysTickPeriodSet                                          
00003f05  UARTCharGetNonBlocking                                    
00003f13  UARTCharPutNonBlocking                                    
00003f21  UARTCharsAvail                                            
00004033  UARTClockSourceSet                                        
00003bc1  UARTConfigSetExpClk                                       
00003d61  UARTDisable                                               
000015c9  UARTEchoSet                                               
00003e25  UARTEnable                                                
00004039  UARTFIFOLevelSet                                          
00001573  UARTFlushRx                                               
00001593  UARTFlushTx                                               
00004051  UARTIntClear                                              
00003fdb  UARTIntDisable                                            
0000400b  UARTIntEnable                                             
00003fe5  UARTIntStatus                                             
00001519  UARTPeek                                                  
000014f7  UARTRxBytesAvail                                          
00003f2f  UARTSpaceAvail                                            
00000fdd  UARTStdioConfig                                           
000015f5  UARTStdioIntHandler                                       
00001505  UARTTxBytesFree                                           
0000117f  UARTgetc                                                  
00001103  UARTgets                                                  
000014d3  UARTprintf                                                
000011d9  UARTvprintf                                               
00001063  UARTwrite                                                 
0000311b  _Z10CMD_intensiPPc                                        
00002f2f  _Z16PrintProgramInfov                                     
00003061  _Z7CMD_setiPPc                                            
00003141  _Z7CMD_veriPPc                                            
000030eb  _Z8CMD_diagiPPc                                           
00003011  _Z8CMD_helpiPPc                                           
000030fb  _Z8CMD_infoiPPc                                           
0000310b  _Z9CMD_traceiPPc                                          
000036a5  _ZN10__cxxabiv116__enum_type_infoD0Ev                     
000036a3  _ZN10__cxxabiv116__enum_type_infoD1Ev                     
000036a3  _ZN10__cxxabiv116__enum_type_infoD2Ev                     
0000369b  _ZN10__cxxabiv117__array_type_infoD0Ev                    
00003699  _ZN10__cxxabiv117__array_type_infoD1Ev                    
00003699  _ZN10__cxxabiv117__array_type_infoD2Ev                    
00003691  _ZN10__cxxabiv117__class_type_infoD0Ev                    
0000368f  _ZN10__cxxabiv117__class_type_infoD1Ev                    
0000368f  _ZN10__cxxabiv117__class_type_infoD2Ev                    
00003687  _ZN10__cxxabiv117__pbase_type_infoD0Ev                    
00003685  _ZN10__cxxabiv117__pbase_type_infoD1Ev                    
00003685  _ZN10__cxxabiv117__pbase_type_infoD2Ev                    
0000367d  _ZN10__cxxabiv119__pointer_type_infoD0Ev                  
0000367b  _ZN10__cxxabiv119__pointer_type_infoD1Ev                  
0000367b  _ZN10__cxxabiv119__pointer_type_infoD2Ev                  
00003673  _ZN10__cxxabiv120__function_type_infoD0Ev                 
00003671  _ZN10__cxxabiv120__function_type_infoD1Ev                 
00003671  _ZN10__cxxabiv120__function_type_infoD2Ev                 
00003669  _ZN10__cxxabiv120__si_class_type_infoD0Ev                 
00003667  _ZN10__cxxabiv120__si_class_type_infoD1Ev                 
00003667  _ZN10__cxxabiv120__si_class_type_infoD2Ev                 
0000365f  _ZN10__cxxabiv121__vmi_class_type_infoD0Ev                
0000365d  _ZN10__cxxabiv121__vmi_class_type_infoD1Ev                
0000365d  _ZN10__cxxabiv121__vmi_class_type_infoD2Ev                
00003655  _ZN10__cxxabiv123__fundamental_type_infoD0Ev              
00003653  _ZN10__cxxabiv123__fundamental_type_infoD1Ev              
00003653  _ZN10__cxxabiv123__fundamental_type_infoD2Ev              
0000364b  _ZN10__cxxabiv129__pointer_to_member_type_infoD0Ev        
00003649  _ZN10__cxxabiv129__pointer_to_member_type_infoD1Ev        
00003649  _ZN10__cxxabiv129__pointer_to_member_type_infoD2Ev        
000018bd  _ZN16primary_activity10InitializeEv                       
00001995  _ZN16primary_activity4DiagEv                              
000019e9  _ZN16primary_activity4InfoEv                              
00001a7f  _ZN16primary_activity4SetXEi                              
00001aa3  _ZN16primary_activity4SetYEi                              
00001ac7  _ZN16primary_activity4SetZEi                              
00003d81  _ZN16primary_activity5TraceEv                             
000018f3  _ZN16primary_activity6OnTickEv                            
00001b19  _ZN16primary_activity7OnTraceEv                           
00001b05  _ZN16primary_activity8DecimalsEi                          
00001adf  _ZN16primary_activity9IntensityEi                         
000017fb  _ZN16primary_activityC1Ev                                 
000017fb  _ZN16primary_activityC2Ev                                 
000018a7  _ZN16primary_activityD0Ev                                 
00001873  _ZN16primary_activityD1Ev                                 
00001873  _ZN16primary_activityD2Ev                                 
00002971  _ZN4aeo110qei_sensor10InitializeEv                        
0000299b  _ZN4aeo110qei_sensor3GetEv                                
00002a01  _ZN4aeo110qei_sensor3SetEi                                
00002a37  _ZN4aeo110qei_sensor4DiagEv                               
00002a27  _ZN4aeo110qei_sensor4ZeroEv                               
000029c3  _ZN4aeo110qei_sensor8GetIndexEv                           
00002915  _ZN4aeo110qei_sensorC1ENS0_9device_idENS0_13configurationE
00002915  _ZN4aeo110qei_sensorC2ENS0_9device_idENS0_13configurationE
0000295b  _ZN4aeo110qei_sensorD0Ev                                  
0000294f  _ZN4aeo110qei_sensorD1Ev                                  
0000294f  _ZN4aeo110qei_sensorD2Ev                                  
0000267b  _ZN4aeo111ssi_drv871110InitializeEv                       
000028a9  _ZN4aeo111ssi_drv871111GetRegisterEj                      
000027bd  _ZN4aeo111ssi_drv871115OnGpioInterruptENS0_5EventE        
00002751  _ZN4aeo111ssi_drv87114DiagEv                              
000027f5  _ZN4aeo111ssi_drv87114ReadEj                              
0000278f  _ZN4aeo111ssi_drv87115ResetEv                             
00002771  _ZN4aeo111ssi_drv87115SleepEb                             
00002857  _ZN4aeo111ssi_drv87115WriteEjj                            
00002621  _ZN4aeo111ssi_drv8711C1Ev                                 
00002621  _ZN4aeo111ssi_drv8711C2Ev                                 
00002665  _ZN4aeo111ssi_drv8711D0Ev                                 
00002657  _ZN4aeo111ssi_drv8711D1Ev                                 
00002657  _ZN4aeo111ssi_drv8711D2Ev                                 
00002c21  _ZN4aeo111ssi_max721910InitializeEv                       
00002d27  _ZN4aeo111ssi_max72193SetEPKc                             
00002c63  _ZN4aeo111ssi_max72193SetEii                              
00002c51  _ZN4aeo111ssi_max72194DiagEv                              
00003f7b  _ZN4aeo111ssi_max72194OnTxEv                              
00002db3  _ZN4aeo111ssi_max72199IntensityEi                         
00002bd9  _ZN4aeo111ssi_max7219C1ENS_14ssi_peripheral9device_idE    
00002bd9  _ZN4aeo111ssi_max7219C2ENS_14ssi_peripheral9device_idE    
00002c0b  _ZN4aeo111ssi_max7219D0Ev                                 
00002bfd  _ZN4aeo111ssi_max7219D1Ev                                 
00002bfd  _ZN4aeo111ssi_max7219D2Ev                                 
00003a21  _ZN4aeo113Alpha7SegmentEc                                 
00001de9  _ZN4aeo114ssi_peripheral10InitializeEv                    
000020e7  _ZN4aeo114ssi_peripheral10LoadTxFIFOEv                    
00001f35  _ZN4aeo114ssi_peripheral11OnInterruptEv                   
0000211d  _ZN4aeo114ssi_peripheral12UnloadRxFIFOEv                  
000020cf  _ZN4aeo114ssi_peripheral3GetEv                            
000020bb  _ZN4aeo114ssi_peripheral3PutEj                            
00001fd1  _ZN4aeo114ssi_peripheral4DiagEv                           
00003fef  _ZN4aeo114ssi_peripheral4OnRxEv                           
00003ff9  _ZN4aeo114ssi_peripheral4OnTxEv                           
0000205f  _ZN4aeo114ssi_peripheral9TerminateEv                      
00001d1d  _ZN4aeo114ssi_peripheralC1ENS0_9device_idEjjb             
00001d1d  _ZN4aeo114ssi_peripheralC2ENS0_9device_idEjjb             
00001dd3  _ZN4aeo114ssi_peripheralD0Ev                              
00001dbf  _ZN4aeo114ssi_peripheralD1Ev                              
00001dbf  _ZN4aeo114ssi_peripheralD2Ev                              
2000091c  _ZN4aeo118SSI0_SpecificationE                             
20000950  _ZN4aeo118SSI1_SpecificationE                             
20000984  _ZN4aeo118SSI2_SpecificationE                             
200009b8  _ZN4aeo118SSI3_SpecificationE                             
00001b81  _ZNK16primary_activity11CheckInputsERibb                  
0000360b  _ZNKSt9type_info4nameEv                                   
0000363b  _ZNKSt9type_info6beforeERKS_                              
00003625  _ZNKSt9type_infoeqERKS_                                   
0000360f  _ZNKSt9type_infoneERKS_                                   
00003603  _ZNSt9type_infoD0Ev                                       
00003601  _ZNSt9type_infoD1Ev                                       
00003601  _ZNSt9type_infoD2Ev                                       
200006ac  _ZSt16__dummy_typeinfo                                    
000035f9  _ZSt21__gen_dummy_typeinfosv                              
00004688  _ZTI16primary_activity                                    
00004634  _ZTIN10__cxxabiv117__class_type_infoE                     
00004640  _ZTIN10__cxxabiv117__pbase_type_infoE                     
0000464c  _ZTIN10__cxxabiv119__pointer_type_infoE                   
00004658  _ZTIN10__cxxabiv120__si_class_type_infoE                  
00004664  _ZTIN10__cxxabiv123__fundamental_type_infoE               
00004690  _ZTIN4aeo110qei_sensorE                                   
00004670  _ZTIN4aeo111ssi_drv8711E                                  
0000467c  _ZTIN4aeo111ssi_max7219E                                  
00004698  _ZTIN4aeo114ssi_peripheralE                               
000045b4  _ZTIPKe                                                   
000046a0  _ZTISt9type_info                                          
000046a8  _ZTIe                                                     
00004576  _ZTS16primary_activity                                    
000044bd  _ZTSN10__cxxabiv117__class_type_infoE                     
000044df  _ZTSN10__cxxabiv117__pbase_type_infoE                     
00004499  _ZTSN10__cxxabiv119__pointer_type_infoE                   
00004474  _ZTSN10__cxxabiv120__si_class_type_infoE                  
000043ac  _ZTSN10__cxxabiv123__fundamental_type_infoE               
00004562  _ZTSN4aeo110qei_sensorE                                   
00004538  _ZTSN4aeo111ssi_drv8711E                                  
0000454d  _ZTSN4aeo111ssi_max7219E                                  
00004520  _ZTSN4aeo114ssi_peripheralE                               
000046b0  _ZTSPKe                                                   
00004624  _ZTSSt9type_info                                          
0000413e  _ZTSe                                                     
000045c4  _ZTV16primary_activity                                    
000045d4  _ZTVN10__cxxabiv117__class_type_infoE                     
000045e4  _ZTVN10__cxxabiv119__pointer_type_infoE                   
000045f4  _ZTVN10__cxxabiv120__si_class_type_infoE                  
00004604  _ZTVN10__cxxabiv123__fundamental_type_infoE               
00004614  _ZTVN4aeo110qei_sensorE                                   
000043d4  _ZTVN4aeo111ssi_drv8711E                                  
000043fc  _ZTVN4aeo111ssi_max7219E                                  
00004424  _ZTVN4aeo114ssi_peripheralE                               
00004013  _ZdlPv                                                    
200008bc  __STACK_END                                               
00000200  __STACK_SIZE                                              
200008bc  __STACK_TOP                                               
00000008  __SYSMEM_SIZE                                             
00004810  __TI_CINIT_Base                                           
00004820  __TI_CINIT_Limit                                          
000047f8  __TI_Handler_Table_Base                                   
00004804  __TI_Handler_Table_Limit                                  
00003879  __TI_auto_init                                            
20000a30  __TI_cleanup_ptr                                          
00003f3d  __TI_decompress_none                                      
0000403f  __TI_decompress_rle24                                     
20000a34  __TI_dtors_ptr                                            
00000000  __TI_static_base__                                        
00003f87  __TI_zero_init                                            
0000355b  __aeabi_atexit                                            
000032ff  __aeabi_idiv0                                             
000037fd  __aeabi_memclr                                            
000037fd  __aeabi_memclr4                                           
000037fd  __aeabi_memclr8                                           
00003761  __aeabi_memcpy                                            
00003761  __aeabi_memcpy4                                           
00003761  __aeabi_memcpy8                                           
000037ff  __aeabi_memset                                            
000037ff  __aeabi_memset4                                           
000037ff  __aeabi_memset8                                           
00003c4d  __aeabi_uidiv                                             
00003c4d  __aeabi_uidivmod                                          
ffffffff  __binit__                                                 
ffffffff  __c_args__                                                
0000359f  __cxa_atexit                                              
00003505  __cxa_finalize                                            
00003547  __cxa_ia64_exit                                           
200006b0  __dso_handle                                              
200006bc  __stack                                                   
00002f57  __sti___8_main_cpp_ef05dba4                               
00003db9  _args_main                                                
00003add  _c_int00                                                  
20000a28  _lock                                                     
00003e47  _nop                                                      
00003e3f  _register_lock                                            
00003e39  _register_unlock                                          
20000a48  _sys_memory                                               
00004055  _system_pre_init                                          
20000a2c  _unlock                                                   
00003c0d  abort                                                     
0000354d  atexit                                                    
ffffffff  binit                                                     
000025b5  calloc                                                    
00003b2d  copy_in                                                   
00003c15  exit                                                      
00002303  free                                                      
20000400  g_oPrimaryActivity                                        
00000000  g_pfnVectors                                              
200008bc  g_psCmdTable                                              
00002f45  main                                                      
20000a40  main_func_sp                                              
0000229b  malloc                                                    
000024d1  memalign                                                  
00003761  memcpy                                                    
00003805  memset                                                    
0000220d  minit                                                     
000023c5  realloc                                                   
00003dd1  strcmp                                                    
00000751  ulocaltime                                                
0000094f  umktime                                                   
00000ec9  urand                                                     
00000721  usnprintf                                                 
000006ef  usprintf                                                  
00000eb9  usrand                                                    
00000e31  ustrcasecmp                                               
00000ea5  ustrcmp                                                   
00000d35  ustrlen                                                   
00000d8d  ustrncasecmp                                              
00000e45  ustrncmp                                                  
0000026d  ustrncpy                                                  
00000d57  ustrstr                                                   
00000afd  ustrtof                                                   
000009c5  ustrtoul                                                  
000002c5  uvsnprintf                                                


GLOBAL SYMBOLS: SORTED BY Symbol Address 

address   name                                                      
-------   ----                                                      
00000000  __TI_static_base__                                        
00000000  g_pfnVectors                                              
00000008  __SYSMEM_SIZE                                             
00000200  __STACK_SIZE                                              
0000026d  ustrncpy                                                  
000002c5  uvsnprintf                                                
000006ef  usprintf                                                  
00000721  usnprintf                                                 
00000751  ulocaltime                                                
0000094f  umktime                                                   
000009c5  ustrtoul                                                  
00000afd  ustrtof                                                   
00000d35  ustrlen                                                   
00000d57  ustrstr                                                   
00000d8d  ustrncasecmp                                              
00000e31  ustrcasecmp                                               
00000e45  ustrncmp                                                  
00000ea5  ustrcmp                                                   
00000eb9  usrand                                                    
00000ec9  urand                                                     
00000fdd  UARTStdioConfig                                           
00001063  UARTwrite                                                 
00001103  UARTgets                                                  
0000117f  UARTgetc                                                  
000011d9  UARTvprintf                                               
000014d3  UARTprintf                                                
000014f7  UARTRxBytesAvail                                          
00001505  UARTTxBytesFree                                           
00001519  UARTPeek                                                  
00001573  UARTFlushRx                                               
00001593  UARTFlushTx                                               
000015c9  UARTEchoSet                                               
000015f5  UARTStdioIntHandler                                       
000017fb  _ZN16primary_activityC1Ev                                 
000017fb  _ZN16primary_activityC2Ev                                 
00001873  _ZN16primary_activityD1Ev                                 
00001873  _ZN16primary_activityD2Ev                                 
000018a7  _ZN16primary_activityD0Ev                                 
000018bd  _ZN16primary_activity10InitializeEv                       
000018f3  _ZN16primary_activity6OnTickEv                            
00001995  _ZN16primary_activity4DiagEv                              
000019e9  _ZN16primary_activity4InfoEv                              
00001a7f  _ZN16primary_activity4SetXEi                              
00001aa3  _ZN16primary_activity4SetYEi                              
00001ac7  _ZN16primary_activity4SetZEi                              
00001adf  _ZN16primary_activity9IntensityEi                         
00001b05  _ZN16primary_activity8DecimalsEi                          
00001b19  _ZN16primary_activity7OnTraceEv                           
00001b81  _ZNK16primary_activity11CheckInputsERibb                  
00001cb5  OnSSI0Interrupt                                           
00001ccf  OnSSI1Interrupt                                           
00001ce9  OnSSI2Interrupt                                           
00001d03  OnSSI3Interrupt                                           
00001d1d  _ZN4aeo114ssi_peripheralC1ENS0_9device_idEjjb             
00001d1d  _ZN4aeo114ssi_peripheralC2ENS0_9device_idEjjb             
00001dbf  _ZN4aeo114ssi_peripheralD1Ev                              
00001dbf  _ZN4aeo114ssi_peripheralD2Ev                              
00001dd3  _ZN4aeo114ssi_peripheralD0Ev                              
00001de9  _ZN4aeo114ssi_peripheral10InitializeEv                    
00001f35  _ZN4aeo114ssi_peripheral11OnInterruptEv                   
00001fd1  _ZN4aeo114ssi_peripheral4DiagEv                           
0000205f  _ZN4aeo114ssi_peripheral9TerminateEv                      
000020bb  _ZN4aeo114ssi_peripheral3PutEj                            
000020cf  _ZN4aeo114ssi_peripheral3GetEv                            
000020e7  _ZN4aeo114ssi_peripheral10LoadTxFIFOEv                    
0000211d  _ZN4aeo114ssi_peripheral12UnloadRxFIFOEv                  
0000220d  minit                                                     
0000229b  malloc                                                    
00002303  free                                                      
000023c5  realloc                                                   
000024d1  memalign                                                  
000025b5  calloc                                                    
000025e9  OnGPIOBInterrupt                                          
00002605  OnGPIOEInterrupt                                          
00002621  _ZN4aeo111ssi_drv8711C1Ev                                 
00002621  _ZN4aeo111ssi_drv8711C2Ev                                 
00002657  _ZN4aeo111ssi_drv8711D1Ev                                 
00002657  _ZN4aeo111ssi_drv8711D2Ev                                 
00002665  _ZN4aeo111ssi_drv8711D0Ev                                 
0000267b  _ZN4aeo111ssi_drv871110InitializeEv                       
00002751  _ZN4aeo111ssi_drv87114DiagEv                              
00002771  _ZN4aeo111ssi_drv87115SleepEb                             
0000278f  _ZN4aeo111ssi_drv87115ResetEv                             
000027bd  _ZN4aeo111ssi_drv871115OnGpioInterruptENS0_5EventE        
000027f5  _ZN4aeo111ssi_drv87114ReadEj                              
00002857  _ZN4aeo111ssi_drv87115WriteEjj                            
000028a9  _ZN4aeo111ssi_drv871111GetRegisterEj                      
00002915  _ZN4aeo110qei_sensorC1ENS0_9device_idENS0_13configurationE
00002915  _ZN4aeo110qei_sensorC2ENS0_9device_idENS0_13configurationE
0000294f  _ZN4aeo110qei_sensorD1Ev                                  
0000294f  _ZN4aeo110qei_sensorD2Ev                                  
0000295b  _ZN4aeo110qei_sensorD0Ev                                  
00002971  _ZN4aeo110qei_sensor10InitializeEv                        
0000299b  _ZN4aeo110qei_sensor3GetEv                                
000029c3  _ZN4aeo110qei_sensor8GetIndexEv                           
00002a01  _ZN4aeo110qei_sensor3SetEi                                
00002a27  _ZN4aeo110qei_sensor4ZeroEv                               
00002a37  _ZN4aeo110qei_sensor4DiagEv                               
00002bd9  _ZN4aeo111ssi_max7219C1ENS_14ssi_peripheral9device_idE    
00002bd9  _ZN4aeo111ssi_max7219C2ENS_14ssi_peripheral9device_idE    
00002bfd  _ZN4aeo111ssi_max7219D1Ev                                 
00002bfd  _ZN4aeo111ssi_max7219D2Ev                                 
00002c0b  _ZN4aeo111ssi_max7219D0Ev                                 
00002c21  _ZN4aeo111ssi_max721910InitializeEv                       
00002c51  _ZN4aeo111ssi_max72194DiagEv                              
00002c63  _ZN4aeo111ssi_max72193SetEii                              
00002d27  _ZN4aeo111ssi_max72193SetEPKc                             
00002db3  _ZN4aeo111ssi_max72199IntensityEi                         
00002e11  SysTickIntHandler                                         
00002f2f  _Z16PrintProgramInfov                                     
00002f45  main                                                      
00002f57  __sti___8_main_cpp_ef05dba4                               
00003011  _Z8CMD_helpiPPc                                           
00003061  _Z7CMD_setiPPc                                            
000030eb  _Z8CMD_diagiPPc                                           
000030fb  _Z8CMD_infoiPPc                                           
0000310b  _Z9CMD_traceiPPc                                          
0000311b  _Z10CMD_intensiPPc                                        
00003141  _Z7CMD_veriPPc                                            
000031cd  GPIOPadConfigSet                                          
000032ff  __aeabi_idiv0                                             
00003301  SysCtlClockGet                                            
00003411  SysCtlClockSet                                            
00003505  __cxa_finalize                                            
00003547  __cxa_ia64_exit                                           
0000354d  atexit                                                    
0000355b  __aeabi_atexit                                            
0000359f  __cxa_atexit                                              
000035f9  _ZSt21__gen_dummy_typeinfosv                              
00003601  _ZNSt9type_infoD1Ev                                       
00003601  _ZNSt9type_infoD2Ev                                       
00003603  _ZNSt9type_infoD0Ev                                       
0000360b  _ZNKSt9type_info4nameEv                                   
0000360f  _ZNKSt9type_infoneERKS_                                   
00003625  _ZNKSt9type_infoeqERKS_                                   
0000363b  _ZNKSt9type_info6beforeERKS_                              
00003649  _ZN10__cxxabiv129__pointer_to_member_type_infoD1Ev        
00003649  _ZN10__cxxabiv129__pointer_to_member_type_infoD2Ev        
0000364b  _ZN10__cxxabiv129__pointer_to_member_type_infoD0Ev        
00003653  _ZN10__cxxabiv123__fundamental_type_infoD1Ev              
00003653  _ZN10__cxxabiv123__fundamental_type_infoD2Ev              
00003655  _ZN10__cxxabiv123__fundamental_type_infoD0Ev              
0000365d  _ZN10__cxxabiv121__vmi_class_type_infoD1Ev                
0000365d  _ZN10__cxxabiv121__vmi_class_type_infoD2Ev                
0000365f  _ZN10__cxxabiv121__vmi_class_type_infoD0Ev                
00003667  _ZN10__cxxabiv120__si_class_type_infoD1Ev                 
00003667  _ZN10__cxxabiv120__si_class_type_infoD2Ev                 
00003669  _ZN10__cxxabiv120__si_class_type_infoD0Ev                 
00003671  _ZN10__cxxabiv120__function_type_infoD1Ev                 
00003671  _ZN10__cxxabiv120__function_type_infoD2Ev                 
00003673  _ZN10__cxxabiv120__function_type_infoD0Ev                 
0000367b  _ZN10__cxxabiv119__pointer_type_infoD1Ev                  
0000367b  _ZN10__cxxabiv119__pointer_type_infoD2Ev                  
0000367d  _ZN10__cxxabiv119__pointer_type_infoD0Ev                  
00003685  _ZN10__cxxabiv117__pbase_type_infoD1Ev                    
00003685  _ZN10__cxxabiv117__pbase_type_infoD2Ev                    
00003687  _ZN10__cxxabiv117__pbase_type_infoD0Ev                    
0000368f  _ZN10__cxxabiv117__class_type_infoD1Ev                    
0000368f  _ZN10__cxxabiv117__class_type_infoD2Ev                    
00003691  _ZN10__cxxabiv117__class_type_infoD0Ev                    
00003699  _ZN10__cxxabiv117__array_type_infoD1Ev                    
00003699  _ZN10__cxxabiv117__array_type_infoD2Ev                    
0000369b  _ZN10__cxxabiv117__array_type_infoD0Ev                    
000036a3  _ZN10__cxxabiv116__enum_type_infoD1Ev                     
000036a3  _ZN10__cxxabiv116__enum_type_infoD2Ev                     
000036a5  _ZN10__cxxabiv116__enum_type_infoD0Ev                     
000036b5  CmdLineProcess                                            
00003761  __aeabi_memcpy                                            
00003761  __aeabi_memcpy4                                           
00003761  __aeabi_memcpy8                                           
00003761  memcpy                                                    
000037fd  __aeabi_memclr                                            
000037fd  __aeabi_memclr4                                           
000037fd  __aeabi_memclr8                                           
000037ff  __aeabi_memset                                            
000037ff  __aeabi_memset4                                           
000037ff  __aeabi_memset8                                           
00003805  memset                                                    
00003879  __TI_auto_init                                            
00003951  IntDisable                                                
000039b9  IntEnable                                                 
00003a21  _ZN4aeo113Alpha7SegmentEc                                 
00003a85  GPIOIntTypeSet                                            
00003add  _c_int00                                                  
00003b2d  copy_in                                                   
00003b79  GPIOPinConfigure                                          
00003bc1  UARTConfigSetExpClk                                       
00003c09  C$$EXIT                                                   
00003c0d  abort                                                     
00003c15  exit                                                      
00003c4d  __aeabi_uidiv                                             
00003c4d  __aeabi_uidivmod                                          
00003c8d  SSIConfigSetExpClk                                        
00003cc9  SysCtlPeripheralPresent                                   
00003d01  SysCtlPeripheralEnable                                    
00003d35  GPIODirModeSet                                            
00003d61  UARTDisable                                               
00003d81  _ZN16primary_activity5TraceEv                             
00003d9f  GPIOPinTypeGPIOOutput                                     
00003db9  _args_main                                                
00003dd1  strcmp                                                    
00003de9  FPUStackingEnable                                         
00003dfd  SysTickEnable                                             
00003e11  SysTickIntEnable                                          
00003e25  UARTEnable                                                
00003e39  _register_unlock                                          
00003e3f  _register_lock                                            
00003e47  _nop                                                      
00003e4d  GPIOPinTypeGPIOInput                                      
00003e5f  GPIOPinTypeQEI                                            
00003e71  GPIOPinTypeSSI                                            
00003e83  GPIOPinTypeUART                                           
00003e95  SSIDataGetNonBlocking                                     
00003ea9  FPUEnable                                                 
00003eb9  IntMasterDisable                                          
00003ec9  IntMasterEnable                                           
00003ed9  SysTickPeriodSet                                          
00003ee9  QEIConfigure                                              
00003ef7  SSIDataPutNonBlocking                                     
00003f05  UARTCharGetNonBlocking                                    
00003f13  UARTCharPutNonBlocking                                    
00003f21  UARTCharsAvail                                            
00003f2f  UARTSpaceAvail                                            
00003f3d  __TI_decompress_none                                      
00003f4b  CPUcpsid                                                  
00003f57  CPUcpsie                                                  
00003f63  GPIOIntEnable                                             
00003f6f  SSIDataGet                                                
00003f7b  _ZN4aeo111ssi_max72194OnTxEv                              
00003f87  __TI_zero_init                                            
00003f93  ResetISR                                                  
00003f9f  QEIEnable                                                 
00003fa9  SSIDataPut                                                
00003fb3  SSIDisable                                                
00003fbd  SSIEnable                                                 
00003fc7  SSIIntDisable                                             
00003fd1  SSIIntStatus                                              
00003fdb  UARTIntDisable                                            
00003fe5  UARTIntStatus                                             
00003fef  _ZN4aeo114ssi_peripheral4OnRxEv                           
00003ff9  _ZN4aeo114ssi_peripheral4OnTxEv                           
00004003  SSIIntEnable                                              
0000400b  UARTIntEnable                                             
00004013  _ZdlPv                                                    
0000401b  GPIOIntClear                                              
00004021  GPIOPinRead                                               
00004027  GPIOPinWrite                                              
0000402d  SysCtlDelay                                               
00004033  UARTClockSourceSet                                        
00004039  UARTFIFOLevelSet                                          
0000403f  __TI_decompress_rle24                                     
00004045  QEIPositionGet                                            
00004049  QEIPositionSet                                            
0000404d  SSIIntClear                                               
00004051  UARTIntClear                                              
00004055  _system_pre_init                                          
0000413e  _ZTSe                                                     
000043ac  _ZTSN10__cxxabiv123__fundamental_type_infoE               
000043d4  _ZTVN4aeo111ssi_drv8711E                                  
000043fc  _ZTVN4aeo111ssi_max7219E                                  
00004424  _ZTVN4aeo114ssi_peripheralE                               
00004474  _ZTSN10__cxxabiv120__si_class_type_infoE                  
00004499  _ZTSN10__cxxabiv119__pointer_type_infoE                   
000044bd  _ZTSN10__cxxabiv117__class_type_infoE                     
000044df  _ZTSN10__cxxabiv117__pbase_type_infoE                     
00004520  _ZTSN4aeo114ssi_peripheralE                               
00004538  _ZTSN4aeo111ssi_drv8711E                                  
0000454d  _ZTSN4aeo111ssi_max7219E                                  
00004562  _ZTSN4aeo110qei_sensorE                                   
00004576  _ZTS16primary_activity                                    
000045b4  _ZTIPKe                                                   
000045c4  _ZTV16primary_activity                                    
000045d4  _ZTVN10__cxxabiv117__class_type_infoE                     
000045e4  _ZTVN10__cxxabiv119__pointer_type_infoE                   
000045f4  _ZTVN10__cxxabiv120__si_class_type_infoE                  
00004604  _ZTVN10__cxxabiv123__fundamental_type_infoE               
00004614  _ZTVN4aeo110qei_sensorE                                   
00004624  _ZTSSt9type_info                                          
00004634  _ZTIN10__cxxabiv117__class_type_infoE                     
00004640  _ZTIN10__cxxabiv117__pbase_type_infoE                     
0000464c  _ZTIN10__cxxabiv119__pointer_type_infoE                   
00004658  _ZTIN10__cxxabiv120__si_class_type_infoE                  
00004664  _ZTIN10__cxxabiv123__fundamental_type_infoE               
00004670  _ZTIN4aeo111ssi_drv8711E                                  
0000467c  _ZTIN4aeo111ssi_max7219E                                  
00004688  _ZTI16primary_activity                                    
00004690  _ZTIN4aeo110qei_sensorE                                   
00004698  _ZTIN4aeo114ssi_peripheralE                               
000046a0  _ZTISt9type_info                                          
000046a8  _ZTIe                                                     
000046b0  _ZTSPKe                                                   
000046b4  SHT$$INIT_ARRAY$$Base                                     
000046b8  SHT$$INIT_ARRAY$$Limit                                    
000047f8  __TI_Handler_Table_Base                                   
00004804  __TI_Handler_Table_Limit                                  
00004810  __TI_CINIT_Base                                           
00004820  __TI_CINIT_Limit                                          
20000400  g_oPrimaryActivity                                        
200006ac  _ZSt16__dummy_typeinfo                                    
200006b0  __dso_handle                                              
200006bc  __stack                                                   
200008bc  __STACK_END                                               
200008bc  __STACK_TOP                                               
200008bc  g_psCmdTable                                              
2000091c  _ZN4aeo118SSI0_SpecificationE                             
20000950  _ZN4aeo118SSI1_SpecificationE                             
20000984  _ZN4aeo118SSI2_SpecificationE                             
200009b8  _ZN4aeo118SSI3_SpecificationE                             
20000a28  _lock                                                     
20000a2c  _unlock                                                   
20000a30  __TI_cleanup_ptr                                          
20000a34  __TI_dtors_ptr                                            
20000a40  main_func_sp                                              
20000a48  _sys_memory                                               
ffffffff  __binit__                                                 
ffffffff  __c_args__                                                
ffffffff  binit                                                     

[317 symbols]
