******************************************************************************
                  TI ARM Linker PC v5.2.7                      
******************************************************************************
>> Linked Wed Jun 22 15:56:04 2016

OUTPUT FILE NAME:   <triple_display_dual_scale.out>
ENTRY POINT SYMBOL: "_c_int00"  address: 00003a85


MEMORY CONFIGURATION

         name            origin    length      used     unused   attr    fill
----------------------  --------  ---------  --------  --------  ----  --------
  FLASH                 00000000   00040000  000047c8  0003b838  R  X
  SRAM                  20000000   00008000  00000a49  000075b7  RW X


SEGMENT ALLOCATION MAP

run origin  load origin   length   init length attrs members
----------  ----------- ---------- ----------- ----- -------
00000000    00000000    000047c8   000047c8    r-x
  00000000    00000000    0000026c   0000026c    r-- .intvecs
  0000026c    0000026c    00003d94   00003d94    r-x .text
  00004000    00004000    0000065c   0000065c    r-- .const
  0000465c    0000465c    00000004   00000004    r-- .init_array
  00004660    00004660    00000168   00000168    r-- .cinit
20000000    20000000    00000a50   00000000    rw-
  20000000    20000000    000006b5   00000000    rw- .bss
  200006b8    200006b8    00000200   00000000    rw- .stack
  200008b8    200008b8    0000018c   00000000    rw- .data
  20000a48    20000a48    00000008   00000000    rw- .sysmem


SECTION ALLOCATION MAP

 output                                  attributes/
section   page    origin      length       input sections
--------  ----  ----------  ----------   ----------------
.intvecs   0    00000000    0000026c     
                  00000000    0000026c     tm4c123gh6pm_startup_ccs.obj (.intvecs)

.text      0    0000026c    00003d94     
                  0000026c    00000c84     tiva_utils.lib : ustdlib.obj (.text)
                  00000ef0    00000860                    : uartstdio.obj (.text)
                  00001750    00000558     aeo1_drivers.lib : ssi_peripheral.obj (.text)
                  00001ca8    00000534     primary_activity.obj (.text)
                  000021dc    000003dc     rtsv7M4_T_le_v4SPD16_eabi.lib : memory.obj (.text)
                  000025b8    0000032c     aeo1_drivers.lib : ssi_drv8711.obj (.text)
                  000028e4    000002c4                      : qei_sensor.obj (.text)
                  00002ba8    00000238                      : ssi_max7219.obj (.text)
                  00002de0    00000200     main.obj (.text)
                  00002fe0    00000194     commands.obj (.text)
                  00003174    00000132     driverlib.lib : gpio.obj (.text:GPIOPadConfigSet)
                  000032a6    00000002     rtsv7M4_T_le_v4SPD16_eabi.lib : i_div0.obj (.text)
                  000032a8    00000110     driverlib.lib : sysctl.obj (.text:SysCtlClockGet)
                  000033b8    000000f4                   : sysctl.obj (.text:SysCtlClockSet)
                  000034ac    000000f4     rtsv7M4_T_le_v4SPD16_eabi.lib : dtor_list.obj (.text)
                  000035a0    000000bc                                   : typeinfo_.obj (.text)
                  0000365c    000000ac     tiva_utils.lib : cmdline.obj (.text)
                  00003708    0000009c     rtsv7M4_T_le_v4SPD16_eabi.lib : memcpy_t2.obj (.text)
                  000037a4    0000007a                                   : memset_t2.obj (.text)
                  0000381e    00000002     --HOLE-- [fill = 0]
                  00003820    0000006c                                   : autoinit.obj (.text)
                  0000388c    0000006a                                   : copy_decompress_rle.obj (.text)
                  000038f6    00000002     --HOLE-- [fill = 0]
                  000038f8    00000068     driverlib.lib : interrupt.obj (.text:IntDisable)
                  00003960    00000068                   : interrupt.obj (.text:IntEnable)
                  000039c8    00000064     aeo1_drivers.lib : alpha7segment.obj (.text)
                  00003a2c    00000056     driverlib.lib : gpio.obj (.text:GPIOIntTypeSet)
                  00003a82    00000002     --HOLE-- [fill = 0]
                  00003a84    00000050     rtsv7M4_T_le_v4SPD16_eabi.lib : boot.obj (.text)
                  00003ad4    0000004c                                   : cpy_tbl.obj (.text)
                  00003b20    00000048     driverlib.lib : gpio.obj (.text:GPIOPinConfigure)
                  00003b68    00000046                   : uart.obj (.text:UARTConfigSetExpClk)
                  00003bae    00000002     --HOLE-- [fill = 0]
                  00003bb0    00000044     rtsv7M4_T_le_v4SPD16_eabi.lib : exit.obj (.text)
                  00003bf4    00000040                                   : u_divt2.obj (.text)
                  00003c34    0000003c     driverlib.lib : ssi.obj (.text:SSIConfigSetExpClk)
                  00003c70    00000038                   : sysctl.obj (.text:SysCtlPeripheralPresent)
                  00003ca8    00000034                   : sysctl.obj (.text:SysCtlPeripheralEnable)
                  00003cdc    0000002a                   : gpio.obj (.text:GPIODirModeSet)
                  00003d06    00000002     --HOLE-- [fill = 0]
                  00003d08    00000020                   : uart.obj (.text:UARTDisable)
                  00003d28    0000001e     commands.obj (.text:_ZN16primary_activity5TraceEv)
                  00003d46    00000018     driverlib.lib : gpio.obj (.text:GPIOPinTypeGPIOOutput)
                  00003d5e    00000002     --HOLE-- [fill = 0]
                  00003d60    00000018     rtsv7M4_T_le_v4SPD16_eabi.lib : args_main.obj (.text)
                  00003d78    00000018                                   : strcmp.obj (.text)
                  00003d90    00000014     driverlib.lib : fpu.obj (.text:FPUStackingEnable)
                  00003da4    00000014                   : systick.obj (.text:SysTickEnable)
                  00003db8    00000014                   : systick.obj (.text:SysTickIntEnable)
                  00003dcc    00000014                   : uart.obj (.text:UARTEnable)
                  00003de0    00000014     rtsv7M4_T_le_v4SPD16_eabi.lib : _lock.obj (.text)
                  00003df4    00000012     driverlib.lib : gpio.obj (.text:GPIOPinTypeGPIOInput)
                  00003e06    00000012                   : gpio.obj (.text:GPIOPinTypeQEI)
                  00003e18    00000012                   : gpio.obj (.text:GPIOPinTypeSSI)
                  00003e2a    00000012                   : gpio.obj (.text:GPIOPinTypeUART)
                  00003e3c    00000012                   : ssi.obj (.text:SSIDataGetNonBlocking)
                  00003e4e    00000002     --HOLE-- [fill = 0]
                  00003e50    00000010                   : fpu.obj (.text:FPUEnable)
                  00003e60    00000010                   : interrupt.obj (.text:IntMasterDisable)
                  00003e70    00000010                   : interrupt.obj (.text:IntMasterEnable)
                  00003e80    00000010                   : systick.obj (.text:SysTickPeriodSet)
                  00003e90    0000000e                   : qei.obj (.text:QEIConfigure)
                  00003e9e    0000000e                   : ssi.obj (.text:SSIDataPutNonBlocking)
                  00003eac    0000000e                   : uart.obj (.text:UARTCharGetNonBlocking)
                  00003eba    0000000e                   : uart.obj (.text:UARTCharPutNonBlocking)
                  00003ec8    0000000e                   : uart.obj (.text:UARTCharsAvail)
                  00003ed6    0000000e                   : uart.obj (.text:UARTSpaceAvail)
                  00003ee4    0000000e     rtsv7M4_T_le_v4SPD16_eabi.lib : copy_decompress_none.obj (.text:decompress:none)
                  00003ef2    0000000c     driverlib.lib : cpu.obj (.text:CPUcpsid)
                  00003efe    0000000c                   : cpu.obj (.text:CPUcpsie)
                  00003f0a    0000000c                   : gpio.obj (.text:GPIOIntEnable)
                  00003f16    0000000c                   : ssi.obj (.text:SSIDataGet)
                  00003f22    0000000c     aeo1_drivers.lib : ssi_max7219.obj (.text:_ZN4aeo111ssi_max72194OnTxEv)
                  00003f2e    0000000c     rtsv7M4_T_le_v4SPD16_eabi.lib : copy_zero_init.obj (.text:decompress:ZI)
                  00003f3a    0000000c     tm4c123gh6pm_startup_ccs.obj (.text)
                  00003f46    0000000a     driverlib.lib : qei.obj (.text:QEIEnable)
                  00003f50    0000000a                   : ssi.obj (.text:SSIDataPut)
                  00003f5a    0000000a                   : ssi.obj (.text:SSIDisable)
                  00003f64    0000000a                   : ssi.obj (.text:SSIEnable)
                  00003f6e    0000000a                   : ssi.obj (.text:SSIIntDisable)
                  00003f78    0000000a                   : ssi.obj (.text:SSIIntStatus)
                  00003f82    0000000a                   : uart.obj (.text:UARTIntDisable)
                  00003f8c    0000000a                   : uart.obj (.text:UARTIntStatus)
                  00003f96    0000000a     aeo1_drivers.lib : ssi_drv8711.obj (.text:_ZN4aeo114ssi_peripheral4OnRxEv)
                  00003fa0    0000000a                      : ssi_drv8711.obj (.text:_ZN4aeo114ssi_peripheral4OnTxEv)
                  00003faa    00000008     driverlib.lib : ssi.obj (.text:SSIIntEnable)
                  00003fb2    00000008                   : uart.obj (.text:UARTIntEnable)
                  00003fba    00000008     rtsv7M4_T_le_v4SPD16_eabi.lib : delete.obj (.text)
                  00003fc2    00000006     driverlib.lib : gpio.obj (.text:GPIOIntClear)
                  00003fc8    00000006                   : gpio.obj (.text:GPIOPinRead)
                  00003fce    00000006                   : gpio.obj (.text:GPIOPinWrite)
                  00003fd4    00000006                   : sysctl.obj (.text:SysCtlDelay)
                  00003fda    00000006                   : uart.obj (.text:UARTClockSourceSet)
                  00003fe0    00000006                   : uart.obj (.text:UARTFIFOLevelSet)
                  00003fe6    00000006     rtsv7M4_T_le_v4SPD16_eabi.lib : copy_decompress_rle.obj (.text:decompress:rle24)
                  00003fec    00000004     driverlib.lib : qei.obj (.text:QEIPositionGet)
                  00003ff0    00000004                   : qei.obj (.text:QEIPositionSet)
                  00003ff4    00000004                   : ssi.obj (.text:SSIIntClear)
                  00003ff8    00000004                   : uart.obj (.text:UARTIntClear)
                  00003ffc    00000004     rtsv7M4_T_le_v4SPD16_eabi.lib : pre_init.obj (.text)

.const     0    00004000    0000065c     
                  00004000    000000e6     commands.obj (.const:.string)
                  000040e6    00000002     rtsv7M4_T_le_v4SPD16_eabi.lib : typeinfo_.obj (.const:.typeinfo:_ZTSe)
                  000040e8    00000090     driverlib.lib : gpio.obj (.const:g_pui32GPIOBaseAddrs)
                  00004178    0000008e     aeo1_drivers.lib : alpha7segment.obj (.const:_ZN4aeo119alpha7segment_tableE)
                  00004206    00000002     --HOLE-- [fill = 0]
                  00004208    00000070     driverlib.lib : interrupt.obj (.const)
                  00004278    0000006c                   : sysctl.obj (.const:g_pui32Xtals)
                  000042e4    00000040     aeo1_drivers.lib : ssi_max7219.obj (.const:_ZN4aeo119RegisterSet_DefaultE)
                  00004324    00000030     tiva_utils.lib : ustdlib.obj (.const:g_psDaysToMonth)
                  00004354    00000028     rtsv7M4_T_le_v4SPD16_eabi.lib : typeinfo_.obj (.const:.typeinfo:_ZTSN10__cxxabiv123__fundamental_type_infoE)
                  0000437c    00000028     aeo1_drivers.lib : ssi_drv8711.obj (.const:_ZTVN4aeo111ssi_drv8711E)
                  000043a4    00000028                      : ssi_max7219.obj (.const:_ZTVN4aeo111ssi_max7219E)
                  000043cc    00000028                      : ssi_peripheral.obj (.const:_ZTVN4aeo114ssi_peripheralE)
                  000043f4    00000028     tiva_utils.lib : uartstdio.obj (.const)
                  0000441c    00000025     rtsv7M4_T_le_v4SPD16_eabi.lib : typeinfo_.obj (.const:.typeinfo:_ZTSN10__cxxabiv120__si_class_type_infoE)
                  00004441    00000024                                   : typeinfo_.obj (.const:.typeinfo:_ZTSN10__cxxabiv119__pointer_type_infoE)
                  00004465    00000022                                   : typeinfo_.obj (.const:.typeinfo:_ZTSN10__cxxabiv117__class_type_infoE)
                  00004487    00000022                                   : typeinfo_.obj (.const:.typeinfo:_ZTSN10__cxxabiv117__pbase_type_infoE)
                  000044a9    00000003     --HOLE-- [fill = 0]
                  000044ac    0000001c     tiva_utils.lib : ustdlib.obj (.const)
                  000044c8    00000018     aeo1_drivers.lib : ssi_peripheral.obj (.const:.typeinfo:_ZTSN4aeo114ssi_peripheralE)
                  000044e0    00000015                      : ssi_drv8711.obj (.const:.typeinfo:_ZTSN4aeo111ssi_drv8711E)
                  000044f5    00000015                      : ssi_max7219.obj (.const:.typeinfo:_ZTSN4aeo111ssi_max7219E)
                  0000450a    00000014                      : qei_sensor.obj (.const:.typeinfo:_ZTSN4aeo110qei_sensorE)
                  0000451e    00000013     primary_activity.obj (.const:.typeinfo:_ZTS16primary_activity)
                  00004531    00000003     --HOLE-- [fill = 0]
                  00004534    00000012     tiva_utils.lib : uartstdio.obj (.const:.string)
                  00004546    00000002     --HOLE-- [fill = 0]
                  00004548    00000012                    : ustdlib.obj (.const:.string)
                  0000455a    00000002     --HOLE-- [fill = 0]
                  0000455c    00000010     rtsv7M4_T_le_v4SPD16_eabi.lib : typeinfo_.obj (.const:.typeinfo:_ZTIPKe)
                  0000456c    00000010     primary_activity.obj (.const:_ZTV16primary_activity)
                  0000457c    00000010     rtsv7M4_T_le_v4SPD16_eabi.lib : typeinfo_.obj (.const:_ZTVN10__cxxabiv117__class_type_infoE)
                  0000458c    00000010                                   : typeinfo_.obj (.const:_ZTVN10__cxxabiv119__pointer_type_infoE)
                  0000459c    00000010                                   : typeinfo_.obj (.const:_ZTVN10__cxxabiv120__si_class_type_infoE)
                  000045ac    00000010                                   : typeinfo_.obj (.const:_ZTVN10__cxxabiv123__fundamental_type_infoE)
                  000045bc    00000010     aeo1_drivers.lib : qei_sensor.obj (.const:_ZTVN4aeo110qei_sensorE)
                  000045cc    0000000d     rtsv7M4_T_le_v4SPD16_eabi.lib : typeinfo_.obj (.const:.typeinfo:_ZTSSt9type_info)
                  000045d9    00000003     --HOLE-- [fill = 0]
                  000045dc    0000000c                                   : typeinfo_.obj (.const:.typeinfo:_ZTIN10__cxxabiv117__class_type_infoE)
                  000045e8    0000000c                                   : typeinfo_.obj (.const:.typeinfo:_ZTIN10__cxxabiv117__pbase_type_infoE)
                  000045f4    0000000c                                   : typeinfo_.obj (.const:.typeinfo:_ZTIN10__cxxabiv119__pointer_type_infoE)
                  00004600    0000000c                                   : typeinfo_.obj (.const:.typeinfo:_ZTIN10__cxxabiv120__si_class_type_infoE)
                  0000460c    0000000c                                   : typeinfo_.obj (.const:.typeinfo:_ZTIN10__cxxabiv123__fundamental_type_infoE)
                  00004618    0000000c     aeo1_drivers.lib : ssi_drv8711.obj (.const:.typeinfo:_ZTIN4aeo111ssi_drv8711E)
                  00004624    0000000c                      : ssi_max7219.obj (.const:.typeinfo:_ZTIN4aeo111ssi_max7219E)
                  00004630    00000008     primary_activity.obj (.const:.typeinfo:_ZTI16primary_activity)
                  00004638    00000008     aeo1_drivers.lib : qei_sensor.obj (.const:.typeinfo:_ZTIN4aeo110qei_sensorE)
                  00004640    00000008                      : ssi_peripheral.obj (.const:.typeinfo:_ZTIN4aeo114ssi_peripheralE)
                  00004648    00000008     rtsv7M4_T_le_v4SPD16_eabi.lib : typeinfo_.obj (.const:.typeinfo:_ZTISt9type_info)
                  00004650    00000008                                   : typeinfo_.obj (.const:.typeinfo:_ZTIe)
                  00004658    00000004                                   : typeinfo_.obj (.const:.typeinfo:_ZTSPKe)

.init_array 
*          0    0000465c    00000004     
                  0000465c    00000004     main.obj (.init_array)

.cinit     0    00004660    00000168     
                  00004660    00000140     (.cinit..data.load) [load image, compression = rle]
                  000047a0    0000000c     (__TI_handler_table)
                  000047ac    00000004     --HOLE-- [fill = 0]
                  000047b0    00000008     (.cinit..bss.load) [load image, compression = zero_init]
                  000047b8    00000010     (__TI_cinit_table)

.bss       0    20000000    000006b5     UNINITIALIZED
                  20000000    00000400     tiva_utils.lib : uartstdio.obj (.bss:g_pcUARTTxBuffer)
                  20000400    00000184     main.obj (.bss:g_oPrimaryActivity)
                  20000584    00000080     tiva_utils.lib : uartstdio.obj (.bss:g_pcUARTRxBuffer)
                  20000604    00000080     main.obj (.bss:g_zInput)
                  20000684    00000024     tiva_utils.lib : cmdline.obj (.bss:g_ppcArgv)
                  200006a8    00000004     (.common:_ZSt16__dummy_typeinfo)
                  200006ac    00000004     (.common:__dso_handle)
                  200006b0    00000004     (.common:g_ui32PortNum)
                  200006b4    00000001     (.common:g_bDisableEcho)

.TI.noinit 
*          0    20000000    00000000     UNINITIALIZED

.stack     0    200006b8    00000200     UNINITIALIZED
                  200006b8    00000200     --HOLE--

.data      0    200008b8    0000018c     UNINITIALIZED
                  200008b8    00000060     commands.obj (.data:g_psCmdTable)
                  20000918    00000034     aeo1_drivers.lib : ssi_peripheral.obj (.data:_ZN4aeo118SSI0_SpecificationE)
                  2000094c    00000034                      : ssi_peripheral.obj (.data:_ZN4aeo118SSI1_SpecificationE)
                  20000980    00000034                      : ssi_peripheral.obj (.data:_ZN4aeo118SSI2_SpecificationE)
                  200009b4    00000034                      : ssi_peripheral.obj (.data:_ZN4aeo118SSI3_SpecificationE)
                  200009e8    00000015     tiva_utils.lib : uartstdio.obj (.data)
                  200009fd    00000003     --HOLE--
                  20000a00    00000010     aeo1_drivers.lib : ssi_peripheral.obj (.data)
                  20000a10    0000000c     rtsv7M4_T_le_v4SPD16_eabi.lib : memory.obj (.data)
                  20000a1c    00000008     primary_activity.obj (.data)
                  20000a24    00000008     rtsv7M4_T_le_v4SPD16_eabi.lib : _lock.obj (.data)
                  20000a2c    00000008                                   : exit.obj (.data)
                  20000a34    00000004     aeo1_drivers.lib : ssi_drv8711.obj (.data)
                  20000a38    00000004     rtsv7M4_T_le_v4SPD16_eabi.lib : dtor_list.obj (.data)
                  20000a3c    00000004                                   : stkdepth_vars.obj (.data)
                  20000a40    00000004     tiva_utils.lib : ustdlib.obj (.data)

.TI.persistent 
*          0    200008b8    00000000     UNINITIALIZED

.sysmem    0    20000a48    00000008     UNINITIALIZED
                  20000a48    00000008     rtsv7M4_T_le_v4SPD16_eabi.lib : memory.obj (.sysmem)


LINKER GENERATED COPY TABLES

__TI_cinit_table @ 000047b8 records: 2, size/record: 8, table size: 16
	.data: load addr=00004660, load size=00000140 bytes, run addr=200008b8, run size=0000018c bytes, compression=rle
	.bss: load addr=000047b0, load size=00000008 bytes, run addr=20000000, run size=000006b5 bytes, compression=zero_init


LINKER GENERATED HANDLER TABLE

__TI_handler_table @ 000047a0 records: 3, size/record: 4, table size: 12
	index: 0, handler: __TI_decompress_rle24
	index: 1, handler: __TI_decompress_none
	index: 2, handler: __TI_zero_init


GLOBAL SYMBOLS: SORTED ALPHABETICALLY BY Name 

address   name                                                      
-------   ----                                                      
00003bb1  C$$EXIT                                                   
00003ef3  CPUcpsid                                                  
00003eff  CPUcpsie                                                  
0000365d  CmdLineProcess                                            
00003e51  FPUEnable                                                 
00003d91  FPUStackingEnable                                         
00003cdd  GPIODirModeSet                                            
00003fc3  GPIOIntClear                                              
00003f0b  GPIOIntEnable                                             
00003a2d  GPIOIntTypeSet                                            
00003175  GPIOPadConfigSet                                          
00003b21  GPIOPinConfigure                                          
00003fc9  GPIOPinRead                                               
00003df5  GPIOPinTypeGPIOInput                                      
00003d47  GPIOPinTypeGPIOOutput                                     
00003e07  GPIOPinTypeQEI                                            
00003e19  GPIOPinTypeSSI                                            
00003e2b  GPIOPinTypeUART                                           
00003fcf  GPIOPinWrite                                              
000038f9  IntDisable                                                
00003961  IntEnable                                                 
00003e61  IntMasterDisable                                          
00003e71  IntMasterEnable                                           
000025b9  OnGPIOBInterrupt                                          
000025d5  OnGPIOEInterrupt                                          
00001751  OnSSI0Interrupt                                           
0000176b  OnSSI1Interrupt                                           
00001785  OnSSI2Interrupt                                           
0000179f  OnSSI3Interrupt                                           
00003e91  QEIConfigure                                              
00003f47  QEIEnable                                                 
00003fed  QEIPositionGet                                            
00003ff1  QEIPositionSet                                            
00003f3b  ResetISR                                                  
0000465c  SHT$$INIT_ARRAY$$Base                                     
00004660  SHT$$INIT_ARRAY$$Limit                                    
00003c35  SSIConfigSetExpClk                                        
00003f17  SSIDataGet                                                
00003e3d  SSIDataGetNonBlocking                                     
00003f51  SSIDataPut                                                
00003e9f  SSIDataPutNonBlocking                                     
00003f5b  SSIDisable                                                
00003f65  SSIEnable                                                 
00003ff5  SSIIntClear                                               
00003f6f  SSIIntDisable                                             
00003fab  SSIIntEnable                                              
00003f79  SSIIntStatus                                              
000032a9  SysCtlClockGet                                            
000033b9  SysCtlClockSet                                            
00003fd5  SysCtlDelay                                               
00003ca9  SysCtlPeripheralEnable                                    
00003c71  SysCtlPeripheralPresent                                   
00003da5  SysTickEnable                                             
00003db9  SysTickIntEnable                                          
00002de1  SysTickIntHandler                                         
00003e81  SysTickPeriodSet                                          
00003ead  UARTCharGetNonBlocking                                    
00003ebb  UARTCharPutNonBlocking                                    
00003ec9  UARTCharsAvail                                            
00003fdb  UARTClockSourceSet                                        
00003b69  UARTConfigSetExpClk                                       
00003d09  UARTDisable                                               
000015c9  UARTEchoSet                                               
00003dcd  UARTEnable                                                
00003fe1  UARTFIFOLevelSet                                          
00001573  UARTFlushRx                                               
00001593  UARTFlushTx                                               
00003ff9  UARTIntClear                                              
00003f83  UARTIntDisable                                            
00003fb3  UARTIntEnable                                             
00003f8d  UARTIntStatus                                             
00001519  UARTPeek                                                  
000014f7  UARTRxBytesAvail                                          
00003ed7  UARTSpaceAvail                                            
00000fdd  UARTStdioConfig                                           
000015f5  UARTStdioIntHandler                                       
00001505  UARTTxBytesFree                                           
0000117f  UARTgetc                                                  
00001103  UARTgets                                                  
000014d3  UARTprintf                                                
000011d9  UARTvprintf                                               
00001063  UARTwrite                                                 
000030cf  _Z10CMD_intensiPPc                                        
00002eff  _Z16PrintProgramInfov                                     
00003031  _Z7CMD_setiPPc                                            
000030f5  _Z7CMD_veriPPc                                            
0000309f  _Z8CMD_diagiPPc                                           
00002fe1  _Z8CMD_helpiPPc                                           
000030af  _Z8CMD_infoiPPc                                           
000030bf  _Z9CMD_traceiPPc                                          
0000364d  _ZN10__cxxabiv116__enum_type_infoD0Ev                     
0000364b  _ZN10__cxxabiv116__enum_type_infoD1Ev                     
0000364b  _ZN10__cxxabiv116__enum_type_infoD2Ev                     
00003643  _ZN10__cxxabiv117__array_type_infoD0Ev                    
00003641  _ZN10__cxxabiv117__array_type_infoD1Ev                    
00003641  _ZN10__cxxabiv117__array_type_infoD2Ev                    
00003639  _ZN10__cxxabiv117__class_type_infoD0Ev                    
00003637  _ZN10__cxxabiv117__class_type_infoD1Ev                    
00003637  _ZN10__cxxabiv117__class_type_infoD2Ev                    
0000362f  _ZN10__cxxabiv117__pbase_type_infoD0Ev                    
0000362d  _ZN10__cxxabiv117__pbase_type_infoD1Ev                    
0000362d  _ZN10__cxxabiv117__pbase_type_infoD2Ev                    
00003625  _ZN10__cxxabiv119__pointer_type_infoD0Ev                  
00003623  _ZN10__cxxabiv119__pointer_type_infoD1Ev                  
00003623  _ZN10__cxxabiv119__pointer_type_infoD2Ev                  
0000361b  _ZN10__cxxabiv120__function_type_infoD0Ev                 
00003619  _ZN10__cxxabiv120__function_type_infoD1Ev                 
00003619  _ZN10__cxxabiv120__function_type_infoD2Ev                 
00003611  _ZN10__cxxabiv120__si_class_type_infoD0Ev                 
0000360f  _ZN10__cxxabiv120__si_class_type_infoD1Ev                 
0000360f  _ZN10__cxxabiv120__si_class_type_infoD2Ev                 
00003607  _ZN10__cxxabiv121__vmi_class_type_infoD0Ev                
00003605  _ZN10__cxxabiv121__vmi_class_type_infoD1Ev                
00003605  _ZN10__cxxabiv121__vmi_class_type_infoD2Ev                
000035fd  _ZN10__cxxabiv123__fundamental_type_infoD0Ev              
000035fb  _ZN10__cxxabiv123__fundamental_type_infoD1Ev              
000035fb  _ZN10__cxxabiv123__fundamental_type_infoD2Ev              
000035f3  _ZN10__cxxabiv129__pointer_to_member_type_infoD0Ev        
000035f1  _ZN10__cxxabiv129__pointer_to_member_type_infoD1Ev        
000035f1  _ZN10__cxxabiv129__pointer_to_member_type_infoD2Ev        
00001e0d  _ZN16primary_activity10InitializeEv                       
00001edd  _ZN16primary_activity4DiagEv                              
00001f31  _ZN16primary_activity4InfoEv                              
00001fc7  _ZN16primary_activity4SetXEi                              
00001fe7  _ZN16primary_activity4SetYEi                              
00002007  _ZN16primary_activity4SetZEi                              
00003d29  _ZN16primary_activity5TraceEv                             
00001e43  _ZN16primary_activity6OnTickEv                            
00002041  _ZN16primary_activity7OnTraceEv                           
0000201b  _ZN16primary_activity9IntensityEi                         
00001d53  _ZN16primary_activityC1Ev                                 
00001d53  _ZN16primary_activityC2Ev                                 
00001df7  _ZN16primary_activityD0Ev                                 
00001dc3  _ZN16primary_activityD1Ev                                 
00001dc3  _ZN16primary_activityD2Ev                                 
00002941  _ZN4aeo110qei_sensor10InitializeEv                        
0000296b  _ZN4aeo110qei_sensor3GetEv                                
000029d1  _ZN4aeo110qei_sensor3SetEi                                
00002a07  _ZN4aeo110qei_sensor4DiagEv                               
000029f7  _ZN4aeo110qei_sensor4ZeroEv                               
00002993  _ZN4aeo110qei_sensor8GetIndexEv                           
000028e5  _ZN4aeo110qei_sensorC1ENS0_9device_idENS0_13configurationE
000028e5  _ZN4aeo110qei_sensorC2ENS0_9device_idENS0_13configurationE
0000292b  _ZN4aeo110qei_sensorD0Ev                                  
0000291f  _ZN4aeo110qei_sensorD1Ev                                  
0000291f  _ZN4aeo110qei_sensorD2Ev                                  
0000264b  _ZN4aeo111ssi_drv871110InitializeEv                       
00002879  _ZN4aeo111ssi_drv871111GetRegisterEj                      
0000278d  _ZN4aeo111ssi_drv871115OnGpioInterruptENS0_5EventE        
00002721  _ZN4aeo111ssi_drv87114DiagEv                              
000027c5  _ZN4aeo111ssi_drv87114ReadEj                              
0000275f  _ZN4aeo111ssi_drv87115ResetEv                             
00002741  _ZN4aeo111ssi_drv87115SleepEb                             
00002827  _ZN4aeo111ssi_drv87115WriteEjj                            
000025f1  _ZN4aeo111ssi_drv8711C1Ev                                 
000025f1  _ZN4aeo111ssi_drv8711C2Ev                                 
00002635  _ZN4aeo111ssi_drv8711D0Ev                                 
00002627  _ZN4aeo111ssi_drv8711D1Ev                                 
00002627  _ZN4aeo111ssi_drv8711D2Ev                                 
00002bf1  _ZN4aeo111ssi_max721910InitializeEv                       
00002cf7  _ZN4aeo111ssi_max72193SetEPKc                             
00002c33  _ZN4aeo111ssi_max72193SetEii                              
00002c21  _ZN4aeo111ssi_max72194DiagEv                              
00003f23  _ZN4aeo111ssi_max72194OnTxEv                              
00002d83  _ZN4aeo111ssi_max72199IntensityEi                         
00002ba9  _ZN4aeo111ssi_max7219C1ENS_14ssi_peripheral9device_idE    
00002ba9  _ZN4aeo111ssi_max7219C2ENS_14ssi_peripheral9device_idE    
00002bdb  _ZN4aeo111ssi_max7219D0Ev                                 
00002bcd  _ZN4aeo111ssi_max7219D1Ev                                 
00002bcd  _ZN4aeo111ssi_max7219D2Ev                                 
000039c9  _ZN4aeo113Alpha7SegmentEc                                 
00001885  _ZN4aeo114ssi_peripheral10InitializeEv                    
00001b83  _ZN4aeo114ssi_peripheral10LoadTxFIFOEv                    
000019d1  _ZN4aeo114ssi_peripheral11OnInterruptEv                   
00001bb9  _ZN4aeo114ssi_peripheral12UnloadRxFIFOEv                  
00001b6b  _ZN4aeo114ssi_peripheral3GetEv                            
00001b57  _ZN4aeo114ssi_peripheral3PutEj                            
00001a6d  _ZN4aeo114ssi_peripheral4DiagEv                           
00003f97  _ZN4aeo114ssi_peripheral4OnRxEv                           
00003fa1  _ZN4aeo114ssi_peripheral4OnTxEv                           
00001afb  _ZN4aeo114ssi_peripheral9TerminateEv                      
000017b9  _ZN4aeo114ssi_peripheralC1ENS0_9device_idEjjb             
000017b9  _ZN4aeo114ssi_peripheralC2ENS0_9device_idEjjb             
0000186f  _ZN4aeo114ssi_peripheralD0Ev                              
0000185b  _ZN4aeo114ssi_peripheralD1Ev                              
0000185b  _ZN4aeo114ssi_peripheralD2Ev                              
20000918  _ZN4aeo118SSI0_SpecificationE                             
2000094c  _ZN4aeo118SSI1_SpecificationE                             
20000980  _ZN4aeo118SSI2_SpecificationE                             
200009b4  _ZN4aeo118SSI3_SpecificationE                             
000020a9  _ZNK16primary_activity11CheckInputsERibb                  
000035b3  _ZNKSt9type_info4nameEv                                   
000035e3  _ZNKSt9type_info6beforeERKS_                              
000035cd  _ZNKSt9type_infoeqERKS_                                   
000035b7  _ZNKSt9type_infoneERKS_                                   
000035ab  _ZNSt9type_infoD0Ev                                       
000035a9  _ZNSt9type_infoD1Ev                                       
000035a9  _ZNSt9type_infoD2Ev                                       
200006a8  _ZSt16__dummy_typeinfo                                    
000035a1  _ZSt21__gen_dummy_typeinfosv                              
00004630  _ZTI16primary_activity                                    
000045dc  _ZTIN10__cxxabiv117__class_type_infoE                     
000045e8  _ZTIN10__cxxabiv117__pbase_type_infoE                     
000045f4  _ZTIN10__cxxabiv119__pointer_type_infoE                   
00004600  _ZTIN10__cxxabiv120__si_class_type_infoE                  
0000460c  _ZTIN10__cxxabiv123__fundamental_type_infoE               
00004638  _ZTIN4aeo110qei_sensorE                                   
00004618  _ZTIN4aeo111ssi_drv8711E                                  
00004624  _ZTIN4aeo111ssi_max7219E                                  
00004640  _ZTIN4aeo114ssi_peripheralE                               
0000455c  _ZTIPKe                                                   
00004648  _ZTISt9type_info                                          
00004650  _ZTIe                                                     
0000451e  _ZTS16primary_activity                                    
00004465  _ZTSN10__cxxabiv117__class_type_infoE                     
00004487  _ZTSN10__cxxabiv117__pbase_type_infoE                     
00004441  _ZTSN10__cxxabiv119__pointer_type_infoE                   
0000441c  _ZTSN10__cxxabiv120__si_class_type_infoE                  
00004354  _ZTSN10__cxxabiv123__fundamental_type_infoE               
0000450a  _ZTSN4aeo110qei_sensorE                                   
000044e0  _ZTSN4aeo111ssi_drv8711E                                  
000044f5  _ZTSN4aeo111ssi_max7219E                                  
000044c8  _ZTSN4aeo114ssi_peripheralE                               
00004658  _ZTSPKe                                                   
000045cc  _ZTSSt9type_info                                          
000040e6  _ZTSe                                                     
0000456c  _ZTV16primary_activity                                    
0000457c  _ZTVN10__cxxabiv117__class_type_infoE                     
0000458c  _ZTVN10__cxxabiv119__pointer_type_infoE                   
0000459c  _ZTVN10__cxxabiv120__si_class_type_infoE                  
000045ac  _ZTVN10__cxxabiv123__fundamental_type_infoE               
000045bc  _ZTVN4aeo110qei_sensorE                                   
0000437c  _ZTVN4aeo111ssi_drv8711E                                  
000043a4  _ZTVN4aeo111ssi_max7219E                                  
000043cc  _ZTVN4aeo114ssi_peripheralE                               
00003fbb  _ZdlPv                                                    
200008b8  __STACK_END                                               
00000200  __STACK_SIZE                                              
200008b8  __STACK_TOP                                               
00000008  __SYSMEM_SIZE                                             
000047b8  __TI_CINIT_Base                                           
000047c8  __TI_CINIT_Limit                                          
000047a0  __TI_Handler_Table_Base                                   
000047ac  __TI_Handler_Table_Limit                                  
00003821  __TI_auto_init                                            
20000a2c  __TI_cleanup_ptr                                          
00003ee5  __TI_decompress_none                                      
00003fe7  __TI_decompress_rle24                                     
20000a30  __TI_dtors_ptr                                            
00000000  __TI_static_base__                                        
00003f2f  __TI_zero_init                                            
00003503  __aeabi_atexit                                            
000032a7  __aeabi_idiv0                                             
000037a5  __aeabi_memclr                                            
000037a5  __aeabi_memclr4                                           
000037a5  __aeabi_memclr8                                           
00003709  __aeabi_memcpy                                            
00003709  __aeabi_memcpy4                                           
00003709  __aeabi_memcpy8                                           
000037a7  __aeabi_memset                                            
000037a7  __aeabi_memset4                                           
000037a7  __aeabi_memset8                                           
00003bf5  __aeabi_uidiv                                             
00003bf5  __aeabi_uidivmod                                          
ffffffff  __binit__                                                 
ffffffff  __c_args__                                                
00003547  __cxa_atexit                                              
000034ad  __cxa_finalize                                            
000034ef  __cxa_ia64_exit                                           
200006ac  __dso_handle                                              
200006b8  __stack                                                   
00002f27  __sti___8_main_cpp_ef05dba4                               
00003d61  _args_main                                                
00003a85  _c_int00                                                  
20000a24  _lock                                                     
00003def  _nop                                                      
00003de7  _register_lock                                            
00003de1  _register_unlock                                          
20000a48  _sys_memory                                               
00003ffd  _system_pre_init                                          
20000a28  _unlock                                                   
00003bb5  abort                                                     
000034f5  atexit                                                    
ffffffff  binit                                                     
00002585  calloc                                                    
00003ad5  copy_in                                                   
00003bbd  exit                                                      
000022d3  free                                                      
20000400  g_oPrimaryActivity                                        
00000000  g_pfnVectors                                              
200008b8  g_psCmdTable                                              
00002f15  main                                                      
20000a3c  main_func_sp                                              
0000226b  malloc                                                    
000024a1  memalign                                                  
00003709  memcpy                                                    
000037ad  memset                                                    
000021dd  minit                                                     
00002395  realloc                                                   
00003d79  strcmp                                                    
00000751  ulocaltime                                                
0000094f  umktime                                                   
00000ec9  urand                                                     
00000721  usnprintf                                                 
000006ef  usprintf                                                  
00000eb9  usrand                                                    
00000e31  ustrcasecmp                                               
00000ea5  ustrcmp                                                   
00000d35  ustrlen                                                   
00000d8d  ustrncasecmp                                              
00000e45  ustrncmp                                                  
0000026d  ustrncpy                                                  
00000d57  ustrstr                                                   
00000afd  ustrtof                                                   
000009c5  ustrtoul                                                  
000002c5  uvsnprintf                                                


GLOBAL SYMBOLS: SORTED BY Symbol Address 

address   name                                                      
-------   ----                                                      
00000000  __TI_static_base__                                        
00000000  g_pfnVectors                                              
00000008  __SYSMEM_SIZE                                             
00000200  __STACK_SIZE                                              
0000026d  ustrncpy                                                  
000002c5  uvsnprintf                                                
000006ef  usprintf                                                  
00000721  usnprintf                                                 
00000751  ulocaltime                                                
0000094f  umktime                                                   
000009c5  ustrtoul                                                  
00000afd  ustrtof                                                   
00000d35  ustrlen                                                   
00000d57  ustrstr                                                   
00000d8d  ustrncasecmp                                              
00000e31  ustrcasecmp                                               
00000e45  ustrncmp                                                  
00000ea5  ustrcmp                                                   
00000eb9  usrand                                                    
00000ec9  urand                                                     
00000fdd  UARTStdioConfig                                           
00001063  UARTwrite                                                 
00001103  UARTgets                                                  
0000117f  UARTgetc                                                  
000011d9  UARTvprintf                                               
000014d3  UARTprintf                                                
000014f7  UARTRxBytesAvail                                          
00001505  UARTTxBytesFree                                           
00001519  UARTPeek                                                  
00001573  UARTFlushRx                                               
00001593  UARTFlushTx                                               
000015c9  UARTEchoSet                                               
000015f5  UARTStdioIntHandler                                       
00001751  OnSSI0Interrupt                                           
0000176b  OnSSI1Interrupt                                           
00001785  OnSSI2Interrupt                                           
0000179f  OnSSI3Interrupt                                           
000017b9  _ZN4aeo114ssi_peripheralC1ENS0_9device_idEjjb             
000017b9  _ZN4aeo114ssi_peripheralC2ENS0_9device_idEjjb             
0000185b  _ZN4aeo114ssi_peripheralD1Ev                              
0000185b  _ZN4aeo114ssi_peripheralD2Ev                              
0000186f  _ZN4aeo114ssi_peripheralD0Ev                              
00001885  _ZN4aeo114ssi_peripheral10InitializeEv                    
000019d1  _ZN4aeo114ssi_peripheral11OnInterruptEv                   
00001a6d  _ZN4aeo114ssi_peripheral4DiagEv                           
00001afb  _ZN4aeo114ssi_peripheral9TerminateEv                      
00001b57  _ZN4aeo114ssi_peripheral3PutEj                            
00001b6b  _ZN4aeo114ssi_peripheral3GetEv                            
00001b83  _ZN4aeo114ssi_peripheral10LoadTxFIFOEv                    
00001bb9  _ZN4aeo114ssi_peripheral12UnloadRxFIFOEv                  
00001d53  _ZN16primary_activityC1Ev                                 
00001d53  _ZN16primary_activityC2Ev                                 
00001dc3  _ZN16primary_activityD1Ev                                 
00001dc3  _ZN16primary_activityD2Ev                                 
00001df7  _ZN16primary_activityD0Ev                                 
00001e0d  _ZN16primary_activity10InitializeEv                       
00001e43  _ZN16primary_activity6OnTickEv                            
00001edd  _ZN16primary_activity4DiagEv                              
00001f31  _ZN16primary_activity4InfoEv                              
00001fc7  _ZN16primary_activity4SetXEi                              
00001fe7  _ZN16primary_activity4SetYEi                              
00002007  _ZN16primary_activity4SetZEi                              
0000201b  _ZN16primary_activity9IntensityEi                         
00002041  _ZN16primary_activity7OnTraceEv                           
000020a9  _ZNK16primary_activity11CheckInputsERibb                  
000021dd  minit                                                     
0000226b  malloc                                                    
000022d3  free                                                      
00002395  realloc                                                   
000024a1  memalign                                                  
00002585  calloc                                                    
000025b9  OnGPIOBInterrupt                                          
000025d5  OnGPIOEInterrupt                                          
000025f1  _ZN4aeo111ssi_drv8711C1Ev                                 
000025f1  _ZN4aeo111ssi_drv8711C2Ev                                 
00002627  _ZN4aeo111ssi_drv8711D1Ev                                 
00002627  _ZN4aeo111ssi_drv8711D2Ev                                 
00002635  _ZN4aeo111ssi_drv8711D0Ev                                 
0000264b  _ZN4aeo111ssi_drv871110InitializeEv                       
00002721  _ZN4aeo111ssi_drv87114DiagEv                              
00002741  _ZN4aeo111ssi_drv87115SleepEb                             
0000275f  _ZN4aeo111ssi_drv87115ResetEv                             
0000278d  _ZN4aeo111ssi_drv871115OnGpioInterruptENS0_5EventE        
000027c5  _ZN4aeo111ssi_drv87114ReadEj                              
00002827  _ZN4aeo111ssi_drv87115WriteEjj                            
00002879  _ZN4aeo111ssi_drv871111GetRegisterEj                      
000028e5  _ZN4aeo110qei_sensorC1ENS0_9device_idENS0_13configurationE
000028e5  _ZN4aeo110qei_sensorC2ENS0_9device_idENS0_13configurationE
0000291f  _ZN4aeo110qei_sensorD1Ev                                  
0000291f  _ZN4aeo110qei_sensorD2Ev                                  
0000292b  _ZN4aeo110qei_sensorD0Ev                                  
00002941  _ZN4aeo110qei_sensor10InitializeEv                        
0000296b  _ZN4aeo110qei_sensor3GetEv                                
00002993  _ZN4aeo110qei_sensor8GetIndexEv                           
000029d1  _ZN4aeo110qei_sensor3SetEi                                
000029f7  _ZN4aeo110qei_sensor4ZeroEv                               
00002a07  _ZN4aeo110qei_sensor4DiagEv                               
00002ba9  _ZN4aeo111ssi_max7219C1ENS_14ssi_peripheral9device_idE    
00002ba9  _ZN4aeo111ssi_max7219C2ENS_14ssi_peripheral9device_idE    
00002bcd  _ZN4aeo111ssi_max7219D1Ev                                 
00002bcd  _ZN4aeo111ssi_max7219D2Ev                                 
00002bdb  _ZN4aeo111ssi_max7219D0Ev                                 
00002bf1  _ZN4aeo111ssi_max721910InitializeEv                       
00002c21  _ZN4aeo111ssi_max72194DiagEv                              
00002c33  _ZN4aeo111ssi_max72193SetEii                              
00002cf7  _ZN4aeo111ssi_max72193SetEPKc                             
00002d83  _ZN4aeo111ssi_max72199IntensityEi                         
00002de1  SysTickIntHandler                                         
00002eff  _Z16PrintProgramInfov                                     
00002f15  main                                                      
00002f27  __sti___8_main_cpp_ef05dba4                               
00002fe1  _Z8CMD_helpiPPc                                           
00003031  _Z7CMD_setiPPc                                            
0000309f  _Z8CMD_diagiPPc                                           
000030af  _Z8CMD_infoiPPc                                           
000030bf  _Z9CMD_traceiPPc                                          
000030cf  _Z10CMD_intensiPPc                                        
000030f5  _Z7CMD_veriPPc                                            
00003175  GPIOPadConfigSet                                          
000032a7  __aeabi_idiv0                                             
000032a9  SysCtlClockGet                                            
000033b9  SysCtlClockSet                                            
000034ad  __cxa_finalize                                            
000034ef  __cxa_ia64_exit                                           
000034f5  atexit                                                    
00003503  __aeabi_atexit                                            
00003547  __cxa_atexit                                              
000035a1  _ZSt21__gen_dummy_typeinfosv                              
000035a9  _ZNSt9type_infoD1Ev                                       
000035a9  _ZNSt9type_infoD2Ev                                       
000035ab  _ZNSt9type_infoD0Ev                                       
000035b3  _ZNKSt9type_info4nameEv                                   
000035b7  _ZNKSt9type_infoneERKS_                                   
000035cd  _ZNKSt9type_infoeqERKS_                                   
000035e3  _ZNKSt9type_info6beforeERKS_                              
000035f1  _ZN10__cxxabiv129__pointer_to_member_type_infoD1Ev        
000035f1  _ZN10__cxxabiv129__pointer_to_member_type_infoD2Ev        
000035f3  _ZN10__cxxabiv129__pointer_to_member_type_infoD0Ev        
000035fb  _ZN10__cxxabiv123__fundamental_type_infoD1Ev              
000035fb  _ZN10__cxxabiv123__fundamental_type_infoD2Ev              
000035fd  _ZN10__cxxabiv123__fundamental_type_infoD0Ev              
00003605  _ZN10__cxxabiv121__vmi_class_type_infoD1Ev                
00003605  _ZN10__cxxabiv121__vmi_class_type_infoD2Ev                
00003607  _ZN10__cxxabiv121__vmi_class_type_infoD0Ev                
0000360f  _ZN10__cxxabiv120__si_class_type_infoD1Ev                 
0000360f  _ZN10__cxxabiv120__si_class_type_infoD2Ev                 
00003611  _ZN10__cxxabiv120__si_class_type_infoD0Ev                 
00003619  _ZN10__cxxabiv120__function_type_infoD1Ev                 
00003619  _ZN10__cxxabiv120__function_type_infoD2Ev                 
0000361b  _ZN10__cxxabiv120__function_type_infoD0Ev                 
00003623  _ZN10__cxxabiv119__pointer_type_infoD1Ev                  
00003623  _ZN10__cxxabiv119__pointer_type_infoD2Ev                  
00003625  _ZN10__cxxabiv119__pointer_type_infoD0Ev                  
0000362d  _ZN10__cxxabiv117__pbase_type_infoD1Ev                    
0000362d  _ZN10__cxxabiv117__pbase_type_infoD2Ev                    
0000362f  _ZN10__cxxabiv117__pbase_type_infoD0Ev                    
00003637  _ZN10__cxxabiv117__class_type_infoD1Ev                    
00003637  _ZN10__cxxabiv117__class_type_infoD2Ev                    
00003639  _ZN10__cxxabiv117__class_type_infoD0Ev                    
00003641  _ZN10__cxxabiv117__array_type_infoD1Ev                    
00003641  _ZN10__cxxabiv117__array_type_infoD2Ev                    
00003643  _ZN10__cxxabiv117__array_type_infoD0Ev                    
0000364b  _ZN10__cxxabiv116__enum_type_infoD1Ev                     
0000364b  _ZN10__cxxabiv116__enum_type_infoD2Ev                     
0000364d  _ZN10__cxxabiv116__enum_type_infoD0Ev                     
0000365d  CmdLineProcess                                            
00003709  __aeabi_memcpy                                            
00003709  __aeabi_memcpy4                                           
00003709  __aeabi_memcpy8                                           
00003709  memcpy                                                    
000037a5  __aeabi_memclr                                            
000037a5  __aeabi_memclr4                                           
000037a5  __aeabi_memclr8                                           
000037a7  __aeabi_memset                                            
000037a7  __aeabi_memset4                                           
000037a7  __aeabi_memset8                                           
000037ad  memset                                                    
00003821  __TI_auto_init                                            
000038f9  IntDisable                                                
00003961  IntEnable                                                 
000039c9  _ZN4aeo113Alpha7SegmentEc                                 
00003a2d  GPIOIntTypeSet                                            
00003a85  _c_int00                                                  
00003ad5  copy_in                                                   
00003b21  GPIOPinConfigure                                          
00003b69  UARTConfigSetExpClk                                       
00003bb1  C$$EXIT                                                   
00003bb5  abort                                                     
00003bbd  exit                                                      
00003bf5  __aeabi_uidiv                                             
00003bf5  __aeabi_uidivmod                                          
00003c35  SSIConfigSetExpClk                                        
00003c71  SysCtlPeripheralPresent                                   
00003ca9  SysCtlPeripheralEnable                                    
00003cdd  GPIODirModeSet                                            
00003d09  UARTDisable                                               
00003d29  _ZN16primary_activity5TraceEv                             
00003d47  GPIOPinTypeGPIOOutput                                     
00003d61  _args_main                                                
00003d79  strcmp                                                    
00003d91  FPUStackingEnable                                         
00003da5  SysTickEnable                                             
00003db9  SysTickIntEnable                                          
00003dcd  UARTEnable                                                
00003de1  _register_unlock                                          
00003de7  _register_lock                                            
00003def  _nop                                                      
00003df5  GPIOPinTypeGPIOInput                                      
00003e07  GPIOPinTypeQEI                                            
00003e19  GPIOPinTypeSSI                                            
00003e2b  GPIOPinTypeUART                                           
00003e3d  SSIDataGetNonBlocking                                     
00003e51  FPUEnable                                                 
00003e61  IntMasterDisable                                          
00003e71  IntMasterEnable                                           
00003e81  SysTickPeriodSet                                          
00003e91  QEIConfigure                                              
00003e9f  SSIDataPutNonBlocking                                     
00003ead  UARTCharGetNonBlocking                                    
00003ebb  UARTCharPutNonBlocking                                    
00003ec9  UARTCharsAvail                                            
00003ed7  UARTSpaceAvail                                            
00003ee5  __TI_decompress_none                                      
00003ef3  CPUcpsid                                                  
00003eff  CPUcpsie                                                  
00003f0b  GPIOIntEnable                                             
00003f17  SSIDataGet                                                
00003f23  _ZN4aeo111ssi_max72194OnTxEv                              
00003f2f  __TI_zero_init                                            
00003f3b  ResetISR                                                  
00003f47  QEIEnable                                                 
00003f51  SSIDataPut                                                
00003f5b  SSIDisable                                                
00003f65  SSIEnable                                                 
00003f6f  SSIIntDisable                                             
00003f79  SSIIntStatus                                              
00003f83  UARTIntDisable                                            
00003f8d  UARTIntStatus                                             
00003f97  _ZN4aeo114ssi_peripheral4OnRxEv                           
00003fa1  _ZN4aeo114ssi_peripheral4OnTxEv                           
00003fab  SSIIntEnable                                              
00003fb3  UARTIntEnable                                             
00003fbb  _ZdlPv                                                    
00003fc3  GPIOIntClear                                              
00003fc9  GPIOPinRead                                               
00003fcf  GPIOPinWrite                                              
00003fd5  SysCtlDelay                                               
00003fdb  UARTClockSourceSet                                        
00003fe1  UARTFIFOLevelSet                                          
00003fe7  __TI_decompress_rle24                                     
00003fed  QEIPositionGet                                            
00003ff1  QEIPositionSet                                            
00003ff5  SSIIntClear                                               
00003ff9  UARTIntClear                                              
00003ffd  _system_pre_init                                          
000040e6  _ZTSe                                                     
00004354  _ZTSN10__cxxabiv123__fundamental_type_infoE               
0000437c  _ZTVN4aeo111ssi_drv8711E                                  
000043a4  _ZTVN4aeo111ssi_max7219E                                  
000043cc  _ZTVN4aeo114ssi_peripheralE                               
0000441c  _ZTSN10__cxxabiv120__si_class_type_infoE                  
00004441  _ZTSN10__cxxabiv119__pointer_type_infoE                   
00004465  _ZTSN10__cxxabiv117__class_type_infoE                     
00004487  _ZTSN10__cxxabiv117__pbase_type_infoE                     
000044c8  _ZTSN4aeo114ssi_peripheralE                               
000044e0  _ZTSN4aeo111ssi_drv8711E                                  
000044f5  _ZTSN4aeo111ssi_max7219E                                  
0000450a  _ZTSN4aeo110qei_sensorE                                   
0000451e  _ZTS16primary_activity                                    
0000455c  _ZTIPKe                                                   
0000456c  _ZTV16primary_activity                                    
0000457c  _ZTVN10__cxxabiv117__class_type_infoE                     
0000458c  _ZTVN10__cxxabiv119__pointer_type_infoE                   
0000459c  _ZTVN10__cxxabiv120__si_class_type_infoE                  
000045ac  _ZTVN10__cxxabiv123__fundamental_type_infoE               
000045bc  _ZTVN4aeo110qei_sensorE                                   
000045cc  _ZTSSt9type_info                                          
000045dc  _ZTIN10__cxxabiv117__class_type_infoE                     
000045e8  _ZTIN10__cxxabiv117__pbase_type_infoE                     
000045f4  _ZTIN10__cxxabiv119__pointer_type_infoE                   
00004600  _ZTIN10__cxxabiv120__si_class_type_infoE                  
0000460c  _ZTIN10__cxxabiv123__fundamental_type_infoE               
00004618  _ZTIN4aeo111ssi_drv8711E                                  
00004624  _ZTIN4aeo111ssi_max7219E                                  
00004630  _ZTI16primary_activity                                    
00004638  _ZTIN4aeo110qei_sensorE                                   
00004640  _ZTIN4aeo114ssi_peripheralE                               
00004648  _ZTISt9type_info                                          
00004650  _ZTIe                                                     
00004658  _ZTSPKe                                                   
0000465c  SHT$$INIT_ARRAY$$Base                                     
00004660  SHT$$INIT_ARRAY$$Limit                                    
000047a0  __TI_Handler_Table_Base                                   
000047ac  __TI_Handler_Table_Limit                                  
000047b8  __TI_CINIT_Base                                           
000047c8  __TI_CINIT_Limit                                          
20000400  g_oPrimaryActivity                                        
200006a8  _ZSt16__dummy_typeinfo                                    
200006ac  __dso_handle                                              
200006b8  __stack                                                   
200008b8  __STACK_END                                               
200008b8  __STACK_TOP                                               
200008b8  g_psCmdTable                                              
20000918  _ZN4aeo118SSI0_SpecificationE                             
2000094c  _ZN4aeo118SSI1_SpecificationE                             
20000980  _ZN4aeo118SSI2_SpecificationE                             
200009b4  _ZN4aeo118SSI3_SpecificationE                             
20000a24  _lock                                                     
20000a28  _unlock                                                   
20000a2c  __TI_cleanup_ptr                                          
20000a30  __TI_dtors_ptr                                            
20000a3c  main_func_sp                                              
20000a48  _sys_memory                                               
ffffffff  __binit__                                                 
ffffffff  __c_args__                                                
ffffffff  binit                                                     

[316 symbols]
