******************************************************************************
                  TI ARM Linker PC v5.2.7                      
******************************************************************************
>> Linked Tue Jun 21 16:52:32 2016

OUTPUT FILE NAME:   <triple_display_dual_scale.out>
ENTRY POINT SYMBOL: "_c_int00"  address: 00003a11


MEMORY CONFIGURATION

         name            origin    length      used     unused   attr    fill
----------------------  --------  ---------  --------  --------  ----  --------
  FLASH                 00000000   00040000  0000474c  0003b8b4  R  X
  SRAM                  20000000   00008000  00000a49  000075b7  RW X


SEGMENT ALLOCATION MAP

run origin  load origin   length   init length attrs members
----------  ----------- ---------- ----------- ----- -------
00000000    00000000    00004750   00004750    r-x
  00000000    00000000    0000026c   0000026c    r-- .intvecs
  0000026c    0000026c    00003d20   00003d20    r-x .text
  00003f8c    00003f8c    00000654   00000654    r-- .const
  000045e0    000045e0    00000004   00000004    r-- .init_array
  000045e8    000045e8    00000168   00000168    r-- .cinit
20000000    20000000    00000a50   00000000    rw-
  20000000    20000000    000006b5   00000000    rw- .bss
  200006b8    200006b8    00000200   00000000    rw- .stack
  200008b8    200008b8    0000018c   00000000    rw- .data
  20000a48    20000a48    00000008   00000000    rw- .sysmem


SECTION ALLOCATION MAP

 output                                  attributes/
section   page    origin      length       input sections
--------  ----  ----------  ----------   ----------------
.intvecs   0    00000000    0000026c     
                  00000000    0000026c     tm4c123gh6pm_startup_ccs.obj (.intvecs)

.text      0    0000026c    00003d20     
                  0000026c    00000c84     tiva_utils.lib : ustdlib.obj (.text)
                  00000ef0    00000860                    : uartstdio.obj (.text)
                  00001750    00000558     aeo1_drivers.lib : ssi_peripheral.obj (.text)
                  00001ca8    0000050c     primary_activity.obj (.text)
                  000021b4    000003dc     rtsv7M4_T_le_v4SPD16_eabi.lib : memory.obj (.text)
                  00002590    0000032c     aeo1_drivers.lib : ssi_drv8711.obj (.text)
                  000028bc    000002c4                      : qei_sensor.obj (.text)
                  00002b80    0000025c                      : ssi_max7219.obj (.text)
                  00002ddc    00000200     main.obj (.text)
                  00002fdc    00000132     driverlib.lib : gpio.obj (.text:GPIOPadConfigSet)
                  0000310e    00000002     rtsv7M4_T_le_v4SPD16_eabi.lib : i_div0.obj (.text)
                  00003110    00000124     commands.obj (.text)
                  00003234    00000110     driverlib.lib : sysctl.obj (.text:SysCtlClockGet)
                  00003344    000000f4                   : sysctl.obj (.text:SysCtlClockSet)
                  00003438    000000f4     rtsv7M4_T_le_v4SPD16_eabi.lib : dtor_list.obj (.text)
                  0000352c    000000bc                                   : typeinfo_.obj (.text)
                  000035e8    000000ac     tiva_utils.lib : cmdline.obj (.text)
                  00003694    0000009c     rtsv7M4_T_le_v4SPD16_eabi.lib : memcpy_t2.obj (.text)
                  00003730    0000007a                                   : memset_t2.obj (.text)
                  000037aa    00000002     --HOLE-- [fill = 0]
                  000037ac    0000006c                                   : autoinit.obj (.text)
                  00003818    0000006a                                   : copy_decompress_rle.obj (.text)
                  00003882    00000002     --HOLE-- [fill = 0]
                  00003884    00000068     driverlib.lib : interrupt.obj (.text:IntDisable)
                  000038ec    00000068                   : interrupt.obj (.text:IntEnable)
                  00003954    00000064     aeo1_drivers.lib : alpha7segment.obj (.text)
                  000039b8    00000056     driverlib.lib : gpio.obj (.text:GPIOIntTypeSet)
                  00003a0e    00000002     --HOLE-- [fill = 0]
                  00003a10    00000050     rtsv7M4_T_le_v4SPD16_eabi.lib : boot.obj (.text)
                  00003a60    0000004c                                   : cpy_tbl.obj (.text)
                  00003aac    00000048     driverlib.lib : gpio.obj (.text:GPIOPinConfigure)
                  00003af4    00000046                   : uart.obj (.text:UARTConfigSetExpClk)
                  00003b3a    00000002     --HOLE-- [fill = 0]
                  00003b3c    00000044     rtsv7M4_T_le_v4SPD16_eabi.lib : exit.obj (.text)
                  00003b80    00000040                                   : u_divt2.obj (.text)
                  00003bc0    0000003c     driverlib.lib : ssi.obj (.text:SSIConfigSetExpClk)
                  00003bfc    00000038                   : sysctl.obj (.text:SysCtlPeripheralPresent)
                  00003c34    00000034                   : sysctl.obj (.text:SysCtlPeripheralEnable)
                  00003c68    0000002a                   : gpio.obj (.text:GPIODirModeSet)
                  00003c92    00000002     --HOLE-- [fill = 0]
                  00003c94    00000020                   : uart.obj (.text:UARTDisable)
                  00003cb4    0000001e     commands.obj (.text:_ZN16primary_activity5TraceEv)
                  00003cd2    00000018     driverlib.lib : gpio.obj (.text:GPIOPinTypeGPIOOutput)
                  00003cea    00000002     --HOLE-- [fill = 0]
                  00003cec    00000018     rtsv7M4_T_le_v4SPD16_eabi.lib : args_main.obj (.text)
                  00003d04    00000018                                   : strcmp.obj (.text)
                  00003d1c    00000014     driverlib.lib : fpu.obj (.text:FPUStackingEnable)
                  00003d30    00000014                   : systick.obj (.text:SysTickEnable)
                  00003d44    00000014                   : systick.obj (.text:SysTickIntEnable)
                  00003d58    00000014                   : uart.obj (.text:UARTEnable)
                  00003d6c    00000014     rtsv7M4_T_le_v4SPD16_eabi.lib : _lock.obj (.text)
                  00003d80    00000012     driverlib.lib : gpio.obj (.text:GPIOPinTypeGPIOInput)
                  00003d92    00000012                   : gpio.obj (.text:GPIOPinTypeQEI)
                  00003da4    00000012                   : gpio.obj (.text:GPIOPinTypeSSI)
                  00003db6    00000012                   : gpio.obj (.text:GPIOPinTypeUART)
                  00003dc8    00000012                   : ssi.obj (.text:SSIDataGetNonBlocking)
                  00003dda    00000002     --HOLE-- [fill = 0]
                  00003ddc    00000010                   : fpu.obj (.text:FPUEnable)
                  00003dec    00000010                   : interrupt.obj (.text:IntMasterDisable)
                  00003dfc    00000010                   : interrupt.obj (.text:IntMasterEnable)
                  00003e0c    00000010                   : systick.obj (.text:SysTickPeriodSet)
                  00003e1c    0000000e                   : qei.obj (.text:QEIConfigure)
                  00003e2a    0000000e                   : ssi.obj (.text:SSIDataPutNonBlocking)
                  00003e38    0000000e                   : uart.obj (.text:UARTCharGetNonBlocking)
                  00003e46    0000000e                   : uart.obj (.text:UARTCharPutNonBlocking)
                  00003e54    0000000e                   : uart.obj (.text:UARTCharsAvail)
                  00003e62    0000000e                   : uart.obj (.text:UARTSpaceAvail)
                  00003e70    0000000e     rtsv7M4_T_le_v4SPD16_eabi.lib : copy_decompress_none.obj (.text:decompress:none)
                  00003e7e    0000000c     driverlib.lib : cpu.obj (.text:CPUcpsid)
                  00003e8a    0000000c                   : cpu.obj (.text:CPUcpsie)
                  00003e96    0000000c                   : gpio.obj (.text:GPIOIntEnable)
                  00003ea2    0000000c                   : ssi.obj (.text:SSIDataGet)
                  00003eae    0000000c     aeo1_drivers.lib : ssi_max7219.obj (.text:_ZN4aeo111ssi_max72194OnTxEv)
                  00003eba    0000000c     rtsv7M4_T_le_v4SPD16_eabi.lib : copy_zero_init.obj (.text:decompress:ZI)
                  00003ec6    0000000c     tm4c123gh6pm_startup_ccs.obj (.text)
                  00003ed2    0000000a     driverlib.lib : qei.obj (.text:QEIEnable)
                  00003edc    0000000a                   : ssi.obj (.text:SSIDataPut)
                  00003ee6    0000000a                   : ssi.obj (.text:SSIDisable)
                  00003ef0    0000000a                   : ssi.obj (.text:SSIEnable)
                  00003efa    0000000a                   : ssi.obj (.text:SSIIntDisable)
                  00003f04    0000000a                   : ssi.obj (.text:SSIIntStatus)
                  00003f0e    0000000a                   : uart.obj (.text:UARTIntDisable)
                  00003f18    0000000a                   : uart.obj (.text:UARTIntStatus)
                  00003f22    0000000a     aeo1_drivers.lib : ssi_drv8711.obj (.text:_ZN4aeo114ssi_peripheral4OnRxEv)
                  00003f2c    0000000a                      : ssi_drv8711.obj (.text:_ZN4aeo114ssi_peripheral4OnTxEv)
                  00003f36    00000008     driverlib.lib : ssi.obj (.text:SSIIntEnable)
                  00003f3e    00000008                   : uart.obj (.text:UARTIntEnable)
                  00003f46    00000008     rtsv7M4_T_le_v4SPD16_eabi.lib : delete.obj (.text)
                  00003f4e    00000006     driverlib.lib : gpio.obj (.text:GPIOIntClear)
                  00003f54    00000006                   : gpio.obj (.text:GPIOPinRead)
                  00003f5a    00000006                   : gpio.obj (.text:GPIOPinWrite)
                  00003f60    00000006                   : sysctl.obj (.text:SysCtlDelay)
                  00003f66    00000006                   : uart.obj (.text:UARTClockSourceSet)
                  00003f6c    00000006                   : uart.obj (.text:UARTFIFOLevelSet)
                  00003f72    00000006     rtsv7M4_T_le_v4SPD16_eabi.lib : copy_decompress_rle.obj (.text:decompress:rle24)
                  00003f78    00000004     driverlib.lib : qei.obj (.text:QEIPositionGet)
                  00003f7c    00000004                   : qei.obj (.text:QEIPositionSet)
                  00003f80    00000004                   : ssi.obj (.text:SSIIntClear)
                  00003f84    00000004                   : uart.obj (.text:UARTIntClear)
                  00003f88    00000004     rtsv7M4_T_le_v4SPD16_eabi.lib : pre_init.obj (.text)

.const     0    00003f8c    00000654     
                  00003f8c    000000ce     commands.obj (.const:.string)
                  0000405a    00000002     rtsv7M4_T_le_v4SPD16_eabi.lib : typeinfo_.obj (.const:.typeinfo:_ZTSe)
                  0000405c    00000090     driverlib.lib : gpio.obj (.const:g_pui32GPIOBaseAddrs)
                  000040ec    0000008e     aeo1_drivers.lib : alpha7segment.obj (.const:_ZN4aeo119alpha7segment_tableE)
                  0000417a    00000002     --HOLE-- [fill = 0]
                  0000417c    00000070     driverlib.lib : interrupt.obj (.const)
                  000041ec    0000006c                   : sysctl.obj (.const:g_pui32Xtals)
                  00004258    00000040     aeo1_drivers.lib : ssi_max7219.obj (.const:_ZN4aeo119RegisterSet_DefaultE)
                  00004298    00000030     tiva_utils.lib : ustdlib.obj (.const:g_psDaysToMonth)
                  000042c8    00000028     rtsv7M4_T_le_v4SPD16_eabi.lib : typeinfo_.obj (.const:.typeinfo:_ZTSN10__cxxabiv123__fundamental_type_infoE)
                  000042f0    00000028     aeo1_drivers.lib : ssi_drv8711.obj (.const:_ZTVN4aeo111ssi_drv8711E)
                  00004318    00000028                      : ssi_max7219.obj (.const:_ZTVN4aeo111ssi_max7219E)
                  00004340    00000028                      : ssi_peripheral.obj (.const:_ZTVN4aeo114ssi_peripheralE)
                  00004368    00000028     tiva_utils.lib : uartstdio.obj (.const)
                  00004390    00000025     rtsv7M4_T_le_v4SPD16_eabi.lib : typeinfo_.obj (.const:.typeinfo:_ZTSN10__cxxabiv120__si_class_type_infoE)
                  000043b5    00000024                                   : typeinfo_.obj (.const:.typeinfo:_ZTSN10__cxxabiv119__pointer_type_infoE)
                  000043d9    00000022                                   : typeinfo_.obj (.const:.typeinfo:_ZTSN10__cxxabiv117__class_type_infoE)
                  000043fb    00000022                                   : typeinfo_.obj (.const:.typeinfo:_ZTSN10__cxxabiv117__pbase_type_infoE)
                  0000441d    00000003     --HOLE-- [fill = 0]
                  00004420    0000001c     tiva_utils.lib : ustdlib.obj (.const)
                  0000443c    00000018     aeo1_drivers.lib : ssi_peripheral.obj (.const:.typeinfo:_ZTSN4aeo114ssi_peripheralE)
                  00004454    00000015                      : ssi_drv8711.obj (.const:.typeinfo:_ZTSN4aeo111ssi_drv8711E)
                  00004469    00000015                      : ssi_max7219.obj (.const:.typeinfo:_ZTSN4aeo111ssi_max7219E)
                  0000447e    00000014                      : qei_sensor.obj (.const:.typeinfo:_ZTSN4aeo110qei_sensorE)
                  00004492    00000013     primary_activity.obj (.const:.typeinfo:_ZTS16primary_activity)
                  000044a5    00000012     aeo1_drivers.lib : ssi_max7219.obj (.const:.string)
                  000044b7    00000001     --HOLE-- [fill = 0]
                  000044b8    00000012     tiva_utils.lib : uartstdio.obj (.const:.string)
                  000044ca    00000002     --HOLE-- [fill = 0]
                  000044cc    00000012                    : ustdlib.obj (.const:.string)
                  000044de    00000002     --HOLE-- [fill = 0]
                  000044e0    00000010     rtsv7M4_T_le_v4SPD16_eabi.lib : typeinfo_.obj (.const:.typeinfo:_ZTIPKe)
                  000044f0    00000010     primary_activity.obj (.const:_ZTV16primary_activity)
                  00004500    00000010     rtsv7M4_T_le_v4SPD16_eabi.lib : typeinfo_.obj (.const:_ZTVN10__cxxabiv117__class_type_infoE)
                  00004510    00000010                                   : typeinfo_.obj (.const:_ZTVN10__cxxabiv119__pointer_type_infoE)
                  00004520    00000010                                   : typeinfo_.obj (.const:_ZTVN10__cxxabiv120__si_class_type_infoE)
                  00004530    00000010                                   : typeinfo_.obj (.const:_ZTVN10__cxxabiv123__fundamental_type_infoE)
                  00004540    00000010     aeo1_drivers.lib : qei_sensor.obj (.const:_ZTVN4aeo110qei_sensorE)
                  00004550    0000000d     rtsv7M4_T_le_v4SPD16_eabi.lib : typeinfo_.obj (.const:.typeinfo:_ZTSSt9type_info)
                  0000455d    00000003     --HOLE-- [fill = 0]
                  00004560    0000000c                                   : typeinfo_.obj (.const:.typeinfo:_ZTIN10__cxxabiv117__class_type_infoE)
                  0000456c    0000000c                                   : typeinfo_.obj (.const:.typeinfo:_ZTIN10__cxxabiv117__pbase_type_infoE)
                  00004578    0000000c                                   : typeinfo_.obj (.const:.typeinfo:_ZTIN10__cxxabiv119__pointer_type_infoE)
                  00004584    0000000c                                   : typeinfo_.obj (.const:.typeinfo:_ZTIN10__cxxabiv120__si_class_type_infoE)
                  00004590    0000000c                                   : typeinfo_.obj (.const:.typeinfo:_ZTIN10__cxxabiv123__fundamental_type_infoE)
                  0000459c    0000000c     aeo1_drivers.lib : ssi_drv8711.obj (.const:.typeinfo:_ZTIN4aeo111ssi_drv8711E)
                  000045a8    0000000c                      : ssi_max7219.obj (.const:.typeinfo:_ZTIN4aeo111ssi_max7219E)
                  000045b4    00000008     primary_activity.obj (.const:.typeinfo:_ZTI16primary_activity)
                  000045bc    00000008     aeo1_drivers.lib : qei_sensor.obj (.const:.typeinfo:_ZTIN4aeo110qei_sensorE)
                  000045c4    00000008                      : ssi_peripheral.obj (.const:.typeinfo:_ZTIN4aeo114ssi_peripheralE)
                  000045cc    00000008     rtsv7M4_T_le_v4SPD16_eabi.lib : typeinfo_.obj (.const:.typeinfo:_ZTISt9type_info)
                  000045d4    00000008                                   : typeinfo_.obj (.const:.typeinfo:_ZTIe)
                  000045dc    00000004                                   : typeinfo_.obj (.const:.typeinfo:_ZTSPKe)

.init_array 
*          0    000045e0    00000004     
                  000045e0    00000004     main.obj (.init_array)

.cinit     0    000045e8    00000168     
                  000045e8    00000140     (.cinit..data.load) [load image, compression = rle]
                  00004728    0000000c     (__TI_handler_table)
                  00004734    00000004     --HOLE-- [fill = 0]
                  00004738    00000008     (.cinit..bss.load) [load image, compression = zero_init]
                  00004740    00000010     (__TI_cinit_table)

.bss       0    20000000    000006b5     UNINITIALIZED
                  20000000    00000400     tiva_utils.lib : uartstdio.obj (.bss:g_pcUARTTxBuffer)
                  20000400    00000184     main.obj (.bss:g_oPrimaryActivity)
                  20000584    00000080     tiva_utils.lib : uartstdio.obj (.bss:g_pcUARTRxBuffer)
                  20000604    00000080     main.obj (.bss:g_zInput)
                  20000684    00000024     tiva_utils.lib : cmdline.obj (.bss:g_ppcArgv)
                  200006a8    00000004     (.common:_ZSt16__dummy_typeinfo)
                  200006ac    00000004     (.common:__dso_handle)
                  200006b0    00000004     (.common:g_ui32PortNum)
                  200006b4    00000001     (.common:g_bDisableEcho)

.TI.noinit 
*          0    20000000    00000000     UNINITIALIZED

.stack     0    200006b8    00000200     UNINITIALIZED
                  200006b8    00000200     --HOLE--

.data      0    200008b8    0000018c     UNINITIALIZED
                  200008b8    00000060     commands.obj (.data:g_psCmdTable)
                  20000918    00000034     aeo1_drivers.lib : ssi_peripheral.obj (.data:_ZN4aeo118SSI0_SpecificationE)
                  2000094c    00000034                      : ssi_peripheral.obj (.data:_ZN4aeo118SSI1_SpecificationE)
                  20000980    00000034                      : ssi_peripheral.obj (.data:_ZN4aeo118SSI2_SpecificationE)
                  200009b4    00000034                      : ssi_peripheral.obj (.data:_ZN4aeo118SSI3_SpecificationE)
                  200009e8    00000015     tiva_utils.lib : uartstdio.obj (.data)
                  200009fd    00000003     --HOLE--
                  20000a00    00000010     aeo1_drivers.lib : ssi_peripheral.obj (.data)
                  20000a10    0000000c     rtsv7M4_T_le_v4SPD16_eabi.lib : memory.obj (.data)
                  20000a1c    00000008     primary_activity.obj (.data)
                  20000a24    00000008     rtsv7M4_T_le_v4SPD16_eabi.lib : _lock.obj (.data)
                  20000a2c    00000008                                   : exit.obj (.data)
                  20000a34    00000004     aeo1_drivers.lib : ssi_drv8711.obj (.data)
                  20000a38    00000004     rtsv7M4_T_le_v4SPD16_eabi.lib : dtor_list.obj (.data)
                  20000a3c    00000004                                   : stkdepth_vars.obj (.data)
                  20000a40    00000004     tiva_utils.lib : ustdlib.obj (.data)

.TI.persistent 
*          0    200008b8    00000000     UNINITIALIZED

.sysmem    0    20000a48    00000008     UNINITIALIZED
                  20000a48    00000008     rtsv7M4_T_le_v4SPD16_eabi.lib : memory.obj (.sysmem)


LINKER GENERATED COPY TABLES

__TI_cinit_table @ 00004740 records: 2, size/record: 8, table size: 16
	.data: load addr=000045e8, load size=00000140 bytes, run addr=200008b8, run size=0000018c bytes, compression=rle
	.bss: load addr=00004738, load size=00000008 bytes, run addr=20000000, run size=000006b5 bytes, compression=zero_init


LINKER GENERATED HANDLER TABLE

__TI_handler_table @ 00004728 records: 3, size/record: 4, table size: 12
	index: 0, handler: __TI_decompress_rle24
	index: 1, handler: __TI_decompress_none
	index: 2, handler: __TI_zero_init


GLOBAL SYMBOLS: SORTED ALPHABETICALLY BY Name 

address   name                                                      
-------   ----                                                      
00003b3d  C$$EXIT                                                   
00003e7f  CPUcpsid                                                  
00003e8b  CPUcpsie                                                  
000035e9  CmdLineProcess                                            
00003ddd  FPUEnable                                                 
00003d1d  FPUStackingEnable                                         
00003c69  GPIODirModeSet                                            
00003f4f  GPIOIntClear                                              
00003e97  GPIOIntEnable                                             
000039b9  GPIOIntTypeSet                                            
00002fdd  GPIOPadConfigSet                                          
00003aad  GPIOPinConfigure                                          
00003f55  GPIOPinRead                                               
00003d81  GPIOPinTypeGPIOInput                                      
00003cd3  GPIOPinTypeGPIOOutput                                     
00003d93  GPIOPinTypeQEI                                            
00003da5  GPIOPinTypeSSI                                            
00003db7  GPIOPinTypeUART                                           
00003f5b  GPIOPinWrite                                              
00003885  IntDisable                                                
000038ed  IntEnable                                                 
00003ded  IntMasterDisable                                          
00003dfd  IntMasterEnable                                           
00002591  OnGPIOBInterrupt                                          
000025ad  OnGPIOEInterrupt                                          
00001751  OnSSI0Interrupt                                           
0000176b  OnSSI1Interrupt                                           
00001785  OnSSI2Interrupt                                           
0000179f  OnSSI3Interrupt                                           
00003e1d  QEIConfigure                                              
00003ed3  QEIEnable                                                 
00003f79  QEIPositionGet                                            
00003f7d  QEIPositionSet                                            
00003ec7  ResetISR                                                  
000045e0  SHT$$INIT_ARRAY$$Base                                     
000045e4  SHT$$INIT_ARRAY$$Limit                                    
00003bc1  SSIConfigSetExpClk                                        
00003ea3  SSIDataGet                                                
00003dc9  SSIDataGetNonBlocking                                     
00003edd  SSIDataPut                                                
00003e2b  SSIDataPutNonBlocking                                     
00003ee7  SSIDisable                                                
00003ef1  SSIEnable                                                 
00003f81  SSIIntClear                                               
00003efb  SSIIntDisable                                             
00003f37  SSIIntEnable                                              
00003f05  SSIIntStatus                                              
00003235  SysCtlClockGet                                            
00003345  SysCtlClockSet                                            
00003f61  SysCtlDelay                                               
00003c35  SysCtlPeripheralEnable                                    
00003bfd  SysCtlPeripheralPresent                                   
00003d31  SysTickEnable                                             
00003d45  SysTickIntEnable                                          
00002ddd  SysTickIntHandler                                         
00003e0d  SysTickPeriodSet                                          
00003e39  UARTCharGetNonBlocking                                    
00003e47  UARTCharPutNonBlocking                                    
00003e55  UARTCharsAvail                                            
00003f67  UARTClockSourceSet                                        
00003af5  UARTConfigSetExpClk                                       
00003c95  UARTDisable                                               
000015c9  UARTEchoSet                                               
00003d59  UARTEnable                                                
00003f6d  UARTFIFOLevelSet                                          
00001573  UARTFlushRx                                               
00001593  UARTFlushTx                                               
00003f85  UARTIntClear                                              
00003f0f  UARTIntDisable                                            
00003f3f  UARTIntEnable                                             
00003f19  UARTIntStatus                                             
00001519  UARTPeek                                                  
000014f7  UARTRxBytesAvail                                          
00003e63  UARTSpaceAvail                                            
00000fdd  UARTStdioConfig                                           
000015f5  UARTStdioIntHandler                                       
00001505  UARTTxBytesFree                                           
0000117f  UARTgetc                                                  
00001103  UARTgets                                                  
000014d3  UARTprintf                                                
000011d9  UARTvprintf                                               
00001063  UARTwrite                                                 
00002efb  _Z16PrintProgramInfov                                     
000031dd  _Z7CMD_veriPPc                                            
000031ad  _Z8CMD_diagiPPc                                           
00003111  _Z8CMD_helpiPPc                                           
000031bd  _Z8CMD_infoiPPc                                           
00003161  _Z8CMD_setxiPPc                                           
00003187  _Z8CMD_setyiPPc                                           
000031cd  _Z9CMD_traceiPPc                                          
000035d9  _ZN10__cxxabiv116__enum_type_infoD0Ev                     
000035d7  _ZN10__cxxabiv116__enum_type_infoD1Ev                     
000035d7  _ZN10__cxxabiv116__enum_type_infoD2Ev                     
000035cf  _ZN10__cxxabiv117__array_type_infoD0Ev                    
000035cd  _ZN10__cxxabiv117__array_type_infoD1Ev                    
000035cd  _ZN10__cxxabiv117__array_type_infoD2Ev                    
000035c5  _ZN10__cxxabiv117__class_type_infoD0Ev                    
000035c3  _ZN10__cxxabiv117__class_type_infoD1Ev                    
000035c3  _ZN10__cxxabiv117__class_type_infoD2Ev                    
000035bb  _ZN10__cxxabiv117__pbase_type_infoD0Ev                    
000035b9  _ZN10__cxxabiv117__pbase_type_infoD1Ev                    
000035b9  _ZN10__cxxabiv117__pbase_type_infoD2Ev                    
000035b1  _ZN10__cxxabiv119__pointer_type_infoD0Ev                  
000035af  _ZN10__cxxabiv119__pointer_type_infoD1Ev                  
000035af  _ZN10__cxxabiv119__pointer_type_infoD2Ev                  
000035a7  _ZN10__cxxabiv120__function_type_infoD0Ev                 
000035a5  _ZN10__cxxabiv120__function_type_infoD1Ev                 
000035a5  _ZN10__cxxabiv120__function_type_infoD2Ev                 
0000359d  _ZN10__cxxabiv120__si_class_type_infoD0Ev                 
0000359b  _ZN10__cxxabiv120__si_class_type_infoD1Ev                 
0000359b  _ZN10__cxxabiv120__si_class_type_infoD2Ev                 
00003593  _ZN10__cxxabiv121__vmi_class_type_infoD0Ev                
00003591  _ZN10__cxxabiv121__vmi_class_type_infoD1Ev                
00003591  _ZN10__cxxabiv121__vmi_class_type_infoD2Ev                
00003589  _ZN10__cxxabiv123__fundamental_type_infoD0Ev              
00003587  _ZN10__cxxabiv123__fundamental_type_infoD1Ev              
00003587  _ZN10__cxxabiv123__fundamental_type_infoD2Ev              
0000357f  _ZN10__cxxabiv129__pointer_to_member_type_infoD0Ev        
0000357d  _ZN10__cxxabiv129__pointer_to_member_type_infoD1Ev        
0000357d  _ZN10__cxxabiv129__pointer_to_member_type_infoD2Ev        
00001e0d  _ZN16primary_activity10InitializeEv                       
00001edd  _ZN16primary_activity4DiagEv                              
00001f31  _ZN16primary_activity4InfoEv                              
00001fc7  _ZN16primary_activity4SetXEi                              
00001fe7  _ZN16primary_activity4SetYEi                              
00002007  _ZN16primary_activity4SetZEi                              
00003cb5  _ZN16primary_activity5TraceEv                             
00001e43  _ZN16primary_activity6OnTickEv                            
0000201b  _ZN16primary_activity7OnTraceEv                           
00001d53  _ZN16primary_activityC1Ev                                 
00001d53  _ZN16primary_activityC2Ev                                 
00001df7  _ZN16primary_activityD0Ev                                 
00001dc3  _ZN16primary_activityD1Ev                                 
00001dc3  _ZN16primary_activityD2Ev                                 
00002919  _ZN4aeo110qei_sensor10InitializeEv                        
00002943  _ZN4aeo110qei_sensor3GetEv                                
000029a9  _ZN4aeo110qei_sensor3SetEi                                
000029df  _ZN4aeo110qei_sensor4DiagEv                               
000029cf  _ZN4aeo110qei_sensor4ZeroEv                               
0000296b  _ZN4aeo110qei_sensor8GetIndexEv                           
000028bd  _ZN4aeo110qei_sensorC1ENS0_9device_idENS0_13configurationE
000028bd  _ZN4aeo110qei_sensorC2ENS0_9device_idENS0_13configurationE
00002903  _ZN4aeo110qei_sensorD0Ev                                  
000028f7  _ZN4aeo110qei_sensorD1Ev                                  
000028f7  _ZN4aeo110qei_sensorD2Ev                                  
00002623  _ZN4aeo111ssi_drv871110InitializeEv                       
00002851  _ZN4aeo111ssi_drv871111GetRegisterEj                      
00002765  _ZN4aeo111ssi_drv871115OnGpioInterruptENS0_5EventE        
000026f9  _ZN4aeo111ssi_drv87114DiagEv                              
0000279d  _ZN4aeo111ssi_drv87114ReadEj                              
00002737  _ZN4aeo111ssi_drv87115ResetEv                             
00002719  _ZN4aeo111ssi_drv87115SleepEb                             
000027ff  _ZN4aeo111ssi_drv87115WriteEjj                            
000025c9  _ZN4aeo111ssi_drv8711C1Ev                                 
000025c9  _ZN4aeo111ssi_drv8711C2Ev                                 
0000260d  _ZN4aeo111ssi_drv8711D0Ev                                 
000025ff  _ZN4aeo111ssi_drv8711D1Ev                                 
000025ff  _ZN4aeo111ssi_drv8711D2Ev                                 
00002bc9  _ZN4aeo111ssi_max721910InitializeEv                       
00002ccf  _ZN4aeo111ssi_max72193SetEPKc                             
00002c0b  _ZN4aeo111ssi_max72193SetEii                              
00002bf9  _ZN4aeo111ssi_max72194DiagEv                              
00003eaf  _ZN4aeo111ssi_max72194OnTxEv                              
00002b81  _ZN4aeo111ssi_max7219C1ENS_14ssi_peripheral9device_idE    
00002b81  _ZN4aeo111ssi_max7219C2ENS_14ssi_peripheral9device_idE    
00002bb3  _ZN4aeo111ssi_max7219D0Ev                                 
00002ba5  _ZN4aeo111ssi_max7219D1Ev                                 
00002ba5  _ZN4aeo111ssi_max7219D2Ev                                 
00003955  _ZN4aeo113Alpha7SegmentEc                                 
00001885  _ZN4aeo114ssi_peripheral10InitializeEv                    
00001b83  _ZN4aeo114ssi_peripheral10LoadTxFIFOEv                    
000019d1  _ZN4aeo114ssi_peripheral11OnInterruptEv                   
00001bb9  _ZN4aeo114ssi_peripheral12UnloadRxFIFOEv                  
00001b6b  _ZN4aeo114ssi_peripheral3GetEv                            
00001b57  _ZN4aeo114ssi_peripheral3PutEj                            
00001a6d  _ZN4aeo114ssi_peripheral4DiagEv                           
00003f23  _ZN4aeo114ssi_peripheral4OnRxEv                           
00003f2d  _ZN4aeo114ssi_peripheral4OnTxEv                           
00001afb  _ZN4aeo114ssi_peripheral9TerminateEv                      
000017b9  _ZN4aeo114ssi_peripheralC1ENS0_9device_idEjjb             
000017b9  _ZN4aeo114ssi_peripheralC2ENS0_9device_idEjjb             
0000186f  _ZN4aeo114ssi_peripheralD0Ev                              
0000185b  _ZN4aeo114ssi_peripheralD1Ev                              
0000185b  _ZN4aeo114ssi_peripheralD2Ev                              
20000918  _ZN4aeo118SSI0_SpecificationE                             
2000094c  _ZN4aeo118SSI1_SpecificationE                             
20000980  _ZN4aeo118SSI2_SpecificationE                             
200009b4  _ZN4aeo118SSI3_SpecificationE                             
00002083  _ZNK16primary_activity11CheckInputsERibb                  
0000353f  _ZNKSt9type_info4nameEv                                   
0000356f  _ZNKSt9type_info6beforeERKS_                              
00003559  _ZNKSt9type_infoeqERKS_                                   
00003543  _ZNKSt9type_infoneERKS_                                   
00003537  _ZNSt9type_infoD0Ev                                       
00003535  _ZNSt9type_infoD1Ev                                       
00003535  _ZNSt9type_infoD2Ev                                       
200006a8  _ZSt16__dummy_typeinfo                                    
0000352d  _ZSt21__gen_dummy_typeinfosv                              
000045b4  _ZTI16primary_activity                                    
00004560  _ZTIN10__cxxabiv117__class_type_infoE                     
0000456c  _ZTIN10__cxxabiv117__pbase_type_infoE                     
00004578  _ZTIN10__cxxabiv119__pointer_type_infoE                   
00004584  _ZTIN10__cxxabiv120__si_class_type_infoE                  
00004590  _ZTIN10__cxxabiv123__fundamental_type_infoE               
000045bc  _ZTIN4aeo110qei_sensorE                                   
0000459c  _ZTIN4aeo111ssi_drv8711E                                  
000045a8  _ZTIN4aeo111ssi_max7219E                                  
000045c4  _ZTIN4aeo114ssi_peripheralE                               
000044e0  _ZTIPKe                                                   
000045cc  _ZTISt9type_info                                          
000045d4  _ZTIe                                                     
00004492  _ZTS16primary_activity                                    
000043d9  _ZTSN10__cxxabiv117__class_type_infoE                     
000043fb  _ZTSN10__cxxabiv117__pbase_type_infoE                     
000043b5  _ZTSN10__cxxabiv119__pointer_type_infoE                   
00004390  _ZTSN10__cxxabiv120__si_class_type_infoE                  
000042c8  _ZTSN10__cxxabiv123__fundamental_type_infoE               
0000447e  _ZTSN4aeo110qei_sensorE                                   
00004454  _ZTSN4aeo111ssi_drv8711E                                  
00004469  _ZTSN4aeo111ssi_max7219E                                  
0000443c  _ZTSN4aeo114ssi_peripheralE                               
000045dc  _ZTSPKe                                                   
00004550  _ZTSSt9type_info                                          
0000405a  _ZTSe                                                     
000044f0  _ZTV16primary_activity                                    
00004500  _ZTVN10__cxxabiv117__class_type_infoE                     
00004510  _ZTVN10__cxxabiv119__pointer_type_infoE                   
00004520  _ZTVN10__cxxabiv120__si_class_type_infoE                  
00004530  _ZTVN10__cxxabiv123__fundamental_type_infoE               
00004540  _ZTVN4aeo110qei_sensorE                                   
000042f0  _ZTVN4aeo111ssi_drv8711E                                  
00004318  _ZTVN4aeo111ssi_max7219E                                  
00004340  _ZTVN4aeo114ssi_peripheralE                               
00003f47  _ZdlPv                                                    
200008b8  __STACK_END                                               
00000200  __STACK_SIZE                                              
200008b8  __STACK_TOP                                               
00000008  __SYSMEM_SIZE                                             
00004740  __TI_CINIT_Base                                           
00004750  __TI_CINIT_Limit                                          
00004728  __TI_Handler_Table_Base                                   
00004734  __TI_Handler_Table_Limit                                  
000037ad  __TI_auto_init                                            
20000a2c  __TI_cleanup_ptr                                          
00003e71  __TI_decompress_none                                      
00003f73  __TI_decompress_rle24                                     
20000a30  __TI_dtors_ptr                                            
00000000  __TI_static_base__                                        
00003ebb  __TI_zero_init                                            
0000348f  __aeabi_atexit                                            
0000310f  __aeabi_idiv0                                             
00003731  __aeabi_memclr                                            
00003731  __aeabi_memclr4                                           
00003731  __aeabi_memclr8                                           
00003695  __aeabi_memcpy                                            
00003695  __aeabi_memcpy4                                           
00003695  __aeabi_memcpy8                                           
00003733  __aeabi_memset                                            
00003733  __aeabi_memset4                                           
00003733  __aeabi_memset8                                           
00003b81  __aeabi_uidiv                                             
00003b81  __aeabi_uidivmod                                          
ffffffff  __binit__                                                 
ffffffff  __c_args__                                                
000034d3  __cxa_atexit                                              
00003439  __cxa_finalize                                            
0000347b  __cxa_ia64_exit                                           
200006ac  __dso_handle                                              
200006b8  __stack                                                   
00002f23  __sti___8_main_cpp_ef05dba4                               
00003ced  _args_main                                                
00003a11  _c_int00                                                  
20000a24  _lock                                                     
00003d7b  _nop                                                      
00003d73  _register_lock                                            
00003d6d  _register_unlock                                          
20000a48  _sys_memory                                               
00003f89  _system_pre_init                                          
20000a28  _unlock                                                   
00003b41  abort                                                     
00003481  atexit                                                    
ffffffff  binit                                                     
0000255d  calloc                                                    
00003a61  copy_in                                                   
00003b49  exit                                                      
000022ab  free                                                      
20000400  g_oPrimaryActivity                                        
00000000  g_pfnVectors                                              
200008b8  g_psCmdTable                                              
00002f11  main                                                      
20000a3c  main_func_sp                                              
00002243  malloc                                                    
00002479  memalign                                                  
00003695  memcpy                                                    
00003739  memset                                                    
000021b5  minit                                                     
0000236d  realloc                                                   
00003d05  strcmp                                                    
00000751  ulocaltime                                                
0000094f  umktime                                                   
00000ec9  urand                                                     
00000721  usnprintf                                                 
000006ef  usprintf                                                  
00000eb9  usrand                                                    
00000e31  ustrcasecmp                                               
00000ea5  ustrcmp                                                   
00000d35  ustrlen                                                   
00000d8d  ustrncasecmp                                              
00000e45  ustrncmp                                                  
0000026d  ustrncpy                                                  
00000d57  ustrstr                                                   
00000afd  ustrtof                                                   
000009c5  ustrtoul                                                  
000002c5  uvsnprintf                                                


GLOBAL SYMBOLS: SORTED BY Symbol Address 

address   name                                                      
-------   ----                                                      
00000000  __TI_static_base__                                        
00000000  g_pfnVectors                                              
00000008  __SYSMEM_SIZE                                             
00000200  __STACK_SIZE                                              
0000026d  ustrncpy                                                  
000002c5  uvsnprintf                                                
000006ef  usprintf                                                  
00000721  usnprintf                                                 
00000751  ulocaltime                                                
0000094f  umktime                                                   
000009c5  ustrtoul                                                  
00000afd  ustrtof                                                   
00000d35  ustrlen                                                   
00000d57  ustrstr                                                   
00000d8d  ustrncasecmp                                              
00000e31  ustrcasecmp                                               
00000e45  ustrncmp                                                  
00000ea5  ustrcmp                                                   
00000eb9  usrand                                                    
00000ec9  urand                                                     
00000fdd  UARTStdioConfig                                           
00001063  UARTwrite                                                 
00001103  UARTgets                                                  
0000117f  UARTgetc                                                  
000011d9  UARTvprintf                                               
000014d3  UARTprintf                                                
000014f7  UARTRxBytesAvail                                          
00001505  UARTTxBytesFree                                           
00001519  UARTPeek                                                  
00001573  UARTFlushRx                                               
00001593  UARTFlushTx                                               
000015c9  UARTEchoSet                                               
000015f5  UARTStdioIntHandler                                       
00001751  OnSSI0Interrupt                                           
0000176b  OnSSI1Interrupt                                           
00001785  OnSSI2Interrupt                                           
0000179f  OnSSI3Interrupt                                           
000017b9  _ZN4aeo114ssi_peripheralC1ENS0_9device_idEjjb             
000017b9  _ZN4aeo114ssi_peripheralC2ENS0_9device_idEjjb             
0000185b  _ZN4aeo114ssi_peripheralD1Ev                              
0000185b  _ZN4aeo114ssi_peripheralD2Ev                              
0000186f  _ZN4aeo114ssi_peripheralD0Ev                              
00001885  _ZN4aeo114ssi_peripheral10InitializeEv                    
000019d1  _ZN4aeo114ssi_peripheral11OnInterruptEv                   
00001a6d  _ZN4aeo114ssi_peripheral4DiagEv                           
00001afb  _ZN4aeo114ssi_peripheral9TerminateEv                      
00001b57  _ZN4aeo114ssi_peripheral3PutEj                            
00001b6b  _ZN4aeo114ssi_peripheral3GetEv                            
00001b83  _ZN4aeo114ssi_peripheral10LoadTxFIFOEv                    
00001bb9  _ZN4aeo114ssi_peripheral12UnloadRxFIFOEv                  
00001d53  _ZN16primary_activityC1Ev                                 
00001d53  _ZN16primary_activityC2Ev                                 
00001dc3  _ZN16primary_activityD1Ev                                 
00001dc3  _ZN16primary_activityD2Ev                                 
00001df7  _ZN16primary_activityD0Ev                                 
00001e0d  _ZN16primary_activity10InitializeEv                       
00001e43  _ZN16primary_activity6OnTickEv                            
00001edd  _ZN16primary_activity4DiagEv                              
00001f31  _ZN16primary_activity4InfoEv                              
00001fc7  _ZN16primary_activity4SetXEi                              
00001fe7  _ZN16primary_activity4SetYEi                              
00002007  _ZN16primary_activity4SetZEi                              
0000201b  _ZN16primary_activity7OnTraceEv                           
00002083  _ZNK16primary_activity11CheckInputsERibb                  
000021b5  minit                                                     
00002243  malloc                                                    
000022ab  free                                                      
0000236d  realloc                                                   
00002479  memalign                                                  
0000255d  calloc                                                    
00002591  OnGPIOBInterrupt                                          
000025ad  OnGPIOEInterrupt                                          
000025c9  _ZN4aeo111ssi_drv8711C1Ev                                 
000025c9  _ZN4aeo111ssi_drv8711C2Ev                                 
000025ff  _ZN4aeo111ssi_drv8711D1Ev                                 
000025ff  _ZN4aeo111ssi_drv8711D2Ev                                 
0000260d  _ZN4aeo111ssi_drv8711D0Ev                                 
00002623  _ZN4aeo111ssi_drv871110InitializeEv                       
000026f9  _ZN4aeo111ssi_drv87114DiagEv                              
00002719  _ZN4aeo111ssi_drv87115SleepEb                             
00002737  _ZN4aeo111ssi_drv87115ResetEv                             
00002765  _ZN4aeo111ssi_drv871115OnGpioInterruptENS0_5EventE        
0000279d  _ZN4aeo111ssi_drv87114ReadEj                              
000027ff  _ZN4aeo111ssi_drv87115WriteEjj                            
00002851  _ZN4aeo111ssi_drv871111GetRegisterEj                      
000028bd  _ZN4aeo110qei_sensorC1ENS0_9device_idENS0_13configurationE
000028bd  _ZN4aeo110qei_sensorC2ENS0_9device_idENS0_13configurationE
000028f7  _ZN4aeo110qei_sensorD1Ev                                  
000028f7  _ZN4aeo110qei_sensorD2Ev                                  
00002903  _ZN4aeo110qei_sensorD0Ev                                  
00002919  _ZN4aeo110qei_sensor10InitializeEv                        
00002943  _ZN4aeo110qei_sensor3GetEv                                
0000296b  _ZN4aeo110qei_sensor8GetIndexEv                           
000029a9  _ZN4aeo110qei_sensor3SetEi                                
000029cf  _ZN4aeo110qei_sensor4ZeroEv                               
000029df  _ZN4aeo110qei_sensor4DiagEv                               
00002b81  _ZN4aeo111ssi_max7219C1ENS_14ssi_peripheral9device_idE    
00002b81  _ZN4aeo111ssi_max7219C2ENS_14ssi_peripheral9device_idE    
00002ba5  _ZN4aeo111ssi_max7219D1Ev                                 
00002ba5  _ZN4aeo111ssi_max7219D2Ev                                 
00002bb3  _ZN4aeo111ssi_max7219D0Ev                                 
00002bc9  _ZN4aeo111ssi_max721910InitializeEv                       
00002bf9  _ZN4aeo111ssi_max72194DiagEv                              
00002c0b  _ZN4aeo111ssi_max72193SetEii                              
00002ccf  _ZN4aeo111ssi_max72193SetEPKc                             
00002ddd  SysTickIntHandler                                         
00002efb  _Z16PrintProgramInfov                                     
00002f11  main                                                      
00002f23  __sti___8_main_cpp_ef05dba4                               
00002fdd  GPIOPadConfigSet                                          
0000310f  __aeabi_idiv0                                             
00003111  _Z8CMD_helpiPPc                                           
00003161  _Z8CMD_setxiPPc                                           
00003187  _Z8CMD_setyiPPc                                           
000031ad  _Z8CMD_diagiPPc                                           
000031bd  _Z8CMD_infoiPPc                                           
000031cd  _Z9CMD_traceiPPc                                          
000031dd  _Z7CMD_veriPPc                                            
00003235  SysCtlClockGet                                            
00003345  SysCtlClockSet                                            
00003439  __cxa_finalize                                            
0000347b  __cxa_ia64_exit                                           
00003481  atexit                                                    
0000348f  __aeabi_atexit                                            
000034d3  __cxa_atexit                                              
0000352d  _ZSt21__gen_dummy_typeinfosv                              
00003535  _ZNSt9type_infoD1Ev                                       
00003535  _ZNSt9type_infoD2Ev                                       
00003537  _ZNSt9type_infoD0Ev                                       
0000353f  _ZNKSt9type_info4nameEv                                   
00003543  _ZNKSt9type_infoneERKS_                                   
00003559  _ZNKSt9type_infoeqERKS_                                   
0000356f  _ZNKSt9type_info6beforeERKS_                              
0000357d  _ZN10__cxxabiv129__pointer_to_member_type_infoD1Ev        
0000357d  _ZN10__cxxabiv129__pointer_to_member_type_infoD2Ev        
0000357f  _ZN10__cxxabiv129__pointer_to_member_type_infoD0Ev        
00003587  _ZN10__cxxabiv123__fundamental_type_infoD1Ev              
00003587  _ZN10__cxxabiv123__fundamental_type_infoD2Ev              
00003589  _ZN10__cxxabiv123__fundamental_type_infoD0Ev              
00003591  _ZN10__cxxabiv121__vmi_class_type_infoD1Ev                
00003591  _ZN10__cxxabiv121__vmi_class_type_infoD2Ev                
00003593  _ZN10__cxxabiv121__vmi_class_type_infoD0Ev                
0000359b  _ZN10__cxxabiv120__si_class_type_infoD1Ev                 
0000359b  _ZN10__cxxabiv120__si_class_type_infoD2Ev                 
0000359d  _ZN10__cxxabiv120__si_class_type_infoD0Ev                 
000035a5  _ZN10__cxxabiv120__function_type_infoD1Ev                 
000035a5  _ZN10__cxxabiv120__function_type_infoD2Ev                 
000035a7  _ZN10__cxxabiv120__function_type_infoD0Ev                 
000035af  _ZN10__cxxabiv119__pointer_type_infoD1Ev                  
000035af  _ZN10__cxxabiv119__pointer_type_infoD2Ev                  
000035b1  _ZN10__cxxabiv119__pointer_type_infoD0Ev                  
000035b9  _ZN10__cxxabiv117__pbase_type_infoD1Ev                    
000035b9  _ZN10__cxxabiv117__pbase_type_infoD2Ev                    
000035bb  _ZN10__cxxabiv117__pbase_type_infoD0Ev                    
000035c3  _ZN10__cxxabiv117__class_type_infoD1Ev                    
000035c3  _ZN10__cxxabiv117__class_type_infoD2Ev                    
000035c5  _ZN10__cxxabiv117__class_type_infoD0Ev                    
000035cd  _ZN10__cxxabiv117__array_type_infoD1Ev                    
000035cd  _ZN10__cxxabiv117__array_type_infoD2Ev                    
000035cf  _ZN10__cxxabiv117__array_type_infoD0Ev                    
000035d7  _ZN10__cxxabiv116__enum_type_infoD1Ev                     
000035d7  _ZN10__cxxabiv116__enum_type_infoD2Ev                     
000035d9  _ZN10__cxxabiv116__enum_type_infoD0Ev                     
000035e9  CmdLineProcess                                            
00003695  __aeabi_memcpy                                            
00003695  __aeabi_memcpy4                                           
00003695  __aeabi_memcpy8                                           
00003695  memcpy                                                    
00003731  __aeabi_memclr                                            
00003731  __aeabi_memclr4                                           
00003731  __aeabi_memclr8                                           
00003733  __aeabi_memset                                            
00003733  __aeabi_memset4                                           
00003733  __aeabi_memset8                                           
00003739  memset                                                    
000037ad  __TI_auto_init                                            
00003885  IntDisable                                                
000038ed  IntEnable                                                 
00003955  _ZN4aeo113Alpha7SegmentEc                                 
000039b9  GPIOIntTypeSet                                            
00003a11  _c_int00                                                  
00003a61  copy_in                                                   
00003aad  GPIOPinConfigure                                          
00003af5  UARTConfigSetExpClk                                       
00003b3d  C$$EXIT                                                   
00003b41  abort                                                     
00003b49  exit                                                      
00003b81  __aeabi_uidiv                                             
00003b81  __aeabi_uidivmod                                          
00003bc1  SSIConfigSetExpClk                                        
00003bfd  SysCtlPeripheralPresent                                   
00003c35  SysCtlPeripheralEnable                                    
00003c69  GPIODirModeSet                                            
00003c95  UARTDisable                                               
00003cb5  _ZN16primary_activity5TraceEv                             
00003cd3  GPIOPinTypeGPIOOutput                                     
00003ced  _args_main                                                
00003d05  strcmp                                                    
00003d1d  FPUStackingEnable                                         
00003d31  SysTickEnable                                             
00003d45  SysTickIntEnable                                          
00003d59  UARTEnable                                                
00003d6d  _register_unlock                                          
00003d73  _register_lock                                            
00003d7b  _nop                                                      
00003d81  GPIOPinTypeGPIOInput                                      
00003d93  GPIOPinTypeQEI                                            
00003da5  GPIOPinTypeSSI                                            
00003db7  GPIOPinTypeUART                                           
00003dc9  SSIDataGetNonBlocking                                     
00003ddd  FPUEnable                                                 
00003ded  IntMasterDisable                                          
00003dfd  IntMasterEnable                                           
00003e0d  SysTickPeriodSet                                          
00003e1d  QEIConfigure                                              
00003e2b  SSIDataPutNonBlocking                                     
00003e39  UARTCharGetNonBlocking                                    
00003e47  UARTCharPutNonBlocking                                    
00003e55  UARTCharsAvail                                            
00003e63  UARTSpaceAvail                                            
00003e71  __TI_decompress_none                                      
00003e7f  CPUcpsid                                                  
00003e8b  CPUcpsie                                                  
00003e97  GPIOIntEnable                                             
00003ea3  SSIDataGet                                                
00003eaf  _ZN4aeo111ssi_max72194OnTxEv                              
00003ebb  __TI_zero_init                                            
00003ec7  ResetISR                                                  
00003ed3  QEIEnable                                                 
00003edd  SSIDataPut                                                
00003ee7  SSIDisable                                                
00003ef1  SSIEnable                                                 
00003efb  SSIIntDisable                                             
00003f05  SSIIntStatus                                              
00003f0f  UARTIntDisable                                            
00003f19  UARTIntStatus                                             
00003f23  _ZN4aeo114ssi_peripheral4OnRxEv                           
00003f2d  _ZN4aeo114ssi_peripheral4OnTxEv                           
00003f37  SSIIntEnable                                              
00003f3f  UARTIntEnable                                             
00003f47  _ZdlPv                                                    
00003f4f  GPIOIntClear                                              
00003f55  GPIOPinRead                                               
00003f5b  GPIOPinWrite                                              
00003f61  SysCtlDelay                                               
00003f67  UARTClockSourceSet                                        
00003f6d  UARTFIFOLevelSet                                          
00003f73  __TI_decompress_rle24                                     
00003f79  QEIPositionGet                                            
00003f7d  QEIPositionSet                                            
00003f81  SSIIntClear                                               
00003f85  UARTIntClear                                              
00003f89  _system_pre_init                                          
0000405a  _ZTSe                                                     
000042c8  _ZTSN10__cxxabiv123__fundamental_type_infoE               
000042f0  _ZTVN4aeo111ssi_drv8711E                                  
00004318  _ZTVN4aeo111ssi_max7219E                                  
00004340  _ZTVN4aeo114ssi_peripheralE                               
00004390  _ZTSN10__cxxabiv120__si_class_type_infoE                  
000043b5  _ZTSN10__cxxabiv119__pointer_type_infoE                   
000043d9  _ZTSN10__cxxabiv117__class_type_infoE                     
000043fb  _ZTSN10__cxxabiv117__pbase_type_infoE                     
0000443c  _ZTSN4aeo114ssi_peripheralE                               
00004454  _ZTSN4aeo111ssi_drv8711E                                  
00004469  _ZTSN4aeo111ssi_max7219E                                  
0000447e  _ZTSN4aeo110qei_sensorE                                   
00004492  _ZTS16primary_activity                                    
000044e0  _ZTIPKe                                                   
000044f0  _ZTV16primary_activity                                    
00004500  _ZTVN10__cxxabiv117__class_type_infoE                     
00004510  _ZTVN10__cxxabiv119__pointer_type_infoE                   
00004520  _ZTVN10__cxxabiv120__si_class_type_infoE                  
00004530  _ZTVN10__cxxabiv123__fundamental_type_infoE               
00004540  _ZTVN4aeo110qei_sensorE                                   
00004550  _ZTSSt9type_info                                          
00004560  _ZTIN10__cxxabiv117__class_type_infoE                     
0000456c  _ZTIN10__cxxabiv117__pbase_type_infoE                     
00004578  _ZTIN10__cxxabiv119__pointer_type_infoE                   
00004584  _ZTIN10__cxxabiv120__si_class_type_infoE                  
00004590  _ZTIN10__cxxabiv123__fundamental_type_infoE               
0000459c  _ZTIN4aeo111ssi_drv8711E                                  
000045a8  _ZTIN4aeo111ssi_max7219E                                  
000045b4  _ZTI16primary_activity                                    
000045bc  _ZTIN4aeo110qei_sensorE                                   
000045c4  _ZTIN4aeo114ssi_peripheralE                               
000045cc  _ZTISt9type_info                                          
000045d4  _ZTIe                                                     
000045dc  _ZTSPKe                                                   
000045e0  SHT$$INIT_ARRAY$$Base                                     
000045e4  SHT$$INIT_ARRAY$$Limit                                    
00004728  __TI_Handler_Table_Base                                   
00004734  __TI_Handler_Table_Limit                                  
00004740  __TI_CINIT_Base                                           
00004750  __TI_CINIT_Limit                                          
20000400  g_oPrimaryActivity                                        
200006a8  _ZSt16__dummy_typeinfo                                    
200006ac  __dso_handle                                              
200006b8  __stack                                                   
200008b8  __STACK_END                                               
200008b8  __STACK_TOP                                               
200008b8  g_psCmdTable                                              
20000918  _ZN4aeo118SSI0_SpecificationE                             
2000094c  _ZN4aeo118SSI1_SpecificationE                             
20000980  _ZN4aeo118SSI2_SpecificationE                             
200009b4  _ZN4aeo118SSI3_SpecificationE                             
20000a24  _lock                                                     
20000a28  _unlock                                                   
20000a2c  __TI_cleanup_ptr                                          
20000a30  __TI_dtors_ptr                                            
20000a3c  main_func_sp                                              
20000a48  _sys_memory                                               
ffffffff  __binit__                                                 
ffffffff  __c_args__                                                
ffffffff  binit                                                     

[314 symbols]
