******************************************************************************
                  TI ARM Linker PC v5.2.7                      
******************************************************************************
>> Linked Tue Jun 21 16:33:47 2016

OUTPUT FILE NAME:   <just_scales.out>
ENTRY POINT SYMBOL: "_c_int00"  address: 00003951


MEMORY CONFIGURATION

         name            origin    length      used     unused   attr    fill
----------------------  --------  ---------  --------  --------  ----  --------
  FLASH                 00000000   00040000  0000465c  0003b9a4  R  X
  SRAM                  20000000   00008000  000009d5  0000762b  RW X


SEGMENT ALLOCATION MAP

run origin  load origin   length   init length attrs members
----------  ----------- ---------- ----------- ----- -------
00000000    00000000    00004660   00004660    r-x
  00000000    00000000    0000026c   0000026c    r-- .intvecs
  0000026c    0000026c    00003c70   00003c70    r-x .text
  00003edc    00003edc    00000614   00000614    r-- .const
  000044f0    000044f0    00000004   00000004    r-- .init_array
  000044f8    000044f8    00000168   00000168    r-- .cinit
20000000    20000000    000009d8   00000000    rw-
  20000000    20000000    00000641   00000000    rw- .bss
  20000644    20000644    00000200   00000000    rw- .stack
  20000844    20000844    0000018c   00000000    rw- .data
  200009d0    200009d0    00000008   00000000    rw- .sysmem


SECTION ALLOCATION MAP

 output                                  attributes/
section   page    origin      length       input sections
--------  ----  ----------  ----------   ----------------
.intvecs   0    00000000    0000026c     
                  00000000    0000026c     tm4c123gh6pm_startup_ccs.obj (.intvecs)

.text      0    0000026c    00003c70     
                  0000026c    00000c84     tiva_utils.lib : ustdlib.obj (.text)
                  00000ef0    00000860                    : uartstdio.obj (.text)
                  00001750    00000558     aeo1_drivers.lib : ssi_peripheral.obj (.text)
                  00001ca8    0000044c     primary_activity.obj (.text)
                  000020f4    000003dc     rtsv7M4_T_le_v4SPD16_eabi.lib : memory.obj (.text)
                  000024d0    0000032c     aeo1_drivers.lib : ssi_drv8711.obj (.text)
                  000027fc    000002c4                      : qei_sensor.obj (.text)
                  00002ac0    00000268                      : ssi_display.obj (.text)
                  00002d28    000001f4     main.obj (.text)
                  00002f1c    00000132     driverlib.lib : gpio.obj (.text:GPIOPadConfigSet)
                  0000304e    00000002     rtsv7M4_T_le_v4SPD16_eabi.lib : i_div0.obj (.text)
                  00003050    00000124     commands.obj (.text)
                  00003174    00000110     driverlib.lib : sysctl.obj (.text:SysCtlClockGet)
                  00003284    000000f4                   : sysctl.obj (.text:SysCtlClockSet)
                  00003378    000000f4     rtsv7M4_T_le_v4SPD16_eabi.lib : dtor_list.obj (.text)
                  0000346c    000000bc                                   : typeinfo_.obj (.text)
                  00003528    000000ac     tiva_utils.lib : cmdline.obj (.text)
                  000035d4    0000009c     rtsv7M4_T_le_v4SPD16_eabi.lib : memcpy_t2.obj (.text)
                  00003670    0000007a                                   : memset_t2.obj (.text)
                  000036ea    00000002     --HOLE-- [fill = 0]
                  000036ec    0000006c                                   : autoinit.obj (.text)
                  00003758    0000006a                                   : copy_decompress_rle.obj (.text)
                  000037c2    00000002     --HOLE-- [fill = 0]
                  000037c4    00000068     driverlib.lib : interrupt.obj (.text:IntDisable)
                  0000382c    00000068                   : interrupt.obj (.text:IntEnable)
                  00003894    00000064     aeo1_drivers.lib : alpha7segment.obj (.text)
                  000038f8    00000056     driverlib.lib : gpio.obj (.text:GPIOIntTypeSet)
                  0000394e    00000002     --HOLE-- [fill = 0]
                  00003950    00000050     rtsv7M4_T_le_v4SPD16_eabi.lib : boot.obj (.text)
                  000039a0    0000004c                                   : cpy_tbl.obj (.text)
                  000039ec    00000048     driverlib.lib : gpio.obj (.text:GPIOPinConfigure)
                  00003a34    00000046                   : uart.obj (.text:UARTConfigSetExpClk)
                  00003a7a    00000002     --HOLE-- [fill = 0]
                  00003a7c    00000044     rtsv7M4_T_le_v4SPD16_eabi.lib : exit.obj (.text)
                  00003ac0    00000040                                   : u_divt2.obj (.text)
                  00003b00    0000003c     driverlib.lib : ssi.obj (.text:SSIConfigSetExpClk)
                  00003b3c    00000038                   : sysctl.obj (.text:SysCtlPeripheralPresent)
                  00003b74    00000034                   : sysctl.obj (.text:SysCtlPeripheralEnable)
                  00003ba8    0000002a                   : gpio.obj (.text:GPIODirModeSet)
                  00003bd2    00000002     --HOLE-- [fill = 0]
                  00003bd4    00000020                   : uart.obj (.text:UARTDisable)
                  00003bf4    0000001e     commands.obj (.text:_ZN16primary_activity5TraceEv)
                  00003c12    00000018     driverlib.lib : gpio.obj (.text:GPIOPinTypeGPIOOutput)
                  00003c2a    00000002     --HOLE-- [fill = 0]
                  00003c2c    00000018     rtsv7M4_T_le_v4SPD16_eabi.lib : args_main.obj (.text)
                  00003c44    00000018                                   : strcmp.obj (.text)
                  00003c5c    00000014     driverlib.lib : fpu.obj (.text:FPUStackingEnable)
                  00003c70    00000014                   : systick.obj (.text:SysTickEnable)
                  00003c84    00000014                   : systick.obj (.text:SysTickIntEnable)
                  00003c98    00000014                   : uart.obj (.text:UARTEnable)
                  00003cac    00000014     rtsv7M4_T_le_v4SPD16_eabi.lib : _lock.obj (.text)
                  00003cc0    00000012     driverlib.lib : gpio.obj (.text:GPIOPinTypeGPIOInput)
                  00003cd2    00000012                   : gpio.obj (.text:GPIOPinTypeQEI)
                  00003ce4    00000012                   : gpio.obj (.text:GPIOPinTypeSSI)
                  00003cf6    00000012                   : gpio.obj (.text:GPIOPinTypeUART)
                  00003d08    00000012                   : ssi.obj (.text:SSIDataGetNonBlocking)
                  00003d1a    00000002     --HOLE-- [fill = 0]
                  00003d1c    00000010                   : fpu.obj (.text:FPUEnable)
                  00003d2c    00000010                   : interrupt.obj (.text:IntMasterDisable)
                  00003d3c    00000010                   : interrupt.obj (.text:IntMasterEnable)
                  00003d4c    00000010                   : systick.obj (.text:SysTickPeriodSet)
                  00003d5c    00000010     aeo1_drivers.lib : ssi_display.obj (.text:_ZNK4aeo114ssi_peripheral7IsEmptyEv)
                  00003d6c    0000000e     driverlib.lib : qei.obj (.text:QEIConfigure)
                  00003d7a    0000000e                   : ssi.obj (.text:SSIDataPutNonBlocking)
                  00003d88    0000000e                   : uart.obj (.text:UARTCharGetNonBlocking)
                  00003d96    0000000e                   : uart.obj (.text:UARTCharPutNonBlocking)
                  00003da4    0000000e                   : uart.obj (.text:UARTCharsAvail)
                  00003db2    0000000e                   : uart.obj (.text:UARTSpaceAvail)
                  00003dc0    0000000e     rtsv7M4_T_le_v4SPD16_eabi.lib : copy_decompress_none.obj (.text:decompress:none)
                  00003dce    0000000c     driverlib.lib : cpu.obj (.text:CPUcpsid)
                  00003dda    0000000c                   : cpu.obj (.text:CPUcpsie)
                  00003de6    0000000c                   : gpio.obj (.text:GPIOIntEnable)
                  00003df2    0000000c                   : ssi.obj (.text:SSIDataGet)
                  00003dfe    0000000c     aeo1_drivers.lib : ssi_display.obj (.text:_ZN4aeo111ssi_display4OnTxEv)
                  00003e0a    0000000c     rtsv7M4_T_le_v4SPD16_eabi.lib : copy_zero_init.obj (.text:decompress:ZI)
                  00003e16    0000000c     tm4c123gh6pm_startup_ccs.obj (.text)
                  00003e22    0000000a     driverlib.lib : qei.obj (.text:QEIEnable)
                  00003e2c    0000000a                   : ssi.obj (.text:SSIDataPut)
                  00003e36    0000000a                   : ssi.obj (.text:SSIDisable)
                  00003e40    0000000a                   : ssi.obj (.text:SSIEnable)
                  00003e4a    0000000a                   : ssi.obj (.text:SSIIntDisable)
                  00003e54    0000000a                   : ssi.obj (.text:SSIIntStatus)
                  00003e5e    0000000a                   : uart.obj (.text:UARTIntDisable)
                  00003e68    0000000a                   : uart.obj (.text:UARTIntStatus)
                  00003e72    0000000a     aeo1_drivers.lib : ssi_display.obj (.text:_ZN4aeo114ssi_peripheral4OnRxEv)
                  00003e7c    0000000a                      : ssi_drv8711.obj (.text:_ZN4aeo114ssi_peripheral4OnTxEv)
                  00003e86    00000008     driverlib.lib : ssi.obj (.text:SSIIntEnable)
                  00003e8e    00000008                   : uart.obj (.text:UARTIntEnable)
                  00003e96    00000008     rtsv7M4_T_le_v4SPD16_eabi.lib : delete.obj (.text)
                  00003e9e    00000006     driverlib.lib : gpio.obj (.text:GPIOIntClear)
                  00003ea4    00000006                   : gpio.obj (.text:GPIOPinRead)
                  00003eaa    00000006                   : gpio.obj (.text:GPIOPinWrite)
                  00003eb0    00000006                   : sysctl.obj (.text:SysCtlDelay)
                  00003eb6    00000006                   : uart.obj (.text:UARTClockSourceSet)
                  00003ebc    00000006                   : uart.obj (.text:UARTFIFOLevelSet)
                  00003ec2    00000006     rtsv7M4_T_le_v4SPD16_eabi.lib : copy_decompress_rle.obj (.text:decompress:rle24)
                  00003ec8    00000004     driverlib.lib : qei.obj (.text:QEIPositionGet)
                  00003ecc    00000004                   : qei.obj (.text:QEIPositionSet)
                  00003ed0    00000004                   : ssi.obj (.text:SSIIntClear)
                  00003ed4    00000004                   : uart.obj (.text:UARTIntClear)
                  00003ed8    00000004     rtsv7M4_T_le_v4SPD16_eabi.lib : pre_init.obj (.text)

.const     0    00003edc    00000614     
                  00003edc    000000ce     commands.obj (.const:.string)
                  00003faa    00000002     rtsv7M4_T_le_v4SPD16_eabi.lib : typeinfo_.obj (.const:.typeinfo:_ZTSe)
                  00003fac    00000090     driverlib.lib : gpio.obj (.const:g_pui32GPIOBaseAddrs)
                  0000403c    0000008e     aeo1_drivers.lib : alpha7segment.obj (.const:_ZN4aeo119alpha7segment_tableE)
                  000040ca    00000002     --HOLE-- [fill = 0]
                  000040cc    00000070     driverlib.lib : interrupt.obj (.const)
                  0000413c    0000006c                   : sysctl.obj (.const:g_pui32Xtals)
                  000041a8    00000030     tiva_utils.lib : ustdlib.obj (.const:g_psDaysToMonth)
                  000041d8    00000028     rtsv7M4_T_le_v4SPD16_eabi.lib : typeinfo_.obj (.const:.typeinfo:_ZTSN10__cxxabiv123__fundamental_type_infoE)
                  00004200    00000028     aeo1_drivers.lib : ssi_display.obj (.const:_ZTVN4aeo111ssi_displayE)
                  00004228    00000028                      : ssi_drv8711.obj (.const:_ZTVN4aeo111ssi_drv8711E)
                  00004250    00000028                      : ssi_peripheral.obj (.const:_ZTVN4aeo114ssi_peripheralE)
                  00004278    00000028     tiva_utils.lib : uartstdio.obj (.const)
                  000042a0    00000025     rtsv7M4_T_le_v4SPD16_eabi.lib : typeinfo_.obj (.const:.typeinfo:_ZTSN10__cxxabiv120__si_class_type_infoE)
                  000042c5    00000024                                   : typeinfo_.obj (.const:.typeinfo:_ZTSN10__cxxabiv119__pointer_type_infoE)
                  000042e9    00000022                                   : typeinfo_.obj (.const:.typeinfo:_ZTSN10__cxxabiv117__class_type_infoE)
                  0000430b    00000022                                   : typeinfo_.obj (.const:.typeinfo:_ZTSN10__cxxabiv117__pbase_type_infoE)
                  0000432d    00000003     --HOLE-- [fill = 0]
                  00004330    0000001c     tiva_utils.lib : ustdlib.obj (.const)
                  0000434c    00000018     aeo1_drivers.lib : ssi_peripheral.obj (.const:.typeinfo:_ZTSN4aeo114ssi_peripheralE)
                  00004364    00000015                      : ssi_display.obj (.const:.typeinfo:_ZTSN4aeo111ssi_displayE)
                  00004379    00000015                      : ssi_drv8711.obj (.const:.typeinfo:_ZTSN4aeo111ssi_drv8711E)
                  0000438e    00000014                      : qei_sensor.obj (.const:.typeinfo:_ZTSN4aeo110qei_sensorE)
                  000043a2    00000013     primary_activity.obj (.const:.typeinfo:_ZTS16primary_activity)
                  000043b5    00000012     aeo1_drivers.lib : ssi_display.obj (.const:.string)
                  000043c7    00000001     --HOLE-- [fill = 0]
                  000043c8    00000012     tiva_utils.lib : uartstdio.obj (.const:.string)
                  000043da    00000002     --HOLE-- [fill = 0]
                  000043dc    00000012                    : ustdlib.obj (.const:.string)
                  000043ee    00000002     --HOLE-- [fill = 0]
                  000043f0    00000010     rtsv7M4_T_le_v4SPD16_eabi.lib : typeinfo_.obj (.const:.typeinfo:_ZTIPKe)
                  00004400    00000010     primary_activity.obj (.const:_ZTV16primary_activity)
                  00004410    00000010     rtsv7M4_T_le_v4SPD16_eabi.lib : typeinfo_.obj (.const:_ZTVN10__cxxabiv117__class_type_infoE)
                  00004420    00000010                                   : typeinfo_.obj (.const:_ZTVN10__cxxabiv119__pointer_type_infoE)
                  00004430    00000010                                   : typeinfo_.obj (.const:_ZTVN10__cxxabiv120__si_class_type_infoE)
                  00004440    00000010                                   : typeinfo_.obj (.const:_ZTVN10__cxxabiv123__fundamental_type_infoE)
                  00004450    00000010     aeo1_drivers.lib : qei_sensor.obj (.const:_ZTVN4aeo110qei_sensorE)
                  00004460    0000000d     rtsv7M4_T_le_v4SPD16_eabi.lib : typeinfo_.obj (.const:.typeinfo:_ZTSSt9type_info)
                  0000446d    00000003     --HOLE-- [fill = 0]
                  00004470    0000000c                                   : typeinfo_.obj (.const:.typeinfo:_ZTIN10__cxxabiv117__class_type_infoE)
                  0000447c    0000000c                                   : typeinfo_.obj (.const:.typeinfo:_ZTIN10__cxxabiv117__pbase_type_infoE)
                  00004488    0000000c                                   : typeinfo_.obj (.const:.typeinfo:_ZTIN10__cxxabiv119__pointer_type_infoE)
                  00004494    0000000c                                   : typeinfo_.obj (.const:.typeinfo:_ZTIN10__cxxabiv120__si_class_type_infoE)
                  000044a0    0000000c                                   : typeinfo_.obj (.const:.typeinfo:_ZTIN10__cxxabiv123__fundamental_type_infoE)
                  000044ac    0000000c     aeo1_drivers.lib : ssi_display.obj (.const:.typeinfo:_ZTIN4aeo111ssi_displayE)
                  000044b8    0000000c                      : ssi_drv8711.obj (.const:.typeinfo:_ZTIN4aeo111ssi_drv8711E)
                  000044c4    00000008     primary_activity.obj (.const:.typeinfo:_ZTI16primary_activity)
                  000044cc    00000008     aeo1_drivers.lib : qei_sensor.obj (.const:.typeinfo:_ZTIN4aeo110qei_sensorE)
                  000044d4    00000008                      : ssi_peripheral.obj (.const:.typeinfo:_ZTIN4aeo114ssi_peripheralE)
                  000044dc    00000008     rtsv7M4_T_le_v4SPD16_eabi.lib : typeinfo_.obj (.const:.typeinfo:_ZTISt9type_info)
                  000044e4    00000008                                   : typeinfo_.obj (.const:.typeinfo:_ZTIe)
                  000044ec    00000004                                   : typeinfo_.obj (.const:.typeinfo:_ZTSPKe)

.init_array 
*          0    000044f0    00000004     
                  000044f0    00000004     main.obj (.init_array)

.cinit     0    000044f8    00000168     
                  000044f8    00000140     (.cinit..data.load) [load image, compression = rle]
                  00004638    0000000c     (__TI_handler_table)
                  00004644    00000004     --HOLE-- [fill = 0]
                  00004648    00000008     (.cinit..bss.load) [load image, compression = zero_init]
                  00004650    00000010     (__TI_cinit_table)

.bss       0    20000000    00000641     UNINITIALIZED
                  20000000    00000400     tiva_utils.lib : uartstdio.obj (.bss:g_pcUARTTxBuffer)
                  20000400    00000110     main.obj (.bss:g_oPrimaryActivity)
                  20000510    00000080     tiva_utils.lib : uartstdio.obj (.bss:g_pcUARTRxBuffer)
                  20000590    00000080     main.obj (.bss:g_zInput)
                  20000610    00000024     tiva_utils.lib : cmdline.obj (.bss:g_ppcArgv)
                  20000634    00000004     (.common:_ZSt16__dummy_typeinfo)
                  20000638    00000004     (.common:__dso_handle)
                  2000063c    00000004     (.common:g_ui32PortNum)
                  20000640    00000001     (.common:g_bDisableEcho)

.TI.noinit 
*          0    20000000    00000000     UNINITIALIZED

.stack     0    20000644    00000200     UNINITIALIZED
                  20000644    00000200     --HOLE--

.data      0    20000844    0000018c     UNINITIALIZED
                  20000844    00000060     commands.obj (.data:g_psCmdTable)
                  200008a4    00000034     aeo1_drivers.lib : ssi_peripheral.obj (.data:_ZN4aeo118SSI0_SpecificationE)
                  200008d8    00000034                      : ssi_peripheral.obj (.data:_ZN4aeo118SSI1_SpecificationE)
                  2000090c    00000034                      : ssi_peripheral.obj (.data:_ZN4aeo118SSI2_SpecificationE)
                  20000940    00000034                      : ssi_peripheral.obj (.data:_ZN4aeo118SSI3_SpecificationE)
                  20000974    00000015     tiva_utils.lib : uartstdio.obj (.data)
                  20000989    00000003     --HOLE--
                  2000098c    00000010     aeo1_drivers.lib : ssi_peripheral.obj (.data)
                  2000099c    0000000c     rtsv7M4_T_le_v4SPD16_eabi.lib : memory.obj (.data)
                  200009a8    00000008     primary_activity.obj (.data)
                  200009b0    00000008     rtsv7M4_T_le_v4SPD16_eabi.lib : _lock.obj (.data)
                  200009b8    00000008                                   : exit.obj (.data)
                  200009c0    00000004     aeo1_drivers.lib : ssi_drv8711.obj (.data)
                  200009c4    00000004     rtsv7M4_T_le_v4SPD16_eabi.lib : dtor_list.obj (.data)
                  200009c8    00000004                                   : stkdepth_vars.obj (.data)
                  200009cc    00000004     tiva_utils.lib : ustdlib.obj (.data)

.TI.persistent 
*          0    20000844    00000000     UNINITIALIZED

.sysmem    0    200009d0    00000008     UNINITIALIZED
                  200009d0    00000008     rtsv7M4_T_le_v4SPD16_eabi.lib : memory.obj (.sysmem)


LINKER GENERATED COPY TABLES

__TI_cinit_table @ 00004650 records: 2, size/record: 8, table size: 16
	.data: load addr=000044f8, load size=00000140 bytes, run addr=20000844, run size=0000018c bytes, compression=rle
	.bss: load addr=00004648, load size=00000008 bytes, run addr=20000000, run size=00000641 bytes, compression=zero_init


LINKER GENERATED HANDLER TABLE

__TI_handler_table @ 00004638 records: 3, size/record: 4, table size: 12
	index: 0, handler: __TI_decompress_rle24
	index: 1, handler: __TI_decompress_none
	index: 2, handler: __TI_zero_init


GLOBAL SYMBOLS: SORTED ALPHABETICALLY BY Name 

address   name                                                      
-------   ----                                                      
00003a7d  C$$EXIT                                                   
00003dcf  CPUcpsid                                                  
00003ddb  CPUcpsie                                                  
00003529  CmdLineProcess                                            
00003d1d  FPUEnable                                                 
00003c5d  FPUStackingEnable                                         
00003ba9  GPIODirModeSet                                            
00003e9f  GPIOIntClear                                              
00003de7  GPIOIntEnable                                             
000038f9  GPIOIntTypeSet                                            
00002f1d  GPIOPadConfigSet                                          
000039ed  GPIOPinConfigure                                          
00003ea5  GPIOPinRead                                               
00003cc1  GPIOPinTypeGPIOInput                                      
00003c13  GPIOPinTypeGPIOOutput                                     
00003cd3  GPIOPinTypeQEI                                            
00003ce5  GPIOPinTypeSSI                                            
00003cf7  GPIOPinTypeUART                                           
00003eab  GPIOPinWrite                                              
000037c5  IntDisable                                                
0000382d  IntEnable                                                 
00003d2d  IntMasterDisable                                          
00003d3d  IntMasterEnable                                           
000024d1  OnGPIOBInterrupt                                          
000024ed  OnGPIOEInterrupt                                          
00001751  OnSSI0Interrupt                                           
0000176b  OnSSI1Interrupt                                           
00001785  OnSSI2Interrupt                                           
0000179f  OnSSI3Interrupt                                           
00003d6d  QEIConfigure                                              
00003e23  QEIEnable                                                 
00003ec9  QEIPositionGet                                            
00003ecd  QEIPositionSet                                            
00003e17  ResetISR                                                  
000044f0  SHT$$INIT_ARRAY$$Base                                     
000044f4  SHT$$INIT_ARRAY$$Limit                                    
00003b01  SSIConfigSetExpClk                                        
00003df3  SSIDataGet                                                
00003d09  SSIDataGetNonBlocking                                     
00003e2d  SSIDataPut                                                
00003d7b  SSIDataPutNonBlocking                                     
00003e37  SSIDisable                                                
00003e41  SSIEnable                                                 
00003ed1  SSIIntClear                                               
00003e4b  SSIIntDisable                                             
00003e87  SSIIntEnable                                              
00003e55  SSIIntStatus                                              
00003175  SysCtlClockGet                                            
00003285  SysCtlClockSet                                            
00003eb1  SysCtlDelay                                               
00003b75  SysCtlPeripheralEnable                                    
00003b3d  SysCtlPeripheralPresent                                   
00003c71  SysTickEnable                                             
00003c85  SysTickIntEnable                                          
00002d29  SysTickIntHandler                                         
00003d4d  SysTickPeriodSet                                          
00003d89  UARTCharGetNonBlocking                                    
00003d97  UARTCharPutNonBlocking                                    
00003da5  UARTCharsAvail                                            
00003eb7  UARTClockSourceSet                                        
00003a35  UARTConfigSetExpClk                                       
00003bd5  UARTDisable                                               
000015c9  UARTEchoSet                                               
00003c99  UARTEnable                                                
00003ebd  UARTFIFOLevelSet                                          
00001573  UARTFlushRx                                               
00001593  UARTFlushTx                                               
00003ed5  UARTIntClear                                              
00003e5f  UARTIntDisable                                            
00003e8f  UARTIntEnable                                             
00003e69  UARTIntStatus                                             
00001519  UARTPeek                                                  
000014f7  UARTRxBytesAvail                                          
00003db3  UARTSpaceAvail                                            
00000fdd  UARTStdioConfig                                           
000015f5  UARTStdioIntHandler                                       
00001505  UARTTxBytesFree                                           
0000117f  UARTgetc                                                  
00001103  UARTgets                                                  
000014d3  UARTprintf                                                
000011d9  UARTvprintf                                               
00001063  UARTwrite                                                 
00002e47  _Z16PrintProgramInfov                                     
0000311d  _Z7CMD_veriPPc                                            
000030ed  _Z8CMD_diagiPPc                                           
00003051  _Z8CMD_helpiPPc                                           
000030fd  _Z8CMD_infoiPPc                                           
000030a1  _Z8CMD_setxiPPc                                           
000030c7  _Z8CMD_setyiPPc                                           
0000310d  _Z9CMD_traceiPPc                                          
00003519  _ZN10__cxxabiv116__enum_type_infoD0Ev                     
00003517  _ZN10__cxxabiv116__enum_type_infoD1Ev                     
00003517  _ZN10__cxxabiv116__enum_type_infoD2Ev                     
0000350f  _ZN10__cxxabiv117__array_type_infoD0Ev                    
0000350d  _ZN10__cxxabiv117__array_type_infoD1Ev                    
0000350d  _ZN10__cxxabiv117__array_type_infoD2Ev                    
00003505  _ZN10__cxxabiv117__class_type_infoD0Ev                    
00003503  _ZN10__cxxabiv117__class_type_infoD1Ev                    
00003503  _ZN10__cxxabiv117__class_type_infoD2Ev                    
000034fb  _ZN10__cxxabiv117__pbase_type_infoD0Ev                    
000034f9  _ZN10__cxxabiv117__pbase_type_infoD1Ev                    
000034f9  _ZN10__cxxabiv117__pbase_type_infoD2Ev                    
000034f1  _ZN10__cxxabiv119__pointer_type_infoD0Ev                  
000034ef  _ZN10__cxxabiv119__pointer_type_infoD1Ev                  
000034ef  _ZN10__cxxabiv119__pointer_type_infoD2Ev                  
000034e7  _ZN10__cxxabiv120__function_type_infoD0Ev                 
000034e5  _ZN10__cxxabiv120__function_type_infoD1Ev                 
000034e5  _ZN10__cxxabiv120__function_type_infoD2Ev                 
000034dd  _ZN10__cxxabiv120__si_class_type_infoD0Ev                 
000034db  _ZN10__cxxabiv120__si_class_type_infoD1Ev                 
000034db  _ZN10__cxxabiv120__si_class_type_infoD2Ev                 
000034d3  _ZN10__cxxabiv121__vmi_class_type_infoD0Ev                
000034d1  _ZN10__cxxabiv121__vmi_class_type_infoD1Ev                
000034d1  _ZN10__cxxabiv121__vmi_class_type_infoD2Ev                
000034c9  _ZN10__cxxabiv123__fundamental_type_infoD0Ev              
000034c7  _ZN10__cxxabiv123__fundamental_type_infoD1Ev              
000034c7  _ZN10__cxxabiv123__fundamental_type_infoD2Ev              
000034bf  _ZN10__cxxabiv129__pointer_to_member_type_infoD0Ev        
000034bd  _ZN10__cxxabiv129__pointer_to_member_type_infoD1Ev        
000034bd  _ZN10__cxxabiv129__pointer_to_member_type_infoD2Ev        
00001de3  _ZN16primary_activity10InitializeEv                       
00001e9f  _ZN16primary_activity4DiagEv                              
00001ed5  _ZN16primary_activity4InfoEv                              
00001f51  _ZN16primary_activity4SetXEi                              
00001f6f  _ZN16primary_activity4SetYEi                              
00003bf5  _ZN16primary_activity5TraceEv                             
00001e0d  _ZN16primary_activity6OnTickEv                            
00001f91  _ZN16primary_activity7OnTraceEv                           
00001d4b  _ZN16primary_activityC1Ev                                 
00001d4b  _ZN16primary_activityC2Ev                                 
00001dcd  _ZN16primary_activityD0Ev                                 
00001da5  _ZN16primary_activityD1Ev                                 
00001da5  _ZN16primary_activityD2Ev                                 
00002859  _ZN4aeo110qei_sensor10InitializeEv                        
00002883  _ZN4aeo110qei_sensor3GetEv                                
000028e9  _ZN4aeo110qei_sensor3SetEi                                
0000291f  _ZN4aeo110qei_sensor4DiagEv                               
0000290f  _ZN4aeo110qei_sensor4ZeroEv                               
000028ab  _ZN4aeo110qei_sensor8GetIndexEv                           
000027fd  _ZN4aeo110qei_sensorC1ENS0_9device_idENS0_13configurationE
000027fd  _ZN4aeo110qei_sensorC2ENS0_9device_idENS0_13configurationE
00002843  _ZN4aeo110qei_sensorD0Ev                                  
00002837  _ZN4aeo110qei_sensorD1Ev                                  
00002837  _ZN4aeo110qei_sensorD2Ev                                  
00002b0b  _ZN4aeo111ssi_display10InitializeEv                       
00002ca5  _ZN4aeo111ssi_display14Digit2SegmentsEjjb                 
00002c07  _ZN4aeo111ssi_display3SetEPKc                             
00002b29  _ZN4aeo111ssi_display3SetEii                              
00002b17  _ZN4aeo111ssi_display4DiagEv                              
00003dff  _ZN4aeo111ssi_display4OnTxEv                              
00002ac1  _ZN4aeo111ssi_displayC1ENS_14ssi_peripheral9device_idE    
00002ac1  _ZN4aeo111ssi_displayC2ENS_14ssi_peripheral9device_idE    
00002af5  _ZN4aeo111ssi_displayD0Ev                                 
00002ae7  _ZN4aeo111ssi_displayD1Ev                                 
00002ae7  _ZN4aeo111ssi_displayD2Ev                                 
00002563  _ZN4aeo111ssi_drv871110InitializeEv                       
00002791  _ZN4aeo111ssi_drv871111GetRegisterEj                      
000026a5  _ZN4aeo111ssi_drv871115OnGpioInterruptENS0_5EventE        
00002639  _ZN4aeo111ssi_drv87114DiagEv                              
000026dd  _ZN4aeo111ssi_drv87114ReadEj                              
00002677  _ZN4aeo111ssi_drv87115ResetEv                             
00002659  _ZN4aeo111ssi_drv87115SleepEb                             
0000273f  _ZN4aeo111ssi_drv87115WriteEjj                            
00002509  _ZN4aeo111ssi_drv8711C1Ev                                 
00002509  _ZN4aeo111ssi_drv8711C2Ev                                 
0000254d  _ZN4aeo111ssi_drv8711D0Ev                                 
0000253f  _ZN4aeo111ssi_drv8711D1Ev                                 
0000253f  _ZN4aeo111ssi_drv8711D2Ev                                 
00003895  _ZN4aeo113Alpha7SegmentEc                                 
00001885  _ZN4aeo114ssi_peripheral10InitializeEv                    
00001b83  _ZN4aeo114ssi_peripheral10LoadTxFIFOEv                    
000019d1  _ZN4aeo114ssi_peripheral11OnInterruptEv                   
00001bb9  _ZN4aeo114ssi_peripheral12UnloadRxFIFOEv                  
00001b6b  _ZN4aeo114ssi_peripheral3GetEv                            
00001b57  _ZN4aeo114ssi_peripheral3PutEj                            
00001a6d  _ZN4aeo114ssi_peripheral4DiagEv                           
00003e73  _ZN4aeo114ssi_peripheral4OnRxEv                           
00003e7d  _ZN4aeo114ssi_peripheral4OnTxEv                           
00001afb  _ZN4aeo114ssi_peripheral9TerminateEv                      
000017b9  _ZN4aeo114ssi_peripheralC1ENS0_9device_idEjjb             
000017b9  _ZN4aeo114ssi_peripheralC2ENS0_9device_idEjjb             
0000186f  _ZN4aeo114ssi_peripheralD0Ev                              
0000185b  _ZN4aeo114ssi_peripheralD1Ev                              
0000185b  _ZN4aeo114ssi_peripheralD2Ev                              
200008a4  _ZN4aeo118SSI0_SpecificationE                             
200008d8  _ZN4aeo118SSI1_SpecificationE                             
2000090c  _ZN4aeo118SSI2_SpecificationE                             
20000940  _ZN4aeo118SSI3_SpecificationE                             
00001ff5  _ZNK16primary_activity11CheckInputsERibb                  
00003d5d  _ZNK4aeo114ssi_peripheral7IsEmptyEv                       
0000347f  _ZNKSt9type_info4nameEv                                   
000034af  _ZNKSt9type_info6beforeERKS_                              
00003499  _ZNKSt9type_infoeqERKS_                                   
00003483  _ZNKSt9type_infoneERKS_                                   
00003477  _ZNSt9type_infoD0Ev                                       
00003475  _ZNSt9type_infoD1Ev                                       
00003475  _ZNSt9type_infoD2Ev                                       
20000634  _ZSt16__dummy_typeinfo                                    
0000346d  _ZSt21__gen_dummy_typeinfosv                              
000044c4  _ZTI16primary_activity                                    
00004470  _ZTIN10__cxxabiv117__class_type_infoE                     
0000447c  _ZTIN10__cxxabiv117__pbase_type_infoE                     
00004488  _ZTIN10__cxxabiv119__pointer_type_infoE                   
00004494  _ZTIN10__cxxabiv120__si_class_type_infoE                  
000044a0  _ZTIN10__cxxabiv123__fundamental_type_infoE               
000044cc  _ZTIN4aeo110qei_sensorE                                   
000044ac  _ZTIN4aeo111ssi_displayE                                  
000044b8  _ZTIN4aeo111ssi_drv8711E                                  
000044d4  _ZTIN4aeo114ssi_peripheralE                               
000043f0  _ZTIPKe                                                   
000044dc  _ZTISt9type_info                                          
000044e4  _ZTIe                                                     
000043a2  _ZTS16primary_activity                                    
000042e9  _ZTSN10__cxxabiv117__class_type_infoE                     
0000430b  _ZTSN10__cxxabiv117__pbase_type_infoE                     
000042c5  _ZTSN10__cxxabiv119__pointer_type_infoE                   
000042a0  _ZTSN10__cxxabiv120__si_class_type_infoE                  
000041d8  _ZTSN10__cxxabiv123__fundamental_type_infoE               
0000438e  _ZTSN4aeo110qei_sensorE                                   
00004364  _ZTSN4aeo111ssi_displayE                                  
00004379  _ZTSN4aeo111ssi_drv8711E                                  
0000434c  _ZTSN4aeo114ssi_peripheralE                               
000044ec  _ZTSPKe                                                   
00004460  _ZTSSt9type_info                                          
00003faa  _ZTSe                                                     
00004400  _ZTV16primary_activity                                    
00004410  _ZTVN10__cxxabiv117__class_type_infoE                     
00004420  _ZTVN10__cxxabiv119__pointer_type_infoE                   
00004430  _ZTVN10__cxxabiv120__si_class_type_infoE                  
00004440  _ZTVN10__cxxabiv123__fundamental_type_infoE               
00004450  _ZTVN4aeo110qei_sensorE                                   
00004200  _ZTVN4aeo111ssi_displayE                                  
00004228  _ZTVN4aeo111ssi_drv8711E                                  
00004250  _ZTVN4aeo114ssi_peripheralE                               
00003e97  _ZdlPv                                                    
20000844  __STACK_END                                               
00000200  __STACK_SIZE                                              
20000844  __STACK_TOP                                               
00000008  __SYSMEM_SIZE                                             
00004650  __TI_CINIT_Base                                           
00004660  __TI_CINIT_Limit                                          
00004638  __TI_Handler_Table_Base                                   
00004644  __TI_Handler_Table_Limit                                  
000036ed  __TI_auto_init                                            
200009b8  __TI_cleanup_ptr                                          
00003dc1  __TI_decompress_none                                      
00003ec3  __TI_decompress_rle24                                     
200009bc  __TI_dtors_ptr                                            
00000000  __TI_static_base__                                        
00003e0b  __TI_zero_init                                            
000033cf  __aeabi_atexit                                            
0000304f  __aeabi_idiv0                                             
00003671  __aeabi_memclr                                            
00003671  __aeabi_memclr4                                           
00003671  __aeabi_memclr8                                           
000035d5  __aeabi_memcpy                                            
000035d5  __aeabi_memcpy4                                           
000035d5  __aeabi_memcpy8                                           
00003673  __aeabi_memset                                            
00003673  __aeabi_memset4                                           
00003673  __aeabi_memset8                                           
00003ac1  __aeabi_uidiv                                             
00003ac1  __aeabi_uidivmod                                          
ffffffff  __binit__                                                 
ffffffff  __c_args__                                                
00003413  __cxa_atexit                                              
00003379  __cxa_finalize                                            
000033bb  __cxa_ia64_exit                                           
20000638  __dso_handle                                              
20000644  __stack                                                   
00002e6f  __sti___8_main_cpp_ef05dba4                               
00003c2d  _args_main                                                
00003951  _c_int00                                                  
200009b0  _lock                                                     
00003cbb  _nop                                                      
00003cb3  _register_lock                                            
00003cad  _register_unlock                                          
200009d0  _sys_memory                                               
00003ed9  _system_pre_init                                          
200009b4  _unlock                                                   
00003a81  abort                                                     
000033c1  atexit                                                    
ffffffff  binit                                                     
0000249d  calloc                                                    
000039a1  copy_in                                                   
00003a89  exit                                                      
000021eb  free                                                      
20000400  g_oPrimaryActivity                                        
00000000  g_pfnVectors                                              
20000844  g_psCmdTable                                              
00002e5d  main                                                      
200009c8  main_func_sp                                              
00002183  malloc                                                    
000023b9  memalign                                                  
000035d5  memcpy                                                    
00003679  memset                                                    
000020f5  minit                                                     
000022ad  realloc                                                   
00003c45  strcmp                                                    
00000751  ulocaltime                                                
0000094f  umktime                                                   
00000ec9  urand                                                     
00000721  usnprintf                                                 
000006ef  usprintf                                                  
00000eb9  usrand                                                    
00000e31  ustrcasecmp                                               
00000ea5  ustrcmp                                                   
00000d35  ustrlen                                                   
00000d8d  ustrncasecmp                                              
00000e45  ustrncmp                                                  
0000026d  ustrncpy                                                  
00000d57  ustrstr                                                   
00000afd  ustrtof                                                   
000009c5  ustrtoul                                                  
000002c5  uvsnprintf                                                


GLOBAL SYMBOLS: SORTED BY Symbol Address 

address   name                                                      
-------   ----                                                      
00000000  __TI_static_base__                                        
00000000  g_pfnVectors                                              
00000008  __SYSMEM_SIZE                                             
00000200  __STACK_SIZE                                              
0000026d  ustrncpy                                                  
000002c5  uvsnprintf                                                
000006ef  usprintf                                                  
00000721  usnprintf                                                 
00000751  ulocaltime                                                
0000094f  umktime                                                   
000009c5  ustrtoul                                                  
00000afd  ustrtof                                                   
00000d35  ustrlen                                                   
00000d57  ustrstr                                                   
00000d8d  ustrncasecmp                                              
00000e31  ustrcasecmp                                               
00000e45  ustrncmp                                                  
00000ea5  ustrcmp                                                   
00000eb9  usrand                                                    
00000ec9  urand                                                     
00000fdd  UARTStdioConfig                                           
00001063  UARTwrite                                                 
00001103  UARTgets                                                  
0000117f  UARTgetc                                                  
000011d9  UARTvprintf                                               
000014d3  UARTprintf                                                
000014f7  UARTRxBytesAvail                                          
00001505  UARTTxBytesFree                                           
00001519  UARTPeek                                                  
00001573  UARTFlushRx                                               
00001593  UARTFlushTx                                               
000015c9  UARTEchoSet                                               
000015f5  UARTStdioIntHandler                                       
00001751  OnSSI0Interrupt                                           
0000176b  OnSSI1Interrupt                                           
00001785  OnSSI2Interrupt                                           
0000179f  OnSSI3Interrupt                                           
000017b9  _ZN4aeo114ssi_peripheralC1ENS0_9device_idEjjb             
000017b9  _ZN4aeo114ssi_peripheralC2ENS0_9device_idEjjb             
0000185b  _ZN4aeo114ssi_peripheralD1Ev                              
0000185b  _ZN4aeo114ssi_peripheralD2Ev                              
0000186f  _ZN4aeo114ssi_peripheralD0Ev                              
00001885  _ZN4aeo114ssi_peripheral10InitializeEv                    
000019d1  _ZN4aeo114ssi_peripheral11OnInterruptEv                   
00001a6d  _ZN4aeo114ssi_peripheral4DiagEv                           
00001afb  _ZN4aeo114ssi_peripheral9TerminateEv                      
00001b57  _ZN4aeo114ssi_peripheral3PutEj                            
00001b6b  _ZN4aeo114ssi_peripheral3GetEv                            
00001b83  _ZN4aeo114ssi_peripheral10LoadTxFIFOEv                    
00001bb9  _ZN4aeo114ssi_peripheral12UnloadRxFIFOEv                  
00001d4b  _ZN16primary_activityC1Ev                                 
00001d4b  _ZN16primary_activityC2Ev                                 
00001da5  _ZN16primary_activityD1Ev                                 
00001da5  _ZN16primary_activityD2Ev                                 
00001dcd  _ZN16primary_activityD0Ev                                 
00001de3  _ZN16primary_activity10InitializeEv                       
00001e0d  _ZN16primary_activity6OnTickEv                            
00001e9f  _ZN16primary_activity4DiagEv                              
00001ed5  _ZN16primary_activity4InfoEv                              
00001f51  _ZN16primary_activity4SetXEi                              
00001f6f  _ZN16primary_activity4SetYEi                              
00001f91  _ZN16primary_activity7OnTraceEv                           
00001ff5  _ZNK16primary_activity11CheckInputsERibb                  
000020f5  minit                                                     
00002183  malloc                                                    
000021eb  free                                                      
000022ad  realloc                                                   
000023b9  memalign                                                  
0000249d  calloc                                                    
000024d1  OnGPIOBInterrupt                                          
000024ed  OnGPIOEInterrupt                                          
00002509  _ZN4aeo111ssi_drv8711C1Ev                                 
00002509  _ZN4aeo111ssi_drv8711C2Ev                                 
0000253f  _ZN4aeo111ssi_drv8711D1Ev                                 
0000253f  _ZN4aeo111ssi_drv8711D2Ev                                 
0000254d  _ZN4aeo111ssi_drv8711D0Ev                                 
00002563  _ZN4aeo111ssi_drv871110InitializeEv                       
00002639  _ZN4aeo111ssi_drv87114DiagEv                              
00002659  _ZN4aeo111ssi_drv87115SleepEb                             
00002677  _ZN4aeo111ssi_drv87115ResetEv                             
000026a5  _ZN4aeo111ssi_drv871115OnGpioInterruptENS0_5EventE        
000026dd  _ZN4aeo111ssi_drv87114ReadEj                              
0000273f  _ZN4aeo111ssi_drv87115WriteEjj                            
00002791  _ZN4aeo111ssi_drv871111GetRegisterEj                      
000027fd  _ZN4aeo110qei_sensorC1ENS0_9device_idENS0_13configurationE
000027fd  _ZN4aeo110qei_sensorC2ENS0_9device_idENS0_13configurationE
00002837  _ZN4aeo110qei_sensorD1Ev                                  
00002837  _ZN4aeo110qei_sensorD2Ev                                  
00002843  _ZN4aeo110qei_sensorD0Ev                                  
00002859  _ZN4aeo110qei_sensor10InitializeEv                        
00002883  _ZN4aeo110qei_sensor3GetEv                                
000028ab  _ZN4aeo110qei_sensor8GetIndexEv                           
000028e9  _ZN4aeo110qei_sensor3SetEi                                
0000290f  _ZN4aeo110qei_sensor4ZeroEv                               
0000291f  _ZN4aeo110qei_sensor4DiagEv                               
00002ac1  _ZN4aeo111ssi_displayC1ENS_14ssi_peripheral9device_idE    
00002ac1  _ZN4aeo111ssi_displayC2ENS_14ssi_peripheral9device_idE    
00002ae7  _ZN4aeo111ssi_displayD1Ev                                 
00002ae7  _ZN4aeo111ssi_displayD2Ev                                 
00002af5  _ZN4aeo111ssi_displayD0Ev                                 
00002b0b  _ZN4aeo111ssi_display10InitializeEv                       
00002b17  _ZN4aeo111ssi_display4DiagEv                              
00002b29  _ZN4aeo111ssi_display3SetEii                              
00002c07  _ZN4aeo111ssi_display3SetEPKc                             
00002ca5  _ZN4aeo111ssi_display14Digit2SegmentsEjjb                 
00002d29  SysTickIntHandler                                         
00002e47  _Z16PrintProgramInfov                                     
00002e5d  main                                                      
00002e6f  __sti___8_main_cpp_ef05dba4                               
00002f1d  GPIOPadConfigSet                                          
0000304f  __aeabi_idiv0                                             
00003051  _Z8CMD_helpiPPc                                           
000030a1  _Z8CMD_setxiPPc                                           
000030c7  _Z8CMD_setyiPPc                                           
000030ed  _Z8CMD_diagiPPc                                           
000030fd  _Z8CMD_infoiPPc                                           
0000310d  _Z9CMD_traceiPPc                                          
0000311d  _Z7CMD_veriPPc                                            
00003175  SysCtlClockGet                                            
00003285  SysCtlClockSet                                            
00003379  __cxa_finalize                                            
000033bb  __cxa_ia64_exit                                           
000033c1  atexit                                                    
000033cf  __aeabi_atexit                                            
00003413  __cxa_atexit                                              
0000346d  _ZSt21__gen_dummy_typeinfosv                              
00003475  _ZNSt9type_infoD1Ev                                       
00003475  _ZNSt9type_infoD2Ev                                       
00003477  _ZNSt9type_infoD0Ev                                       
0000347f  _ZNKSt9type_info4nameEv                                   
00003483  _ZNKSt9type_infoneERKS_                                   
00003499  _ZNKSt9type_infoeqERKS_                                   
000034af  _ZNKSt9type_info6beforeERKS_                              
000034bd  _ZN10__cxxabiv129__pointer_to_member_type_infoD1Ev        
000034bd  _ZN10__cxxabiv129__pointer_to_member_type_infoD2Ev        
000034bf  _ZN10__cxxabiv129__pointer_to_member_type_infoD0Ev        
000034c7  _ZN10__cxxabiv123__fundamental_type_infoD1Ev              
000034c7  _ZN10__cxxabiv123__fundamental_type_infoD2Ev              
000034c9  _ZN10__cxxabiv123__fundamental_type_infoD0Ev              
000034d1  _ZN10__cxxabiv121__vmi_class_type_infoD1Ev                
000034d1  _ZN10__cxxabiv121__vmi_class_type_infoD2Ev                
000034d3  _ZN10__cxxabiv121__vmi_class_type_infoD0Ev                
000034db  _ZN10__cxxabiv120__si_class_type_infoD1Ev                 
000034db  _ZN10__cxxabiv120__si_class_type_infoD2Ev                 
000034dd  _ZN10__cxxabiv120__si_class_type_infoD0Ev                 
000034e5  _ZN10__cxxabiv120__function_type_infoD1Ev                 
000034e5  _ZN10__cxxabiv120__function_type_infoD2Ev                 
000034e7  _ZN10__cxxabiv120__function_type_infoD0Ev                 
000034ef  _ZN10__cxxabiv119__pointer_type_infoD1Ev                  
000034ef  _ZN10__cxxabiv119__pointer_type_infoD2Ev                  
000034f1  _ZN10__cxxabiv119__pointer_type_infoD0Ev                  
000034f9  _ZN10__cxxabiv117__pbase_type_infoD1Ev                    
000034f9  _ZN10__cxxabiv117__pbase_type_infoD2Ev                    
000034fb  _ZN10__cxxabiv117__pbase_type_infoD0Ev                    
00003503  _ZN10__cxxabiv117__class_type_infoD1Ev                    
00003503  _ZN10__cxxabiv117__class_type_infoD2Ev                    
00003505  _ZN10__cxxabiv117__class_type_infoD0Ev                    
0000350d  _ZN10__cxxabiv117__array_type_infoD1Ev                    
0000350d  _ZN10__cxxabiv117__array_type_infoD2Ev                    
0000350f  _ZN10__cxxabiv117__array_type_infoD0Ev                    
00003517  _ZN10__cxxabiv116__enum_type_infoD1Ev                     
00003517  _ZN10__cxxabiv116__enum_type_infoD2Ev                     
00003519  _ZN10__cxxabiv116__enum_type_infoD0Ev                     
00003529  CmdLineProcess                                            
000035d5  __aeabi_memcpy                                            
000035d5  __aeabi_memcpy4                                           
000035d5  __aeabi_memcpy8                                           
000035d5  memcpy                                                    
00003671  __aeabi_memclr                                            
00003671  __aeabi_memclr4                                           
00003671  __aeabi_memclr8                                           
00003673  __aeabi_memset                                            
00003673  __aeabi_memset4                                           
00003673  __aeabi_memset8                                           
00003679  memset                                                    
000036ed  __TI_auto_init                                            
000037c5  IntDisable                                                
0000382d  IntEnable                                                 
00003895  _ZN4aeo113Alpha7SegmentEc                                 
000038f9  GPIOIntTypeSet                                            
00003951  _c_int00                                                  
000039a1  copy_in                                                   
000039ed  GPIOPinConfigure                                          
00003a35  UARTConfigSetExpClk                                       
00003a7d  C$$EXIT                                                   
00003a81  abort                                                     
00003a89  exit                                                      
00003ac1  __aeabi_uidiv                                             
00003ac1  __aeabi_uidivmod                                          
00003b01  SSIConfigSetExpClk                                        
00003b3d  SysCtlPeripheralPresent                                   
00003b75  SysCtlPeripheralEnable                                    
00003ba9  GPIODirModeSet                                            
00003bd5  UARTDisable                                               
00003bf5  _ZN16primary_activity5TraceEv                             
00003c13  GPIOPinTypeGPIOOutput                                     
00003c2d  _args_main                                                
00003c45  strcmp                                                    
00003c5d  FPUStackingEnable                                         
00003c71  SysTickEnable                                             
00003c85  SysTickIntEnable                                          
00003c99  UARTEnable                                                
00003cad  _register_unlock                                          
00003cb3  _register_lock                                            
00003cbb  _nop                                                      
00003cc1  GPIOPinTypeGPIOInput                                      
00003cd3  GPIOPinTypeQEI                                            
00003ce5  GPIOPinTypeSSI                                            
00003cf7  GPIOPinTypeUART                                           
00003d09  SSIDataGetNonBlocking                                     
00003d1d  FPUEnable                                                 
00003d2d  IntMasterDisable                                          
00003d3d  IntMasterEnable                                           
00003d4d  SysTickPeriodSet                                          
00003d5d  _ZNK4aeo114ssi_peripheral7IsEmptyEv                       
00003d6d  QEIConfigure                                              
00003d7b  SSIDataPutNonBlocking                                     
00003d89  UARTCharGetNonBlocking                                    
00003d97  UARTCharPutNonBlocking                                    
00003da5  UARTCharsAvail                                            
00003db3  UARTSpaceAvail                                            
00003dc1  __TI_decompress_none                                      
00003dcf  CPUcpsid                                                  
00003ddb  CPUcpsie                                                  
00003de7  GPIOIntEnable                                             
00003df3  SSIDataGet                                                
00003dff  _ZN4aeo111ssi_display4OnTxEv                              
00003e0b  __TI_zero_init                                            
00003e17  ResetISR                                                  
00003e23  QEIEnable                                                 
00003e2d  SSIDataPut                                                
00003e37  SSIDisable                                                
00003e41  SSIEnable                                                 
00003e4b  SSIIntDisable                                             
00003e55  SSIIntStatus                                              
00003e5f  UARTIntDisable                                            
00003e69  UARTIntStatus                                             
00003e73  _ZN4aeo114ssi_peripheral4OnRxEv                           
00003e7d  _ZN4aeo114ssi_peripheral4OnTxEv                           
00003e87  SSIIntEnable                                              
00003e8f  UARTIntEnable                                             
00003e97  _ZdlPv                                                    
00003e9f  GPIOIntClear                                              
00003ea5  GPIOPinRead                                               
00003eab  GPIOPinWrite                                              
00003eb1  SysCtlDelay                                               
00003eb7  UARTClockSourceSet                                        
00003ebd  UARTFIFOLevelSet                                          
00003ec3  __TI_decompress_rle24                                     
00003ec9  QEIPositionGet                                            
00003ecd  QEIPositionSet                                            
00003ed1  SSIIntClear                                               
00003ed5  UARTIntClear                                              
00003ed9  _system_pre_init                                          
00003faa  _ZTSe                                                     
000041d8  _ZTSN10__cxxabiv123__fundamental_type_infoE               
00004200  _ZTVN4aeo111ssi_displayE                                  
00004228  _ZTVN4aeo111ssi_drv8711E                                  
00004250  _ZTVN4aeo114ssi_peripheralE                               
000042a0  _ZTSN10__cxxabiv120__si_class_type_infoE                  
000042c5  _ZTSN10__cxxabiv119__pointer_type_infoE                   
000042e9  _ZTSN10__cxxabiv117__class_type_infoE                     
0000430b  _ZTSN10__cxxabiv117__pbase_type_infoE                     
0000434c  _ZTSN4aeo114ssi_peripheralE                               
00004364  _ZTSN4aeo111ssi_displayE                                  
00004379  _ZTSN4aeo111ssi_drv8711E                                  
0000438e  _ZTSN4aeo110qei_sensorE                                   
000043a2  _ZTS16primary_activity                                    
000043f0  _ZTIPKe                                                   
00004400  _ZTV16primary_activity                                    
00004410  _ZTVN10__cxxabiv117__class_type_infoE                     
00004420  _ZTVN10__cxxabiv119__pointer_type_infoE                   
00004430  _ZTVN10__cxxabiv120__si_class_type_infoE                  
00004440  _ZTVN10__cxxabiv123__fundamental_type_infoE               
00004450  _ZTVN4aeo110qei_sensorE                                   
00004460  _ZTSSt9type_info                                          
00004470  _ZTIN10__cxxabiv117__class_type_infoE                     
0000447c  _ZTIN10__cxxabiv117__pbase_type_infoE                     
00004488  _ZTIN10__cxxabiv119__pointer_type_infoE                   
00004494  _ZTIN10__cxxabiv120__si_class_type_infoE                  
000044a0  _ZTIN10__cxxabiv123__fundamental_type_infoE               
000044ac  _ZTIN4aeo111ssi_displayE                                  
000044b8  _ZTIN4aeo111ssi_drv8711E                                  
000044c4  _ZTI16primary_activity                                    
000044cc  _ZTIN4aeo110qei_sensorE                                   
000044d4  _ZTIN4aeo114ssi_peripheralE                               
000044dc  _ZTISt9type_info                                          
000044e4  _ZTIe                                                     
000044ec  _ZTSPKe                                                   
000044f0  SHT$$INIT_ARRAY$$Base                                     
000044f4  SHT$$INIT_ARRAY$$Limit                                    
00004638  __TI_Handler_Table_Base                                   
00004644  __TI_Handler_Table_Limit                                  
00004650  __TI_CINIT_Base                                           
00004660  __TI_CINIT_Limit                                          
20000400  g_oPrimaryActivity                                        
20000634  _ZSt16__dummy_typeinfo                                    
20000638  __dso_handle                                              
20000644  __stack                                                   
20000844  __STACK_END                                               
20000844  __STACK_TOP                                               
20000844  g_psCmdTable                                              
200008a4  _ZN4aeo118SSI0_SpecificationE                             
200008d8  _ZN4aeo118SSI1_SpecificationE                             
2000090c  _ZN4aeo118SSI2_SpecificationE                             
20000940  _ZN4aeo118SSI3_SpecificationE                             
200009b0  _lock                                                     
200009b4  _unlock                                                   
200009b8  __TI_cleanup_ptr                                          
200009bc  __TI_dtors_ptr                                            
200009c8  main_func_sp                                              
200009d0  _sys_memory                                               
ffffffff  __binit__                                                 
ffffffff  __c_args__                                                
ffffffff  binit                                                     

[315 symbols]
